<mapping>
 <doc oldid="FrontMatterTitle1" newids="FrontMatterTitle2"></doc>
</mapping>