<mapping>
 <doc oldid="archibald_rc_app_a_10_criminal_code_offences-html" newids="I01383788fcd011ea9dd1f909b0f2c422;I9dd4f453cdc211ea9bb88f52f697469d;I9dd4f456cdc211ea9bb88f52f697469d;I9dd4f459cdc211ea9bb88f52f697469d;I9dd4f45ccdc211ea9bb88f52f697469d;I9dd4f45fcdc211ea9bb88f52f697469d;I9dd4f462cdc211ea9bb88f52f697469d;I9dd51b45cdc211ea9bb88f52f697469d;I9dd51b5acdc211ea9bb88f52f697469d;I9dd51b5dcdc211ea9bb88f52f697469d;I9dd51b60cdc211ea9bb88f52f697469d;I9dd51b63cdc211ea9bb88f52f697469d"></doc>
 <doc oldid="archibald_rc_app_a_12_corruption_of_foreign_public_officials_act-html" newids=""></doc>
 <doc oldid="archibald_rc_app_a_15_controlled_drugs_and_substances_act-html" newids=""></doc>
 <doc oldid="archibald_rc_app_a_16_penalties_for_non_compliance_with_part_1_of_the_proceed-html" newids=""></doc>
 <doc oldid="archibald_rc_app_a_17_offences_under_copyright_act-html" newids=""></doc>
 <doc oldid="archibald_rc_app_a_20_taxation_offences-html" newids=""></doc>
 <doc oldid="archibald_rc_app_a_30_offences_under_competition_act-html" newids="I0138378efcd011ea9dd1f909b0f2c422;I9dd59075cdc211ea9bb88f52f697469d;I9dd5b78ecdc211ea9bb88f52f697469d;I9dd6a1e8cdc211ea9bb88f52f697469d;I9dd6a203cdc211ea9bb88f52f697469d;I9dd6c907cdc211ea9bb88f52f697469d;I9dd6c90acdc211ea9bb88f52f697469d;I9dd6c90dcdc211ea9bb88f52f697469d;I9dd71733cdc211ea9bb88f52f697469d;I9dd73e3fcdc211ea9bb88f52f697469d;I9dd73e42cdc211ea9bb88f52f697469d;I9dd73e45cdc211ea9bb88f52f697469d"></doc>
 <doc oldid="archibald_rc_app_a_32_violation_of_unsolicited_telecommunications_rules-html" newids=""></doc>
 <doc oldid="archibald_rc_app_a_33_administrative_monetary_penalties_and_monetary_penaltie-html" newids=""></doc>
 <doc oldid="archibald_rc_app_a_34_financial_consumer_agency_of_canada_act_administrative_-html" newids=""></doc>
 <doc oldid="archibald_rc_app_a_35_agriculture_and_agri_food_administrative_monetary_penal-html" newids=""></doc>
 <doc oldid="archibald_rc_app_a_36_offences_under_provincial_securities_acts-html" newids=""></doc>
 <doc oldid="archibald_rc_app_a_37_mortgage_brokerages_lenders_and_administrators_act_2006-html" newids=""></doc>
 <doc oldid="archibald_rc_app_a_38_commodity_futures_act_ont_administrative_monetary_penal-html" newids=""></doc>
 <doc oldid="archibald_rc_app_a_39_mutual_fund_dealers_association_of_canada-html" newids="I9dab8952e3b211ea811ce85fa49df2ad;I9dd93a16cdc211ea9bb88f52f697469d"></doc>
 <doc oldid="archibald_rc_app_a_40_offences_against_environment-html" newids="I01383794fcd011ea9dd1f909b0f2c422;I9dab8955e3b211ea811ce85fa49df2ad;I9dab8958e3b211ea811ce85fa49df2ad;I9dab895ee3b211ea811ce85fa49df2ad;I9dd9611dcdc211ea9bb88f52f697469d;I9dd9af46cdc211ea9bb88f52f697469d;I9dd9d638cdc211ea9bb88f52f697469d;I9dd9d63bcdc211ea9bb88f52f697469d;I9dd9d650cdc211ea9bb88f52f697469d;I9dd9fd45cdc211ea9bb88f52f697469d;I9dd9fd4bcdc211ea9bb88f52f697469d;I9dd9fd60cdc211ea9bb88f52f697469d;I9dd9fd6ccdc211ea9bb88f52f697469d;I9dd9fd72cdc211ea9bb88f52f697469d;I9dd9fd78cdc211ea9bb88f52f697469d;I9dda2452cdc211ea9bb88f52f697469d;I9dda2455cdc211ea9bb88f52f697469d;I9dda4b68cdc211ea9bb88f52f697469d;I9dda4b6ecdc211ea9bb88f52f697469d;I9dda4b83cdc211ea9bb88f52f697469d;I9dda4b92cdc211ea9bb88f52f697469d;I9ddb83f7cdc211ea9bb88f52f697469d;I9ddb8400cdc211ea9bb88f52f697469d;I9ddb840ccdc211ea9bb88f52f697469d;I9ddb840fcdc211ea9bb88f52f697469d;I9ddbd205cdc211ea9bb88f52f697469d;I9ddbd20bcdc211ea9bb88f52f697469d;I9ddbf91bcdc211ea9bb88f52f697469d;I9ddbf948cdc211ea9bb88f52f697469d;I9ddc2022cdc211ea9bb88f52f697469d;I9ddc2037cdc211ea9bb88f52f697469d;I9ddc2040cdc211ea9bb88f52f697469d;I9ddc2043cdc211ea9bb88f52f697469d;I9ddc2046cdc211ea9bb88f52f697469d;I9ddc2049cdc211ea9bb88f52f697469d;I9ddc4744cdc211ea9bb88f52f697469d;I9ddc474dcdc211ea9bb88f52f697469d;I9ddc6e45cdc211ea9bb88f52f697469d;I9ddc6e48cdc211ea9bb88f52f697469d;I9ddc6e51cdc211ea9bb88f52f697469d;I9ddc6e54cdc211ea9bb88f52f697469d;I9ddc6e57cdc211ea9bb88f52f697469d;I9ddc6e5acdc211ea9bb88f52f697469d;I9ddc6e5dcdc211ea9bb88f52f697469d;I9ddc6e60cdc211ea9bb88f52f697469d;I9dddcde7cdc211ea9bb88f52f697469d;I9dddcdeacdc211ea9bb88f52f697469d;I9dde9122cdc211ea9bb88f52f697469d;I9dde9125cdc211ea9bb88f52f697469d;I9dde912bcdc211ea9bb88f52f697469d;I9dde912ecdc211ea9bb88f52f697469d;I9dde913acdc211ea9bb88f52f697469d;I9dde913dcdc211ea9bb88f52f697469d;I9dde9143cdc211ea9bb88f52f697469d;I9dde9149cdc211ea9bb88f52f697469d;I9ddeb841cdc211ea9bb88f52f697469d;I9ddeb847cdc211ea9bb88f52f697469d;I9e055308cdc211ea9bb88f52f697469d;I9e05530bcdc211ea9bb88f52f697469d;I9e05530ecdc211ea9bb88f52f697469d;I9e055314cdc211ea9bb88f52f697469d;I9e055317cdc211ea9bb88f52f697469d;I9e05531dcdc211ea9bb88f52f697469d;I9e055329cdc211ea9bb88f52f697469d;I9e05532fcdc211ea9bb88f52f697469d;I9e055332cdc211ea9bb88f52f697469d;I9e055335cdc211ea9bb88f52f697469d;I9e055338cdc211ea9bb88f52f697469d;I9e057a15cdc211ea9bb88f52f697469d;I9e057a18cdc211ea9bb88f52f697469d;I9e057a1bcdc211ea9bb88f52f697469d;I9e057a1ecdc211ea9bb88f52f697469d;I9e057a21cdc211ea9bb88f52f697469d"></doc>
 <doc oldid="archibald_rc_app_a_50_occupational_health_and_safety-html" newids="I9dab8964e3b211ea811ce85fa49df2ad;I9dab8967e3b211ea811ce85fa49df2ad;I9e057a24cdc211ea9bb88f52f697469d;I9e057a30cdc211ea9bb88f52f697469d;I9e057a45cdc211ea9bb88f52f697469d;I9e057a4ecdc211ea9bb88f52f697469d;I9e057a54cdc211ea9bb88f52f697469d;I9e057a57cdc211ea9bb88f52f697469d;I9e057a5acdc211ea9bb88f52f697469d;I9e057a63cdc211ea9bb88f52f697469d;I9e05c851cdc211ea9bb88f52f697469d;I9e06b2bccdc211ea9bb88f52f697469d;I9e06d9a2cdc211ea9bb88f52f697469d;I9e0700cdcdc211ea9bb88f52f697469d;I9e07eb12cdc211ea9bb88f52f697469d;I9e08605acdc211ea9bb88f52f697469d;I9e086069cdc211ea9bb88f52f697469d;I9e08876dcdc211ea9bb88f52f697469d;I9e088773cdc211ea9bb88f52f697469d;I9e088776cdc211ea9bb88f52f697469d;I9e0971c1cdc211ea9bb88f52f697469d;I9e0aaa4dcdc211ea9bb88f52f697469d;I9e0aaa50cdc211ea9bb88f52f697469d;I9e0aaa53cdc211ea9bb88f52f697469d;I9e0aaa56cdc211ea9bb88f52f697469d;I9e0aaa59cdc211ea9bb88f52f697469d;I9e0aaa5ccdc211ea9bb88f52f697469d;I9e0aaa5fcdc211ea9bb88f52f697469d;I9e0ad151cdc211ea9bb88f52f697469d;I9e0ad154cdc211ea9bb88f52f697469d;I9e0ad15acdc211ea9bb88f52f697469d;I9e0ad15dcdc211ea9bb88f52f697469d;I9e0ad160cdc211ea9bb88f52f697469d;I9e0ad166cdc211ea9bb88f52f697469d;I9e0ad169cdc211ea9bb88f52f697469d;I9e0ad16ccdc211ea9bb88f52f697469d;I9e0ad16fcdc211ea9bb88f52f697469d"></doc>
 <doc oldid="archibald_rc_app_a_60_miscellaneous_regulatory_offences-html" newids="I0138379afcd011ea9dd1f909b0f2c422;I0138379dfcd011ea9dd1f909b0f2c422;I013837a6fcd011ea9dd1f909b0f2c422;I9e0ad172cdc211ea9bb88f52f697469d;I9e0ad175cdc211ea9bb88f52f697469d;I9e0ad178cdc211ea9bb88f52f697469d;I9e0ad17bcdc211ea9bb88f52f697469d;I9e0ad17ecdc211ea9bb88f52f697469d;I9e0af852cdc211ea9bb88f52f697469d;I9e0af85ecdc211ea9bb88f52f697469d;I9e0af861cdc211ea9bb88f52f697469d;I9e0af86acdc211ea9bb88f52f697469d;I9e0af86dcdc211ea9bb88f52f697469d;I9e0af870cdc211ea9bb88f52f697469d;I9e0af876cdc211ea9bb88f52f697469d;I9e0b1f68cdc211ea9bb88f52f697469d;I9e0b1f71cdc211ea9bb88f52f697469d;I9e0b1f95cdc211ea9bb88f52f697469d;I9e0b1f98cdc211ea9bb88f52f697469d;I9e0b1f9bcdc211ea9bb88f52f697469d;I9e0b467ecdc211ea9bb88f52f697469d;I9e0b4684cdc211ea9bb88f52f697469d;I9e0b468acdc211ea9bb88f52f697469d;I9e0b468dcdc211ea9bb88f52f697469d;I9e0b4693cdc211ea9bb88f52f697469d;I9e0b469ccdc211ea9bb88f52f697469d;I9e0b469fcdc211ea9bb88f52f697469d;I9e0b46a2cdc211ea9bb88f52f697469d;I9e0b46a5cdc211ea9bb88f52f697469d;I9e0b46a8cdc211ea9bb88f52f697469d;I9e0b6d82cdc211ea9bb88f52f697469d;I9e0b6d85cdc211ea9bb88f52f697469d;I9e0b6d88cdc211ea9bb88f52f697469d"></doc>
 <doc oldid="archibald_rc_app_appendix_a_leading_and_seminal_cases_in_sentencing-1-html" newids=""></doc>
 <doc oldid="archibald_rc_app_appendix_a_leading_and_seminal_cases_in_sentencing-html" newids="I9dd47f02cdc211ea9bb88f52f697469d"></doc>
 <doc oldid="archibald_rc_app_appendix_b_due_diligence_table-html" newids=""></doc>
 <doc oldid="archibald_rc_app_b_10_offences_against_environment-html" newids="I9e0ca602cdc211ea9bb88f52f697469d;I9e0ccd21cdc211ea9bb88f52f697469d;I9e0ccd24cdc211ea9bb88f52f697469d;I9e0ccd30cdc211ea9bb88f52f697469d;I9e0ccd42cdc211ea9bb88f52f697469d;I9e0ccd45cdc211ea9bb88f52f697469d"></doc>
 <doc oldid="archibald_rc_app_b_20_occupational_health_and_safety-html" newids="I9e0e53c6cdc211ea9bb88f52f697469d;I9e0e7adacdc211ea9bb88f52f697469d;I9e0ea1e0cdc211ea9bb88f52f697469d;I9e0ea1e3cdc211ea9bb88f52f697469d;I9e0ea1f2cdc211ea9bb88f52f697469d;I9e0ea1f8cdc211ea9bb88f52f697469d;I9e0ea1fecdc211ea9bb88f52f697469d;I9e0ea204cdc211ea9bb88f52f697469d;I9e0ec8eecdc211ea9bb88f52f697469d;I9e0ec8f1cdc211ea9bb88f52f697469d;I9e0ec8f7cdc211ea9bb88f52f697469d;I9e0eeffecdc211ea9bb88f52f697469d;I9e0ef001cdc211ea9bb88f52f697469d;I9e0ef004cdc211ea9bb88f52f697469d;I9e0ef007cdc211ea9bb88f52f697469d;I9e0ef010cdc211ea9bb88f52f697469d;I9e0f171acdc211ea9bb88f52f697469d;I9e0f171dcdc211ea9bb88f52f697469d;I9e0f1720cdc211ea9bb88f52f697469d;I9e0f1723cdc211ea9bb88f52f697469d"></doc>
 <doc oldid="archibald_rc_app_b_30_offences_under_smoke_free_ontario_act-html" newids=""></doc>
 <doc oldid="archibald_rc_app_b_40_failure_to_comply_with_the_signage_and_traffic_control_-html" newids=""></doc>
 <doc oldid="archibald_rc_app_b_50_offences_under_securities_legislation-html" newids=""></doc>
 <doc oldid="archibald_rc_app_b_offences_under_ontario_water_resources_act-html" newids="I9e0ccd48cdc211ea9bb88f52f697469d"></doc>
 <doc oldid="archibald_rc_app_c_offences_under_ontarios_pesticides_act-html" newids="I9e0cf42ecdc211ea9bb88f52f697469d"></doc>
 <doc oldid="archibald_rc_app_d_offences_under_ontarios_forestry_act-html" newids="I9e0cf431cdc211ea9bb88f52f697469d"></doc>
 <doc oldid="archibald_rc_app_e_offences_under_ontarios_conservation_authorities_act-html" newids="I9e0cf434cdc211ea9bb88f52f697469d"></doc>
 <doc oldid="archibald_rc_app_f_1_offences_under_albertas_water_act-html" newids="I9e0cf449cdc211ea9bb88f52f697469d"></doc>
 <doc oldid="archibald_rc_app_f_offences_under_albertas_environmental_protection_and_enhan-html" newids="I9e0cf43acdc211ea9bb88f52f697469d"></doc>
 <doc oldid="archibald_rc_app_g_offences_under_albertas_transportation_of_dangerous_goods_-html" newids="I9e0cf44ccdc211ea9bb88f52f697469d"></doc>
 <doc oldid="archibald_rc_app_h_offences_under_newfoundland_and_labradors_waste_material_d-html" newids="I9e0cf44fcdc211ea9bb88f52f697469d"></doc>
 <doc oldid="archibald_rc_app_i_offences_under_british_columbias_waste_management_act-html" newids="I9e0cf452cdc211ea9bb88f52f697469d"></doc>
 <doc oldid="archibald_rc_app_j_offences_under_british_columbias_clean_air_act-html" newids="I9e0d1b3bcdc211ea9bb88f52f697469d"></doc>
 <doc oldid="archibald_rc_app_k_offences_under_british_columbias_forest_practices_code_of_-html" newids="I9e0d1b3ecdc211ea9bb88f52f697469d"></doc>
 <doc oldid="archibald_rc_app_l_1_offences_under_british_columbias_tree_protection_bylaw-html" newids="I9e0d1b47cdc211ea9bb88f52f697469d"></doc>
 <doc oldid="archibald_rc_app_l_2_environmental_management_act_and_open_burning_smoke_cont-html" newids=""></doc>
 <doc oldid="archibald_rc_app_l_offences_under_british_columbia_municipal_soil_by_laws-html" newids="I9e0d1b41cdc211ea9bb88f52f697469d"></doc>
 <doc oldid="archibald_rc_app_m_offences_under_saskatchewans_the_wildlife_habitat_protecti-html" newids="I9e0d1b4dcdc211ea9bb88f52f697469d"></doc>
 <doc oldid="archibald_rc_app_n_offences_under_nova_scotias_environment_act-html" newids="I9e0d1b53cdc211ea9bb88f52f697469d"></doc>
 <doc oldid="archibald_rc_app_o_offences_under_nova_scotias_environmental_protection_act-html" newids="I9e0d1b59cdc211ea9bb88f52f697469d"></doc>
 <doc oldid="archibald_rc_app_p_offences_under_nova_scotias_water_act-html" newids="I9e0d1b5ccdc211ea9bb88f52f697469d"></doc>
 <doc oldid="archibald_rc_app_q_offences_under_new_brunswicks_clean_environment_act-html" newids="I9e0d1b5fcdc211ea9bb88f52f697469d"></doc>
 <doc oldid="archibald_rc_app_r_offences_under_prince_edward_islands_environmental_protect-html" newids="I9e0d1b62cdc211ea9bb88f52f697469d"></doc>
 <doc oldid="archibald_rc_app_s_offences_under_nunavuts_environmental_tobacco_smoke_work_s-html" newids="I9e0d1b65cdc211ea9bb88f52f697469d"></doc>
 <doc oldid="archibald_rc_app_t_offences_under_yukon_waters_act-html" newids="I9e0d1b68cdc211ea9bb88f52f697469d"></doc>
 <doc oldid="archibald_rc_app_u_offences_under_federal_legislation-html" newids="I9e0d1b6bcdc211ea9bb88f52f697469d;I9e0d425dcdc211ea9bb88f52f697469d;I9e0d4263cdc211ea9bb88f52f697469d;I9e0d4272cdc211ea9bb88f52f697469d;I9e0d6964cdc211ea9bb88f52f697469d;I9e0e53b4cdc211ea9bb88f52f697469d;I9e0e53b7cdc211ea9bb88f52f697469d;I9e0e53bacdc211ea9bb88f52f697469d"></doc>
 <doc oldid="archibald_rc_app_v_offences_under_quebecs_environmental_quality_act-html" newids="I9e0e53c0cdc211ea9bb88f52f697469d"></doc>
 <doc oldid="archibald_rc_app_w_offences_under_yukons_environment_act-html" newids="I9e0e53c3cdc211ea9bb88f52f697469d"></doc>
 <doc oldid="archibald_rc_com_1-1-html" newids="Iffeee3549b5611ea99ceec6cca1d5c1a;Iffeee3579b5611ea99ceec6cca1d5c1a;Iffeee35a9b5611ea99ceec6cca1d5c1a;Iffeee35d9b5611ea99ceec6cca1d5c1a;Iffeee3609b5611ea99ceec6cca1d5c1a;Iffeee3639b5611ea99ceec6cca1d5c1a;Iffeee3669b5611ea99ceec6cca1d5c1a;Iffeee3699b5611ea99ceec6cca1d5c1a;Iffeee36c9b5611ea99ceec6cca1d5c1a;Iffeee36f9b5611ea99ceec6cca1d5c1a;Iffeee3729b5611ea99ceec6cca1d5c1a;Iffeee3759b5611ea99ceec6cca1d5c1a;Iffeee3789b5611ea99ceec6cca1d5c1a;Iffeee37e9b5611ea99ceec6cca1d5c1a;Iffeee3819b5611ea99ceec6cca1d5c1a;Iffeee3849b5611ea99ceec6cca1d5c1a;Iffeee3879b5611ea99ceec6cca1d5c1a;Iffeee38a9b5611ea99ceec6cca1d5c1a;Iffef0a529b5611ea99ceec6cca1d5c1a;Iffef0a589b5611ea99ceec6cca1d5c1a;Iffef0a5b9b5611ea99ceec6cca1d5c1a;Iffef0a5e9b5611ea99ceec6cca1d5c1a;Iffef0a619b5611ea99ceec6cca1d5c1a"></doc>
 <doc oldid="archibald_rc_com_1-2-html" newids="Ib2e1a2f4cb5211ea9b868e84fdaf7cc5;Iffef0a649b5611ea99ceec6cca1d5c1a;Iffef0a679b5611ea99ceec6cca1d5c1a;Iffef0a6a9b5611ea99ceec6cca1d5c1a;Iffef0a6d9b5611ea99ceec6cca1d5c1a;Iffef0a709b5611ea99ceec6cca1d5c1a;Iffef0a739b5611ea99ceec6cca1d5c1a;Iffef0a769b5611ea99ceec6cca1d5c1a;Iffef0a799b5611ea99ceec6cca1d5c1a;Iffef0a7c9b5611ea99ceec6cca1d5c1a;Iffef0a7f9b5611ea99ceec6cca1d5c1a;Iffef0a829b5611ea99ceec6cca1d5c1a;Iffef0a859b5611ea99ceec6cca1d5c1a"></doc>
 <doc oldid="archibald_rc_com_1-html" newids="Iffeebc739b5611ea99ceec6cca1d5c1a;Iffeebc769b5611ea99ceec6cca1d5c1a;Iffeebc799b5611ea99ceec6cca1d5c1a;Iffeebc7c9b5611ea99ceec6cca1d5c1a;Iffeebc7f9b5611ea99ceec6cca1d5c1a;Iffeebc829b5611ea99ceec6cca1d5c1a;Iffeebc859b5611ea99ceec6cca1d5c1a;Iffeebc889b5611ea99ceec6cca1d5c1a;Iffeebc8b9b5611ea99ceec6cca1d5c1a;Iffeee3429b5611ea99ceec6cca1d5c1a;Iffeee3459b5611ea99ceec6cca1d5c1a;Iffeee3489b5611ea99ceec6cca1d5c1a;Iffeee34b9b5611ea99ceec6cca1d5c1a;Iffeee34e9b5611ea99ceec6cca1d5c1a;Iffeee3519b5611ea99ceec6cca1d5c1a"></doc>
 <doc oldid="archibald_rc_com_10-html" newids="Ib2e1ca05cb5211ea9b868e84fdaf7cc5;Ifff06a0f9b5611ea99ceec6cca1d5c1a;Ifff06a129b5611ea99ceec6cca1d5c1a;Ifff06a159b5611ea99ceec6cca1d5c1a;Ifff06a1e9b5611ea99ceec6cca1d5c1a"></doc>
 <doc oldid="archibald_rc_com_11-html" newids="Ifff06a219b5611ea99ceec6cca1d5c1a;Ifff06a249b5611ea99ceec6cca1d5c1a;Ifff06a279b5611ea99ceec6cca1d5c1a;Ifff06a2a9b5611ea99ceec6cca1d5c1a;Ifff06a2d9b5611ea99ceec6cca1d5c1a;Ifff06a309b5611ea99ceec6cca1d5c1a;Ifff06a339b5611ea99ceec6cca1d5c1a;Ifff06a369b5611ea99ceec6cca1d5c1a;Ifff090f29b5611ea99ceec6cca1d5c1a;Ifff090f59b5611ea99ceec6cca1d5c1a"></doc>
 <doc oldid="archibald_rc_com_12-html" newids="Ifff090f89b5611ea99ceec6cca1d5c1a;Ifff090fb9b5611ea99ceec6cca1d5c1a;Ifff090fe9b5611ea99ceec6cca1d5c1a;Ifff091019b5611ea99ceec6cca1d5c1a;Ifff091049b5611ea99ceec6cca1d5c1a;Ifff091079b5611ea99ceec6cca1d5c1a;Ifff0910a9b5611ea99ceec6cca1d5c1a"></doc>
 <doc oldid="archibald_rc_com_13-html" newids="Ifff0910d9b5611ea99ceec6cca1d5c1a;Ifff091109b5611ea99ceec6cca1d5c1a;Ifff091139b5611ea99ceec6cca1d5c1a;Ifff091169b5611ea99ceec6cca1d5c1a;Ifff091199b5611ea99ceec6cca1d5c1a;Ifff0911c9b5611ea99ceec6cca1d5c1a;Ifff0911f9b5611ea99ceec6cca1d5c1a;Ifff091229b5611ea99ceec6cca1d5c1a;Ifff091259b5611ea99ceec6cca1d5c1a;Ifff091289b5611ea99ceec6cca1d5c1a"></doc>
 <doc oldid="archibald_rc_com_14-1-html" newids="Ifff0b8369b5611ea99ceec6cca1d5c1a;Ifff0b8399b5611ea99ceec6cca1d5c1a;Ifff0b83f9b5611ea99ceec6cca1d5c1a;Ifff0b8429b5611ea99ceec6cca1d5c1a;Ifff0b8459b5611ea99ceec6cca1d5c1a;Ifff0b8489b5611ea99ceec6cca1d5c1a;Ifff0b84b9b5611ea99ceec6cca1d5c1a;Ifff0b84e9b5611ea99ceec6cca1d5c1a;Ifff0b8549b5611ea99ceec6cca1d5c1a;Ifff0df129b5611ea99ceec6cca1d5c1a;Ifff0df159b5611ea99ceec6cca1d5c1a;Ifff0df189b5611ea99ceec6cca1d5c1a;Ifff0df1b9b5611ea99ceec6cca1d5c1a;Ifff0df1e9b5611ea99ceec6cca1d5c1a;Ifff0df219b5611ea99ceec6cca1d5c1a;Ifff0df249b5611ea99ceec6cca1d5c1a;Ifff0df279b5611ea99ceec6cca1d5c1a;Ifff0df2a9b5611ea99ceec6cca1d5c1a;Ifff0df2d9b5611ea99ceec6cca1d5c1a;Ifff0df309b5611ea99ceec6cca1d5c1a;Ifff0df339b5611ea99ceec6cca1d5c1a;Ifff0df369b5611ea99ceec6cca1d5c1a;Ifff0df399b5611ea99ceec6cca1d5c1a;Ifff0df3c9b5611ea99ceec6cca1d5c1a;Ifff0df3f9b5611ea99ceec6cca1d5c1a;Ifff0df429b5611ea99ceec6cca1d5c1a;Ifff0df459b5611ea99ceec6cca1d5c1a;Ifff0df489b5611ea99ceec6cca1d5c1a;Ifff0df4b9b5611ea99ceec6cca1d5c1a;Ifff0df4e9b5611ea99ceec6cca1d5c1a;Ifff0df519b5611ea99ceec6cca1d5c1a;Ifff0df549b5611ea99ceec6cca1d5c1a;Ifff0df5a9b5611ea99ceec6cca1d5c1a;Ifff106219b5611ea99ceec6cca1d5c1a;Ifff106249b5611ea99ceec6cca1d5c1a;Ifff106279b5611ea99ceec6cca1d5c1a;Ifff1062a9b5611ea99ceec6cca1d5c1a;Ifff1062d9b5611ea99ceec6cca1d5c1a;Ifff106309b5611ea99ceec6cca1d5c1a;Ifff106339b5611ea99ceec6cca1d5c1a;Ifff106369b5611ea99ceec6cca1d5c1a;Ifff106399b5611ea99ceec6cca1d5c1a"></doc>
 <doc oldid="archibald_rc_com_14-2-html" newids="Ib2e1ca08cb5211ea9b868e84fdaf7cc5;Ifff1063c9b5611ea99ceec6cca1d5c1a;Ifff1063f9b5611ea99ceec6cca1d5c1a;Ifff106429b5611ea99ceec6cca1d5c1a;Ifff106459b5611ea99ceec6cca1d5c1a;Ifff106489b5611ea99ceec6cca1d5c1a;Ifff1064b9b5611ea99ceec6cca1d5c1a;Ifff1064e9b5611ea99ceec6cca1d5c1a;Ifff106519b5611ea99ceec6cca1d5c1a;Ifff106549b5611ea99ceec6cca1d5c1a;Ifff106579b5611ea99ceec6cca1d5c1a;Ifff1065a9b5611ea99ceec6cca1d5c1a;Ifff1065d9b5611ea99ceec6cca1d5c1a;Ifff106609b5611ea99ceec6cca1d5c1a;Ifff106639b5611ea99ceec6cca1d5c1a;Ifff106669b5611ea99ceec6cca1d5c1a;Ifff106699b5611ea99ceec6cca1d5c1a;Ifff1066c9b5611ea99ceec6cca1d5c1a;Ifff1066f9b5611ea99ceec6cca1d5c1a;Ifff106729b5611ea99ceec6cca1d5c1a;Ifff106759b5611ea99ceec6cca1d5c1a;Ifff12d329b5611ea99ceec6cca1d5c1a;Ifff12d359b5611ea99ceec6cca1d5c1a;Ifff12d389b5611ea99ceec6cca1d5c1a;Ifff12d3b9b5611ea99ceec6cca1d5c1a;Ifff12d3e9b5611ea99ceec6cca1d5c1a;Ifff12d419b5611ea99ceec6cca1d5c1a;Ifff12d449b5611ea99ceec6cca1d5c1a;Ifff12d479b5611ea99ceec6cca1d5c1a;Ifff12d4a9b5611ea99ceec6cca1d5c1a;Ifff12d4d9b5611ea99ceec6cca1d5c1a;Ifff12d509b5611ea99ceec6cca1d5c1a"></doc>
 <doc oldid="archibald_rc_com_14-html" newids="Ifff0912b9b5611ea99ceec6cca1d5c1a;Ifff0912e9b5611ea99ceec6cca1d5c1a;Ifff091319b5611ea99ceec6cca1d5c1a;Ifff091349b5611ea99ceec6cca1d5c1a;Ifff091379b5611ea99ceec6cca1d5c1a;Ifff0913a9b5611ea99ceec6cca1d5c1a;Ifff0913d9b5611ea99ceec6cca1d5c1a;Ifff091409b5611ea99ceec6cca1d5c1a;Ifff091439b5611ea99ceec6cca1d5c1a;Ifff0b8009b5611ea99ceec6cca1d5c1a;Ifff0b8039b5611ea99ceec6cca1d5c1a;Ifff0b8069b5611ea99ceec6cca1d5c1a;Ifff0b80c9b5611ea99ceec6cca1d5c1a;Ifff0b80f9b5611ea99ceec6cca1d5c1a;Ifff0b8189b5611ea99ceec6cca1d5c1a;Ifff0b81e9b5611ea99ceec6cca1d5c1a;Ifff0b8219b5611ea99ceec6cca1d5c1a;Ifff0b8249b5611ea99ceec6cca1d5c1a;Ifff0b8279b5611ea99ceec6cca1d5c1a;Ifff0b82a9b5611ea99ceec6cca1d5c1a;Ifff0b82d9b5611ea99ceec6cca1d5c1a;Ifff0b8309b5611ea99ceec6cca1d5c1a;Ifff0b8339b5611ea99ceec6cca1d5c1a"></doc>
 <doc oldid="archibald_rc_com_15-html" newids="Ib2e1ca0bcb5211ea9b868e84fdaf7cc5;Ifff12d539b5611ea99ceec6cca1d5c1a;Ifff12d569b5611ea99ceec6cca1d5c1a;Ifff12d599b5611ea99ceec6cca1d5c1a;Ifff12d5f9b5611ea99ceec6cca1d5c1a;Ifff12d629b5611ea99ceec6cca1d5c1a;Ifff12d659b5611ea99ceec6cca1d5c1a;Ifff12d6b9b5611ea99ceec6cca1d5c1a;Ifff12d6e9b5611ea99ceec6cca1d5c1a;Ifff12d719b5611ea99ceec6cca1d5c1a;Ifff12d749b5611ea99ceec6cca1d5c1a;Ifff12d779b5611ea99ceec6cca1d5c1a;Ifff12d7a9b5611ea99ceec6cca1d5c1a"></doc>
 <doc oldid="archibald_rc_com_16-html" newids="Ib2e1ca1dcb5211ea9b868e84fdaf7cc5;Ifff12d7d9b5611ea99ceec6cca1d5c1a;Ifff12d809b5611ea99ceec6cca1d5c1a;Ifff12d839b5611ea99ceec6cca1d5c1a;Ifff154429b5611ea99ceec6cca1d5c1a;Ifff154459b5611ea99ceec6cca1d5c1a;Ifff154489b5611ea99ceec6cca1d5c1a;Ifff154579b5611ea99ceec6cca1d5c1a;Ifff1546c9b5611ea99ceec6cca1d5c1a;Ifff154729b5611ea99ceec6cca1d5c1a"></doc>
 <doc oldid="archibald_rc_com_17-html" newids="Ib2e1ca26cb5211ea9b868e84fdaf7cc5;Ib2e1ca29cb5211ea9b868e84fdaf7cc5;Ib2e1ca2fcb5211ea9b868e84fdaf7cc5;Ifff1547b9b5611ea99ceec6cca1d5c1a;Ifff154879b5611ea99ceec6cca1d5c1a;Ifff1548a9b5611ea99ceec6cca1d5c1a"></doc>
 <doc oldid="archibald_rc_com_18-html" newids="Ib2e1f110cb5211ea9b868e84fdaf7cc5;Ifff1548d9b5611ea99ceec6cca1d5c1a;Ifff154909b5611ea99ceec6cca1d5c1a;Ifff154939b5611ea99ceec6cca1d5c1a;Ifff17b519b5611ea99ceec6cca1d5c1a;Ifff17b549b5611ea99ceec6cca1d5c1a;Ifff17b5a9b5611ea99ceec6cca1d5c1a"></doc>
 <doc oldid="archibald_rc_com_19-html" newids="Ifff17b5d9b5611ea99ceec6cca1d5c1a;Ifff17b609b5611ea99ceec6cca1d5c1a;Ifff17b639b5611ea99ceec6cca1d5c1a;Ifff17b669b5611ea99ceec6cca1d5c1a;Ifff17b699b5611ea99ceec6cca1d5c1a;Ifff17b6c9b5611ea99ceec6cca1d5c1a;Ifff17b6f9b5611ea99ceec6cca1d5c1a;Ifff17b729b5611ea99ceec6cca1d5c1a;Ifff17b759b5611ea99ceec6cca1d5c1a"></doc>
 <doc oldid="archibald_rc_com_2-html" newids="Iffef0a889b5611ea99ceec6cca1d5c1a;Iffef0a8b9b5611ea99ceec6cca1d5c1a;Iffef0a8e9b5611ea99ceec6cca1d5c1a;Iffef0a919b5611ea99ceec6cca1d5c1a;Iffef0a949b5611ea99ceec6cca1d5c1a;Iffef31609b5611ea99ceec6cca1d5c1a;Iffef31639b5611ea99ceec6cca1d5c1a;Iffef31669b5611ea99ceec6cca1d5c1a;Iffef31699b5611ea99ceec6cca1d5c1a;Iffef316c9b5611ea99ceec6cca1d5c1a;Iffef316f9b5611ea99ceec6cca1d5c1a;Iffef31729b5611ea99ceec6cca1d5c1a;Iffef31759b5611ea99ceec6cca1d5c1a;Iffef31789b5611ea99ceec6cca1d5c1a"></doc>
 <doc oldid="archibald_rc_com_20-html" newids="Ifff17b789b5611ea99ceec6cca1d5c1a;Ifff17b7b9b5611ea99ceec6cca1d5c1a;Ifff17b7e9b5611ea99ceec6cca1d5c1a;Ifff17b819b5611ea99ceec6cca1d5c1a;Ifff17b849b5611ea99ceec6cca1d5c1a;Ifff17b879b5611ea99ceec6cca1d5c1a;Ifff17b8a9b5611ea99ceec6cca1d5c1a;Ifff17b8d9b5611ea99ceec6cca1d5c1a;Ifff17b909b5611ea99ceec6cca1d5c1a;Ifff17b939b5611ea99ceec6cca1d5c1a;Ifff17b969b5611ea99ceec6cca1d5c1a;Ifff17b999b5611ea99ceec6cca1d5c1a;Ifff17b9c9b5611ea99ceec6cca1d5c1a;Ifff17b9f9b5611ea99ceec6cca1d5c1a;Ifff17ba29b5611ea99ceec6cca1d5c1a;Ifff17ba59b5611ea99ceec6cca1d5c1a;Ifff17ba89b5611ea99ceec6cca1d5c1a;Ifff17bab9b5611ea99ceec6cca1d5c1a;Ifff17bae9b5611ea99ceec6cca1d5c1a;Ifff17bb19b5611ea99ceec6cca1d5c1a;Ifff1a2629b5611ea99ceec6cca1d5c1a;Ifff1a2659b5611ea99ceec6cca1d5c1a;Ifff1a2689b5611ea99ceec6cca1d5c1a;Ifff1a26b9b5611ea99ceec6cca1d5c1a"></doc>
 <doc oldid="archibald_rc_com_21-html" newids="Iffee95379b5611ea99ceec6cca1d5c1a;Ifff1a26e9b5611ea99ceec6cca1d5c1a;Ifff1a2719b5611ea99ceec6cca1d5c1a;Ifff1a2749b5611ea99ceec6cca1d5c1a;Ifff1a27a9b5611ea99ceec6cca1d5c1a;Ifff1a27d9b5611ea99ceec6cca1d5c1a;Ifff1a2809b5611ea99ceec6cca1d5c1a;Ifff1a2839b5611ea99ceec6cca1d5c1a;Ifff1a2869b5611ea99ceec6cca1d5c1a;Ifff1a2899b5611ea99ceec6cca1d5c1a;Ifff1a28c9b5611ea99ceec6cca1d5c1a;Ifff1a28f9b5611ea99ceec6cca1d5c1a;Ifff1a2929b5611ea99ceec6cca1d5c1a;Ifff1a2959b5611ea99ceec6cca1d5c1a;Ifff1a2989b5611ea99ceec6cca1d5c1a;Ifff1a29b9b5611ea99ceec6cca1d5c1a;Ifff1a29e9b5611ea99ceec6cca1d5c1a;Ifff1a2a19b5611ea99ceec6cca1d5c1a;Ifff1a2a49b5611ea99ceec6cca1d5c1a;Ifff1a2a79b5611ea99ceec6cca1d5c1a;Ifff1a2aa9b5611ea99ceec6cca1d5c1a;Ifff1a2ad9b5611ea99ceec6cca1d5c1a;Ifff1a2b09b5611ea99ceec6cca1d5c1a;Ifff1c9729b5611ea99ceec6cca1d5c1a;Ifff1c9759b5611ea99ceec6cca1d5c1a;Ifff1c9789b5611ea99ceec6cca1d5c1a;Ifff1c97b9b5611ea99ceec6cca1d5c1a"></doc>
 <doc oldid="archibald_rc_com_22-html" newids="Ib2e1f116cb5211ea9b868e84fdaf7cc5;Ib2e1f119cb5211ea9b868e84fdaf7cc5;Ifff1c97e9b5611ea99ceec6cca1d5c1a;Ifff1c9819b5611ea99ceec6cca1d5c1a;Ifff1c9849b5611ea99ceec6cca1d5c1a;Ifff1c9879b5611ea99ceec6cca1d5c1a;Ifff1c98a9b5611ea99ceec6cca1d5c1a;Ifff1c98d9b5611ea99ceec6cca1d5c1a;Ifff1c9909b5611ea99ceec6cca1d5c1a;Ifff1c9939b5611ea99ceec6cca1d5c1a;Ifff1c9969b5611ea99ceec6cca1d5c1a;Ifff1c99c9b5611ea99ceec6cca1d5c1a;Ifff1c99f9b5611ea99ceec6cca1d5c1a;Ifff1c9a59b5611ea99ceec6cca1d5c1a;Ifff1c9a89b5611ea99ceec6cca1d5c1a;Ifff1c9ab9b5611ea99ceec6cca1d5c1a;Ifff1c9ae9b5611ea99ceec6cca1d5c1a;Ifff1c9b19b5611ea99ceec6cca1d5c1a;Ifff1c9b79b5611ea99ceec6cca1d5c1a;Ifff1c9ba9b5611ea99ceec6cca1d5c1a;Ifff1c9bd9b5611ea99ceec6cca1d5c1a;Ifff1c9c09b5611ea99ceec6cca1d5c1a;Ifff1c9c39b5611ea99ceec6cca1d5c1a;Ifff1c9c69b5611ea99ceec6cca1d5c1a;Ifff1f0829b5611ea99ceec6cca1d5c1a;Ifff1f0859b5611ea99ceec6cca1d5c1a;Ifff1f0889b5611ea99ceec6cca1d5c1a;Ifff1f08b9b5611ea99ceec6cca1d5c1a;Ifff1f08e9b5611ea99ceec6cca1d5c1a;Ifff1f0919b5611ea99ceec6cca1d5c1a;Ifff1f0949b5611ea99ceec6cca1d5c1a;Ifff1f0979b5611ea99ceec6cca1d5c1a;Ifff1f09a9b5611ea99ceec6cca1d5c1a;Ifff1f09d9b5611ea99ceec6cca1d5c1a;Ifff1f0a09b5611ea99ceec6cca1d5c1a;Ifff1f0a39b5611ea99ceec6cca1d5c1a;Ifff1f0a69b5611ea99ceec6cca1d5c1a;Ifff1f0a99b5611ea99ceec6cca1d5c1a;Ifff1f0ac9b5611ea99ceec6cca1d5c1a;Ifff1f0af9b5611ea99ceec6cca1d5c1a;Ifff1f0b29b5611ea99ceec6cca1d5c1a"></doc>
 <doc oldid="archibald_rc_com_23-1-html" newids="Ib2e1f11ccb5211ea9b868e84fdaf7cc5;Ib2e1f11fcb5211ea9b868e84fdaf7cc5;Ib2e1f122cb5211ea9b868e84fdaf7cc5;Ifff2179b9b5611ea99ceec6cca1d5c1a;Ifff2179e9b5611ea99ceec6cca1d5c1a;Ifff217a49b5611ea99ceec6cca1d5c1a;Ifff217a79b5611ea99ceec6cca1d5c1a;Ifff217b09b5611ea99ceec6cca1d5c1a;Ifff217b39b5611ea99ceec6cca1d5c1a;Ifff217b69b5611ea99ceec6cca1d5c1a;Ifff217b99b5611ea99ceec6cca1d5c1a;Ifff217bc9b5611ea99ceec6cca1d5c1a;Ifff217bf9b5611ea99ceec6cca1d5c1a"></doc>
 <doc oldid="archibald_rc_com_23-html" newids="Ifff1f0bb9b5611ea99ceec6cca1d5c1a;Ifff1f0be9b5611ea99ceec6cca1d5c1a;Ifff1f0c19b5611ea99ceec6cca1d5c1a;Ifff1f0c49b5611ea99ceec6cca1d5c1a;Ifff1f0c79b5611ea99ceec6cca1d5c1a;Ifff1f0ca9b5611ea99ceec6cca1d5c1a;Ifff1f0cd9b5611ea99ceec6cca1d5c1a;Ifff1f0d09b5611ea99ceec6cca1d5c1a;Ifff1f0d39b5611ea99ceec6cca1d5c1a;Ifff1f0d69b5611ea99ceec6cca1d5c1a;Ifff217929b5611ea99ceec6cca1d5c1a"></doc>
 <doc oldid="archibald_rc_com_24-1-html" newids="Ifff265ba9b5611ea99ceec6cca1d5c1a;Ifff265c09b5611ea99ceec6cca1d5c1a;Ifff265c39b5611ea99ceec6cca1d5c1a;Ifff265c69b5611ea99ceec6cca1d5c1a;Ifff265c99b5611ea99ceec6cca1d5c1a;Ifff265cc9b5611ea99ceec6cca1d5c1a;Ifff265cf9b5611ea99ceec6cca1d5c1a;Ifff265d29b5611ea99ceec6cca1d5c1a;Ifff265d59b5611ea99ceec6cca1d5c1a;Ifff265d89b5611ea99ceec6cca1d5c1a;Ifff265db9b5611ea99ceec6cca1d5c1a;Ifff265de9b5611ea99ceec6cca1d5c1a;Ifff265e19b5611ea99ceec6cca1d5c1a;Ifff265e49b5611ea99ceec6cca1d5c1a;Ifff265e79b5611ea99ceec6cca1d5c1a"></doc>
 <doc oldid="archibald_rc_com_24-2-html" newids="Ib2e1f125cb5211ea9b868e84fdaf7cc5;Ifff265ea9b5611ea99ceec6cca1d5c1a;Ifff265ed9b5611ea99ceec6cca1d5c1a;Ifff265f09b5611ea99ceec6cca1d5c1a;Ifff265f39b5611ea99ceec6cca1d5c1a;Ifff265f69b5611ea99ceec6cca1d5c1a;Ifff265f99b5611ea99ceec6cca1d5c1a;Ifff265fc9b5611ea99ceec6cca1d5c1a;Ifff265ff9b5611ea99ceec6cca1d5c1a;Ifff266029b5611ea99ceec6cca1d5c1a;Ifff28cc29b5611ea99ceec6cca1d5c1a;Ifff28cc59b5611ea99ceec6cca1d5c1a;Ifff28cc89b5611ea99ceec6cca1d5c1a;Ifff28ccb9b5611ea99ceec6cca1d5c1a;Ifff28cce9b5611ea99ceec6cca1d5c1a;Ifff28cd19b5611ea99ceec6cca1d5c1a;Ifff28cd49b5611ea99ceec6cca1d5c1a"></doc>
 <doc oldid="archibald_rc_com_24-html" newids="Ifff217c29b5611ea99ceec6cca1d5c1a;Ifff217c59b5611ea99ceec6cca1d5c1a;Ifff217c89b5611ea99ceec6cca1d5c1a;Ifff217cb9b5611ea99ceec6cca1d5c1a;Ifff217ce9b5611ea99ceec6cca1d5c1a;Ifff217d19b5611ea99ceec6cca1d5c1a;Ifff217d79b5611ea99ceec6cca1d5c1a;Ifff217da9b5611ea99ceec6cca1d5c1a;Ifff217dd9b5611ea99ceec6cca1d5c1a;Ifff217e09b5611ea99ceec6cca1d5c1a;Ifff23ea19b5611ea99ceec6cca1d5c1a;Ifff23ea49b5611ea99ceec6cca1d5c1a;Ifff23ea79b5611ea99ceec6cca1d5c1a;Ifff23eaa9b5611ea99ceec6cca1d5c1a;Ifff23ead9b5611ea99ceec6cca1d5c1a;Ifff23eb09b5611ea99ceec6cca1d5c1a;Ifff23eb39b5611ea99ceec6cca1d5c1a;Ifff23eb69b5611ea99ceec6cca1d5c1a;Ifff23eb99b5611ea99ceec6cca1d5c1a;Ifff23ebc9b5611ea99ceec6cca1d5c1a;Ifff23ebf9b5611ea99ceec6cca1d5c1a;Ifff23ec29b5611ea99ceec6cca1d5c1a;Ifff23ec59b5611ea99ceec6cca1d5c1a;Ifff23ec89b5611ea99ceec6cca1d5c1a;Ifff23ecb9b5611ea99ceec6cca1d5c1a;Ifff23ece9b5611ea99ceec6cca1d5c1a;Ifff23ed19b5611ea99ceec6cca1d5c1a;Ifff23ed49b5611ea99ceec6cca1d5c1a;Ifff23ed79b5611ea99ceec6cca1d5c1a;Ifff23eda9b5611ea99ceec6cca1d5c1a;Ifff23edd9b5611ea99ceec6cca1d5c1a;Ifff23ee09b5611ea99ceec6cca1d5c1a;Ifff23ee39b5611ea99ceec6cca1d5c1a;Ifff23ee69b5611ea99ceec6cca1d5c1a;Ifff23ee99b5611ea99ceec6cca1d5c1a;Ifff23eef9b5611ea99ceec6cca1d5c1a;Ifff23ef29b5611ea99ceec6cca1d5c1a;Ifff265b19b5611ea99ceec6cca1d5c1a;Ifff265b49b5611ea99ceec6cca1d5c1a;Ifff265b79b5611ea99ceec6cca1d5c1a;Ifff265ba9b5611ea99ceec6cca1d5c1a"></doc>
 <doc oldid="archibald_rc_com_25-html" newids="I07d48d9dba0311eaaa0eea4c80198d86;I07d48da0ba0311eaaa0eea4c80198d86;I07d48da3ba0311eaaa0eea4c80198d86;I07d4b472ba0311eaaa0eea4c80198d86;I07d4b475ba0311eaaa0eea4c80198d86;I07d4b478ba0311eaaa0eea4c80198d86;I07d4b47bba0311eaaa0eea4c80198d86;I07d4b47eba0311eaaa0eea4c80198d86;I07d4b481ba0311eaaa0eea4c80198d86;I07d4b484ba0311eaaa0eea4c80198d86;Ib2e1f12bcb5211ea9b868e84fdaf7cc5;Ib2e1f12ecb5211ea9b868e84fdaf7cc5;Ib2e1f131cb5211ea9b868e84fdaf7cc5;Ifff28cd79b5611ea99ceec6cca1d5c1a;Ifff28cda9b5611ea99ceec6cca1d5c1a;Ifff28ce69b5611ea99ceec6cca1d5c1a;Ifff28ce99b5611ea99ceec6cca1d5c1a;Ifff28cec9b5611ea99ceec6cca1d5c1a;Ifff28cef9b5611ea99ceec6cca1d5c1a;Ifff28cf29b5611ea99ceec6cca1d5c1a"></doc>
 <doc oldid="archibald_rc_com_3-html" newids="Iffef317b9b5611ea99ceec6cca1d5c1a;Iffef317e9b5611ea99ceec6cca1d5c1a;Iffef31819b5611ea99ceec6cca1d5c1a;Iffef31849b5611ea99ceec6cca1d5c1a;Iffef31879b5611ea99ceec6cca1d5c1a;Iffef318d9b5611ea99ceec6cca1d5c1a;Iffef31909b5611ea99ceec6cca1d5c1a;Iffef31939b5611ea99ceec6cca1d5c1a;Iffef31969b5611ea99ceec6cca1d5c1a"></doc>
 <doc oldid="archibald_rc_com_4-html" newids="Iffef31999b5611ea99ceec6cca1d5c1a;Iffef319c9b5611ea99ceec6cca1d5c1a;Iffef319f9b5611ea99ceec6cca1d5c1a;Iffef31a29b5611ea99ceec6cca1d5c1a;Iffef31a59b5611ea99ceec6cca1d5c1a;Iffef31a89b5611ea99ceec6cca1d5c1a;Iffef58729b5611ea99ceec6cca1d5c1a;Iffef58759b5611ea99ceec6cca1d5c1a;Iffef58789b5611ea99ceec6cca1d5c1a"></doc>
 <doc oldid="archibald_rc_com_5-1-html" newids="Iffef7f889b5611ea99ceec6cca1d5c1a;Iffef7f8b9b5611ea99ceec6cca1d5c1a;Iffef7f8e9b5611ea99ceec6cca1d5c1a;Iffef7f919b5611ea99ceec6cca1d5c1a;Iffef7f949b5611ea99ceec6cca1d5c1a;Iffef7f979b5611ea99ceec6cca1d5c1a;Iffef7f9a9b5611ea99ceec6cca1d5c1a;Iffef7f9d9b5611ea99ceec6cca1d5c1a;Iffef7fa09b5611ea99ceec6cca1d5c1a;Iffef7fa39b5611ea99ceec6cca1d5c1a;Iffef7fa69b5611ea99ceec6cca1d5c1a;Iffef7fa99b5611ea99ceec6cca1d5c1a;Iffef7fac9b5611ea99ceec6cca1d5c1a;Iffef7faf9b5611ea99ceec6cca1d5c1a;Iffef7fb29b5611ea99ceec6cca1d5c1a;Iffef7fb59b5611ea99ceec6cca1d5c1a;Iffef7fb89b5611ea99ceec6cca1d5c1a;Iffef7fbb9b5611ea99ceec6cca1d5c1a;Iffef7fbe9b5611ea99ceec6cca1d5c1a"></doc>
 <doc oldid="archibald_rc_com_5-2-html" newids="Iffef7fc19b5611ea99ceec6cca1d5c1a;Iffefa6919b5611ea99ceec6cca1d5c1a;Iffefa6949b5611ea99ceec6cca1d5c1a;Iffefa6979b5611ea99ceec6cca1d5c1a;Iffefa69d9b5611ea99ceec6cca1d5c1a;Iffefa6a09b5611ea99ceec6cca1d5c1a;Iffefa6a39b5611ea99ceec6cca1d5c1a;Iffefa6a69b5611ea99ceec6cca1d5c1a;Iffefa6a99b5611ea99ceec6cca1d5c1a;Iffefa6ac9b5611ea99ceec6cca1d5c1a;Iffefa6af9b5611ea99ceec6cca1d5c1a;Iffefa6b29b5611ea99ceec6cca1d5c1a;Iffefa6b59b5611ea99ceec6cca1d5c1a;Iffefa6b89b5611ea99ceec6cca1d5c1a;Iffefa6bb9b5611ea99ceec6cca1d5c1a;Iffefa6be9b5611ea99ceec6cca1d5c1a;Iffefa6c19b5611ea99ceec6cca1d5c1a;Iffefa6c49b5611ea99ceec6cca1d5c1a;Iffefa6c79b5611ea99ceec6cca1d5c1a;Iffefa6ca9b5611ea99ceec6cca1d5c1a;Iffefa6cd9b5611ea99ceec6cca1d5c1a;Iffefa6d09b5611ea99ceec6cca1d5c1a;Iffefa6d39b5611ea99ceec6cca1d5c1a;Iffefa6d69b5611ea99ceec6cca1d5c1a;Iffefa6d99b5611ea99ceec6cca1d5c1a;Iffefa6dc9b5611ea99ceec6cca1d5c1a;Iffefa6df9b5611ea99ceec6cca1d5c1a;Iffefa6e29b5611ea99ceec6cca1d5c1a;Iffefa6e59b5611ea99ceec6cca1d5c1a;Iffefa6e89b5611ea99ceec6cca1d5c1a;Iffefcda29b5611ea99ceec6cca1d5c1a;Iffefcda59b5611ea99ceec6cca1d5c1a"></doc>
 <doc oldid="archibald_rc_com_5-3-html" newids="Iffefcda89b5611ea99ceec6cca1d5c1a"></doc>
 <doc oldid="archibald_rc_com_5-html" newids="Iffef587b9b5611ea99ceec6cca1d5c1a;Iffef587e9b5611ea99ceec6cca1d5c1a;Iffef58819b5611ea99ceec6cca1d5c1a;Iffef58849b5611ea99ceec6cca1d5c1a;Iffef58879b5611ea99ceec6cca1d5c1a;Iffef588a9b5611ea99ceec6cca1d5c1a;Iffef588d9b5611ea99ceec6cca1d5c1a;Iffef58909b5611ea99ceec6cca1d5c1a;Iffef58939b5611ea99ceec6cca1d5c1a;Iffef58969b5611ea99ceec6cca1d5c1a;Iffef58999b5611ea99ceec6cca1d5c1a;Iffef589c9b5611ea99ceec6cca1d5c1a;Iffef589f9b5611ea99ceec6cca1d5c1a;Iffef58a29b5611ea99ceec6cca1d5c1a;Iffef58a59b5611ea99ceec6cca1d5c1a;Iffef58a89b5611ea99ceec6cca1d5c1a;Iffef58ab9b5611ea99ceec6cca1d5c1a;Iffef58ae9b5611ea99ceec6cca1d5c1a;Iffef58b19b5611ea99ceec6cca1d5c1a;Iffef58b79b5611ea99ceec6cca1d5c1a;Iffef7f829b5611ea99ceec6cca1d5c1a;Iffef7f859b5611ea99ceec6cca1d5c1a;Iffef7f889b5611ea99ceec6cca1d5c1a"></doc>
 <doc oldid="archibald_rc_com_6-1-html" newids="Iffefcdea9b5611ea99ceec6cca1d5c1a;Iffefcded9b5611ea99ceec6cca1d5c1a;Iffefcdf09b5611ea99ceec6cca1d5c1a;Iffefcdf39b5611ea99ceec6cca1d5c1a;Iffefcdf69b5611ea99ceec6cca1d5c1a;Iffefcdf99b5611ea99ceec6cca1d5c1a;Iffeff4b29b5611ea99ceec6cca1d5c1a;Iffeff4b59b5611ea99ceec6cca1d5c1a;Iffeff4b89b5611ea99ceec6cca1d5c1a"></doc>
 <doc oldid="archibald_rc_com_6-2-html" newids="Iffeff4bb9b5611ea99ceec6cca1d5c1a;Iffeff4be9b5611ea99ceec6cca1d5c1a;Iffeff4c19b5611ea99ceec6cca1d5c1a;Iffeff4c49b5611ea99ceec6cca1d5c1a;Iffeff4c79b5611ea99ceec6cca1d5c1a"></doc>
 <doc oldid="archibald_rc_com_6-html" newids="Iffefcdab9b5611ea99ceec6cca1d5c1a;Iffefcdae9b5611ea99ceec6cca1d5c1a;Iffefcdb19b5611ea99ceec6cca1d5c1a;Iffefcdb49b5611ea99ceec6cca1d5c1a;Iffefcdb79b5611ea99ceec6cca1d5c1a;Iffefcdba9b5611ea99ceec6cca1d5c1a;Iffefcdbd9b5611ea99ceec6cca1d5c1a;Iffefcdc09b5611ea99ceec6cca1d5c1a;Iffefcdc39b5611ea99ceec6cca1d5c1a;Iffefcdc69b5611ea99ceec6cca1d5c1a;Iffefcdc99b5611ea99ceec6cca1d5c1a;Iffefcdcc9b5611ea99ceec6cca1d5c1a;Iffefcdcf9b5611ea99ceec6cca1d5c1a;Iffefcdd29b5611ea99ceec6cca1d5c1a;Iffefcdd59b5611ea99ceec6cca1d5c1a;Iffefcdd89b5611ea99ceec6cca1d5c1a;Iffefcddb9b5611ea99ceec6cca1d5c1a;Iffefcdde9b5611ea99ceec6cca1d5c1a;Iffefcde19b5611ea99ceec6cca1d5c1a;Iffefcde49b5611ea99ceec6cca1d5c1a;Iffefcde79b5611ea99ceec6cca1d5c1a"></doc>
 <doc oldid="archibald_rc_com_7-html" newids="Iffeff4ca9b5611ea99ceec6cca1d5c1a;Iffeff4cd9b5611ea99ceec6cca1d5c1a;Iffeff4d09b5611ea99ceec6cca1d5c1a;Iffeff4d39b5611ea99ceec6cca1d5c1a;Iffeff4d69b5611ea99ceec6cca1d5c1a;Iffeff4d99b5611ea99ceec6cca1d5c1a;Iffeff4dc9b5611ea99ceec6cca1d5c1a;Iffeff4df9b5611ea99ceec6cca1d5c1a;Iffeff4e29b5611ea99ceec6cca1d5c1a;Iffeff4e59b5611ea99ceec6cca1d5c1a;Iffeff4e89b5611ea99ceec6cca1d5c1a;Iffeff4eb9b5611ea99ceec6cca1d5c1a;Iffeff4ee9b5611ea99ceec6cca1d5c1a;Iffeff4f19b5611ea99ceec6cca1d5c1a;Iffeff4f49b5611ea99ceec6cca1d5c1a"></doc>
 <doc oldid="archibald_rc_com_8-1-html" newids="Ifff01bc59b5611ea99ceec6cca1d5c1a;Ifff01bc89b5611ea99ceec6cca1d5c1a;Ifff01bcb9b5611ea99ceec6cca1d5c1a;Ifff01bce9b5611ea99ceec6cca1d5c1a;Ifff01bd19b5611ea99ceec6cca1d5c1a;Ifff01bd49b5611ea99ceec6cca1d5c1a;Ifff01bd79b5611ea99ceec6cca1d5c1a;Ifff01bda9b5611ea99ceec6cca1d5c1a;Ifff01bdd9b5611ea99ceec6cca1d5c1a;Ifff01be09b5611ea99ceec6cca1d5c1a"></doc>
 <doc oldid="archibald_rc_com_8-2-html" newids="Ifff01be39b5611ea99ceec6cca1d5c1a;Ifff01be69b5611ea99ceec6cca1d5c1a;Ifff01be99b5611ea99ceec6cca1d5c1a;Ifff01bec9b5611ea99ceec6cca1d5c1a;Ifff01bef9b5611ea99ceec6cca1d5c1a;Ifff01bf29b5611ea99ceec6cca1d5c1a;Ifff01bf59b5611ea99ceec6cca1d5c1a;Ifff01bf89b5611ea99ceec6cca1d5c1a;Ifff01bfb9b5611ea99ceec6cca1d5c1a;Ifff01bfe9b5611ea99ceec6cca1d5c1a;Ifff01c019b5611ea99ceec6cca1d5c1a;Ifff01c049b5611ea99ceec6cca1d5c1a;Ifff01c079b5611ea99ceec6cca1d5c1a;Ifff01c0a9b5611ea99ceec6cca1d5c1a;Ifff01c0d9b5611ea99ceec6cca1d5c1a;Ifff01c109b5611ea99ceec6cca1d5c1a;Ifff042d19b5611ea99ceec6cca1d5c1a;Ifff042d49b5611ea99ceec6cca1d5c1a"></doc>
 <doc oldid="archibald_rc_com_8-3-html" newids="Ifff042d79b5611ea99ceec6cca1d5c1a;Ifff042da9b5611ea99ceec6cca1d5c1a"></doc>
 <doc oldid="archibald_rc_com_8-html" newids="Iffeff4f79b5611ea99ceec6cca1d5c1a;Iffeff4fa9b5611ea99ceec6cca1d5c1a;Iffeff4fd9b5611ea99ceec6cca1d5c1a;Iffeff5009b5611ea99ceec6cca1d5c1a;Iffeff5039b5611ea99ceec6cca1d5c1a;Iffeff5069b5611ea99ceec6cca1d5c1a;Ifff01bc29b5611ea99ceec6cca1d5c1a"></doc>
 <doc oldid="archibald_rc_com_9-1-html" newids="Ifff0431c9b5611ea99ceec6cca1d5c1a;Ifff043259b5611ea99ceec6cca1d5c1a;Ifff069e29b5611ea99ceec6cca1d5c1a;Ifff069e59b5611ea99ceec6cca1d5c1a;Ifff069e89b5611ea99ceec6cca1d5c1a;Ifff069eb9b5611ea99ceec6cca1d5c1a;Ifff069ee9b5611ea99ceec6cca1d5c1a;Ifff069f19b5611ea99ceec6cca1d5c1a;Ifff069f49b5611ea99ceec6cca1d5c1a;Ifff069f79b5611ea99ceec6cca1d5c1a;Ifff069fa9b5611ea99ceec6cca1d5c1a;Ifff06a039b5611ea99ceec6cca1d5c1a;Ifff06a069b5611ea99ceec6cca1d5c1a;Ifff06a099b5611ea99ceec6cca1d5c1a"></doc>
 <doc oldid="archibald_rc_com_9-2-html" newids=""></doc>
 <doc oldid="archibald_rc_com_9-html" newids="Ifff042dd9b5611ea99ceec6cca1d5c1a;Ifff042e09b5611ea99ceec6cca1d5c1a;Ifff042e39b5611ea99ceec6cca1d5c1a;Ifff042e69b5611ea99ceec6cca1d5c1a;Ifff042e99b5611ea99ceec6cca1d5c1a;Ifff042ec9b5611ea99ceec6cca1d5c1a;Ifff042ef9b5611ea99ceec6cca1d5c1a;Ifff042f29b5611ea99ceec6cca1d5c1a;Ifff042f59b5611ea99ceec6cca1d5c1a;Ifff042f89b5611ea99ceec6cca1d5c1a;Ifff042fb9b5611ea99ceec6cca1d5c1a;Ifff043019b5611ea99ceec6cca1d5c1a;Ifff043049b5611ea99ceec6cca1d5c1a;Ifff043079b5611ea99ceec6cca1d5c1a;Ifff0430a9b5611ea99ceec6cca1d5c1a;Ifff0430d9b5611ea99ceec6cca1d5c1a;Ifff043109b5611ea99ceec6cca1d5c1a;Ifff043139b5611ea99ceec6cca1d5c1a"></doc>
 <doc oldid="archibald_rc_cpr-html" newids=""></doc>
 <doc oldid="archibald_rc_fwd-html" newids=""></doc>
 <doc oldid="archibald_rc_ind-html" newids=""></doc>
 <doc oldid="archibald_rc_int-1-html" newids=""></doc>
 <doc oldid="archibald_rc_int-2-html" newids=""></doc>
 <doc oldid="archibald_rc_int-3-html" newids="Iffee6e369b5611ea99ceec6cca1d5c1a;Iffee6e399b5611ea99ceec6cca1d5c1a;Iffee6e3c9b5611ea99ceec6cca1d5c1a;Iffee6e3f9b5611ea99ceec6cca1d5c1a;Iffee6e429b5611ea99ceec6cca1d5c1a;Iffee6e459b5611ea99ceec6cca1d5c1a;Iffee6e489b5611ea99ceec6cca1d5c1a"></doc>
 <doc oldid="archibald_rc_int-4-html" newids="Iffee954c9b5611ea99ceec6cca1d5c1a;Iffee954f9b5611ea99ceec6cca1d5c1a;Iffee95529b5611ea99ceec6cca1d5c1a;Iffee95559b5611ea99ceec6cca1d5c1a;Iffee95739b5611ea99ceec6cca1d5c1a;Iffee95769b5611ea99ceec6cca1d5c1a;Iffee95799b5611ea99ceec6cca1d5c1a;Iffeebc319b5611ea99ceec6cca1d5c1a;Iffeebc349b5611ea99ceec6cca1d5c1a;Iffeebc379b5611ea99ceec6cca1d5c1a;Iffeebc3a9b5611ea99ceec6cca1d5c1a"></doc>
 <doc oldid="archibald_rc_int-5-html" newids="Iffeebc6d9b5611ea99ceec6cca1d5c1a;Iffeebc709b5611ea99ceec6cca1d5c1a"></doc>
 <doc oldid="archibald_rc_int-html" newids=""></doc>
 <doc oldid="archibald_rc_pbn-html" newids="Id90efb71a11e11eaa14a96ef8b1b3a38"></doc>
 <doc oldid="archibald_rc_prf-html" newids=""></doc>
 <doc oldid="archibald_rc_tca-html" newids=""></doc>
 <doc oldid="archibald_rc_toc-html" newids=""></doc>
 <doc oldid="archibald_rc_ttl-html" newids=""></doc>
</mapping>