<!DOCTYPE html PUBLIC "-//W3C//DTD XHTML 1.1//EN" "http://www.w3.org/TR/xhtml11/DTD/xhtml11.dtd"> 
<html xmlns="http://www.w3.org/1999/xhtml"> 
 <head> 
  <meta http-equiv="content-type" content="text/html; charset=utf-8" /> 
  <meta http-equiv="X-UA-Compatible" content="IE=edge,chrome=1" /> 
  <title>Thomson Reuters eBook</title> 
  <link rel="stylesheet" type="text/css" href="er:#document" /> 
 </head> 
 <body class="co_t2Left"> 
  <section class="co_docDisplay"><?pb label="1088"?> 
   <a name="If2934ab0681611dba5ec9caeac638729"></a> 
   <a name="If29a0170681611dba5ec9caeac638729"></a> 
   <a name="I091efab657a011da8d00c5923d2d26b4"></a> 
   <div id="coid_website_documentWidgetDiv"> 
    <div id="co_document" class="co_document co_commentary co_commentaryEnhancement"> 
     <div> 
      <div class="co_cites">
       Alabama Evidence 3d § 8:97
      </div> 
      <div class="co_contentBlock co_briefItState co_propBlock"> 
       <div class="co_publicationLine"> 
        <div class="co_headtext">
         Alabama Evidence 3d
        </div> 
        <span class="co_verticalDivider"> | </span> 
        <div class="co_date">
         August 2021 Update
        </div> 
       </div> 
       <div class="co_contentBlock co_briefItState co_authorLine"> 
        <span>Joseph L. Lester</span> 
       </div> 
       <div class="co_headtext">
        Chapter 8. Hearsay
       </div> 
       <div class="co_headtext">
        V. Unavailability of the Witness
       </div> 
       <div class="co_headtext">
        C. Statements against Interests
        <sup id="co_fnRef_Ib53fa440f53911ebbacede1916a3b784_N1004F"> <a name="co_fnRef_Ib53fa440f53911ebbacede1916a3b784_N1004F" class="tr_ftn" ftnname="co_footnote_Ib53fa440f53911ebbacede1916a3b784" href="#co_footnote_Ib53fa440f53911ebbacede1916a3b784" page="1088">  8</a> </sup> 
       </div> 
       <div class="co_headtext">
        1. Alabama Practice
       </div> 
      </div>  
      <div class="co_title"> 
       <div class="co_headtext">
        § 8:97. Generally
       </div> 
      </div> 
     </div> 
     <div class="co_contentBlock co_briefItState co_section"> 
      <div class="co_paragraph"> 
       <div class="co_paragraphText">
        Alabama has long recognized an exception to the hearsay rule for a declaration made by a person who had knowledge <?pb label="1089"?>of the facts of which he spoke
        <sup id="co_fnRef_Ib53fa441f53911ebbacede1916a3b784_N1007A"> <a name="co_fnRef_Ib53fa441f53911ebbacede1916a3b784_N1007A" class="tr_ftn" ftnname="co_footnote_Ib53fa441f53911ebbacede1916a3b784" href="#co_footnote_Ib53fa441f53911ebbacede1916a3b784" page="1089">  1</a> </sup> if that person is not available for trial 
       </div> 
      </div> 
      <div class="co_paragraph"> 
       <div class="co_paragraphText">
         Rule 804 
       </div> 
       <blockquote> 
        <div> 
         <div class="co_paragraph"> 
          <div class="co_paragraphText">
            The following [is] … not excluded 
          </div> 
         </div> 
         <div class="co_headtext co_hAlign2">
          * * *
         </div> 
         <div class="co_paragraph"> 
          <div class="co_paragraphText"> 
           <em>(3) Statement against interest.</em> A statement which was at the time of its making so contrary to the declarant's pecuniary or proprietary interest that a reasonable person in the declarant's position would not have made the statement unless believing it to be true. 
           <sup id="co_fnRef_Ib53fcb52f53911ebbacede1916a3b784_N100CE"> <a name="co_fnRef_Ib53fcb52f53911ebbacede1916a3b784_N100CE" class="tr_ftn" ftnname="co_footnote_Ib53fcb52f53911ebbacede1916a3b784" href="#co_footnote_Ib53fcb52f53911ebbacede1916a3b784" page="1089">  5</a> </sup> 
          </div> 
         </div> 
        </div> 
       </blockquote> 
      </div> 
     </div>    
    </div> 
   </div> 
  </section>
  <section class="tr_footnotes"><?pb label="1088"?>
   <div class="co_page_number">
    1088
   </div><?pb label="1089"?>
   <div class="section-label">
    [Section 8:97]
   </div>
   <div class="tr_footnote">
    <div class="footnote">
     <sup class="co_footnoteNumber"> <span id="co_footnote_Ib53fa440f53911ebbacede1916a3b784"> <a name="co_footnote_Ib53fa440f53911ebbacede1916a3b784" class="tr_ftn" ftnname="co_fnRef_Ib53fa440f53911ebbacede1916a3b784_N1004F" href="" page="1089"> 8</a> </span> </sup> 
     <div class="co_footnoteBody er_rp_search_volume_content_data"> 
      <div class="footnote_body"> 
       <div class="co_paragraph"> 
        <div class="co_paragraphText">
          Many Alabama cases 
        </div> 
       </div> 
      </div> 
     </div>
    </div>
   </div> 
   <div class="tr_footnote">
    <div class="footnote">
     <sup class="co_footnoteNumber"> <span id="co_footnote_Ib53fa441f53911ebbacede1916a3b784"> <a name="co_footnote_Ib53fa441f53911ebbacede1916a3b784" class="tr_ftn" ftnname="co_fnRef_Ib53fa441f53911ebbacede1916a3b784_N1007A" href="" page="1089"> 1</a> </span> </sup> 
     <div class="co_footnoteBody er_rp_search_volume_content_data"> 
      <div class="footnote_body"> 
       <div class="co_paragraph"> 
        <div class="co_paragraphText">
          Humes 
        </div> 
       </div> 
      </div> 
     </div>
    </div>
   </div> 
   <div class="tr_footnote">
    <div class="footnote">
     <sup class="co_footnoteNumber"> <span id="co_footnote_Ib53fcb52f53911ebbacede1916a3b784"> <a name="co_footnote_Ib53fcb52f53911ebbacede1916a3b784" class="tr_ftn" ftnname="co_fnRef_Ib53fcb52f53911ebbacede1916a3b784_N100CE" href="" page="1089"> 5</a> </span> </sup> 
     <div class="co_footnoteBody er_rp_search_volume_content_data"> 
      <div class="footnote_body"> 
       <div class="co_paragraph"> 
        <div class="co_paragraphText">
          (noting that a deposition of one codefendant in a criminal case could be admissible against another codefendant under this section).  
        </div> 
       </div> 
      </div> 
     </div>
    </div>
   </div> 
   <div class="co_page_number">
    1089
   </div>
  </section> 
 </body> 
</html>