<EBook xmlns="http://www.sdl.com/xpp">
      <EBookToc>
         <Name>California Practice Guide--Enforcing Judgments and Debts</Name>
         <Guid>I2ca42b80b3d511e4b34590c5eb12a254</Guid>
         <DocumentGuid>I9b9a1590b3d511e4b34590c5eb12a254</DocumentGuid>
         <EBookToc>
            <Name>Chapter 6. Enforcement of Judgments</Name>
            <Guid>I9b9a1590b3d511e4b34590c5eb12a254</Guid>
            <DocumentGuid>I9b9a1590b3d511e4b34590c5eb12a254</DocumentGuid>
         
            <EBookToc>
               <Name>Chapter 6A. Preliminary Considerations</Name>
               <Guid>I9b9a8ac0b3d511e4b34590c5eb12a254</Guid>
               <DocumentGuid>I7477b221047e11e5855fd9e9fcfec8b8</DocumentGuid>
            
            </EBookToc>
         </EBookToc>
      </EBookToc>
   </EBook>