<!DOCTYPE html PUBLIC "-//W3C//DTD XHTML 1.1//EN" "http://www.w3.org/TR/xhtml11/DTD/xhtml11.dtd">
<html xmlns="http://www.w3.org/1999/xhtml">
	<head>
		<meta http-equiv="content-type" content="text/html; charset=utf-8" />
		<meta http-equiv="X-UA-Compatible" content="IE=edge,chrome=1" />
		<title>Thomson Reuters eBook</title>
		<link rel="stylesheet" type="text/css" href="er:#document" />
	</head>
	<body class="co_t2Left">
		<section class="co_docDisplay">
			<a name="Id7210174682311ea83aee46e6decbb85"></a>
			<div id="coid_website_documentWidgetDiv">
				<div id="co_document" class="co_document co_commentary co_commentaryEnhancement">
					<div>
						<div class="co_cites">  Ga. Evidence § 10:10  </div>
						<div class="co_contentBlock co_briefItState co_propBlock">
							<div class="co_publicationLine">
								<div class="co_headtext">Agnor's Georgia Evidence</div>
								<span class="co_verticalDivider"> | </span>
								<div class="co_date">   November 2019 Update   </div>
							</div>  

							<div class="co_contentBlock co_briefItState co_authorLine">
								<span>Ana Marcela Rountree</span>
							</div>
							<div class="co_headtext">Chapter 10. Documentary and Demonstrative Evidence</div>
						</div>
						<div class="co_divider"></div>
						<div class="co_title">
							<div class="co_headtext">§  10:10. Laws of other jurisdictions</div>
						</div><label for="legalTopic-Id7210175682311ea83aee46e6decbb85" class="abr-clas-label noprint"><img alt="Legal topic information" inline="1" src="er:#legal_topic" /></label><input name="legalTopic-Id7210175682311ea83aee46e6decbb85" id="legalTopic-Id7210175682311ea83aee46e6decbb85" type="checkbox" class="abr-clas-input noprint" /><div class="abr-clas-hdiv noprint">
<p style="margin-bottom:0em" class="i2">
<span style="overflow-wrap:break-word" class="fs-small"><b><i>Browse Legal Topics on WestlawNext Canada for more on these topics:</i></b></span>
</p>
<p style="margin-top:0em" class="i2">
            <span style="overflow-wrap:break-word" class="fs-small"><a href="http://nextcanada.westlaw.com/Browse/Home/Taxonomy/TaxonomyTOC/classifnum2/View.html?transitionType=Default&amp;contextData=(sc.Default)&amp;vr=3.0&amp;rs=cblt1.0" class="tr_op_url" target="_blank">classification2</a></span>
          </p>
</div>
					</div>
					<div class="co_message">  </div>
					<div class="co_contentBlock co_briefItState co_section">
						<div class="co_paragraph">
							<div class="co_paragraphText">
								<a id="co_link_I1611acc074d311eab2f0b920da2605c5" class="co_link co_drag ui-draggable" href="https://www.westlaw.com/Link/Document/FullText?findType=L&amp;pubNum=1000468&amp;cite=GAST24-9-922&amp;originatingDoc=Id7210175682311ea83aee46e6decbb85&amp;refType=LQ&amp;originationContext=ebook&amp;RS=ebbp3.0&amp;vr=3.0">O.C.G.A. § 24-9-922</a>, “Laws and judicial proceedings of other states,” provides as follows:</div>
							<blockquote>
								<div>
									<div class="co_paragraph">
										<div class="co_paragraphText">
											<?pb label="362"?>The acts of the legislature of any other state, territory, or possession of the United States, the records and judicial proceedings of any court of any such state, territory, or possession, and the nonjudicial records or books kept in the public offices in any such state, territory, or possession, if properly authenticated, shall have the same full faith and credit in every court within this state as they have by law or usage in the courts of such state, territory, or possession from which they are taken.  </div>
									</div>
								</div>
							</blockquote>
						</div>
					</div>
					<div class="co_copyright">  Westlaw. © 2019 Thomson Reuters.  No Claim to Orig. U.S. Govt.  Works.  </div>
					<table id="co_endOfDocument">
						<tr>
							<td>End of Document</td>
							<td class="co_endOfDocCopyright"></td>
						</tr>
					</table>
				</div>
			</div>
		</section>
	</body>
</html>