<!DOCTYPE html PUBLIC "-//W3C//DTD XHTML 1.1//EN" "http://www.w3.org/TR/xhtml11/DTD/xhtml11.dtd"> 
<html xmlns="http://www.w3.org/1999/xhtml"> 
 <head> 
  <meta http-equiv="content-type" content="text/html; charset=utf-8" /> 
  <meta http-equiv="X-UA-Compatible" content="IE=edge,chrome=1" /> 
  <title>Thomson Reuters eBook</title> 
  <link rel="stylesheet" type="text/css" href="er:#document" /> 
 </head> 
 <body class="co_t2Left"> 
  <section class="co_docDisplay"><?pb label="101"?> 
   <a name="I97a8da30933b11da99e2b07024dacc26"></a> 
   <a name="I67919ab1114511e69f7284fc34408711"></a> 
   <div id="coid_website_documentWidgetDiv"> 
    <div id="co_document" class="co_document co_commentary co_commentaryEnhancement"> 
     <div class="co_contentBlock co_briefItState co_section"> 
      <div class="co_paragraph"> 
       <div class="co_paragraphText">
        Page 101<?pb label="102"?>Page 102<?pb label="103"?>Referenced 1
        <sup id="co_fnRef_Ib677d620f53911ebbacede1916a3b781_N10053"> <a name="co_fnRef_Ib677d620f53911ebbacede1916a3b781_N10053" class="tr_ftn" ftnname="co_footnote_Ib677d620f53911ebbacede1916a3b781" href="#co_footnote_Ib677d620f53911ebbacede1916a3b781" page="103">  1</a> </sup><?pb label="104"?><?pb label="1145"?> 
       </div> 
      </div> 
      <div class="co_paragraph"> 
       <div class="co_paragraphText"> 
        <strong>Some text</strong> Referenced 2
        <sup id="co_fnRef_Ib677d620f53911ebbacede1916a3b782_N10085"> <a name="co_fnRef_Ib677d620f53911ebbacede1916a3b782_N10085" class="tr_ftn" ftnname="co_footnote_Ib677d620f53911ebbacede1916a3b782" href="#co_footnote_Ib677d620f53911ebbacede1916a3b782" page="1145">  2</a> </sup><?pb label="106"?>  
       </div> 
      </div> 
      <div class="co_paragraph"> 
       <div class="co_paragraphText">
         Some text. 
        <strong>Referenced 3</strong>
        <sup id="co_fnRef_Ib677d620f53911ebbacede1916a3b783_N10085"> <a name="co_fnRef_Ib677d620f53911ebbacede1916a3b783_N10085" class="tr_ftn" ftnname="co_footnote_Ib677d620f53911ebbacede1916a3b783" href="#co_footnote_Ib677d620f53911ebbacede1916a3b783" page="106">  3</a> </sup> 
       </div> 
       <div class="co_paragraphText"> <?pb label="107"?> <?pb label="108"?>  
       </div> 
      </div> 
      <div class="co_paragraph"> 
       <div class="co_paragraphText">
         Referenced 4
        <sup id="co_fnRef_Ib677d620f53911ebbacede1916a3b784_N10085"> <a name="co_fnRef_Ib677d620f53911ebbacede1916a3b784_N10085" class="tr_ftn" ftnname="co_footnote_Ib677d620f53911ebbacede1916a3b784" href="#co_footnote_Ib677d620f53911ebbacede1916a3b784" page="108">  4</a> </sup><?pb label="109"?> 
       </div> 
       <div class="co_paragraphText">  
       </div> 
      </div> 
      <div class="co_paragraph"> 
       <div class="co_paragraphText">
         Some text 
       </div> Referenced 5
       <sup id="co_fnRef_Ib677d620f53911ebbacede1916a3b785_N10085"> <a name="co_fnRef_Ib677d620f53911ebbacede1916a3b785_N10085" class="tr_ftn" ftnname="co_footnote_Ib677d620f53911ebbacede1916a3b785" href="#co_footnote_Ib677d620f53911ebbacede1916a3b785" page="109">  5</a> </sup><?pb label="110"?> 
       <div class="co_paragraphText"> 
       </div> 
      </div> 
      <div class="co_paragraph">
        Some text 
       <div class="co_paragraphText">
         Referenced 6 and 7
        <sup id="co_fnRef_Ib677d620f53911ebbacede1916a3b786_N10085"> <a name="co_fnRef_Ib677d620f53911ebbacede1916a3b786_N10085" class="tr_ftn" ftnname="co_footnote_Ib677d620f53911ebbacede1916a3b786" href="#co_footnote_Ib677d620f53911ebbacede1916a3b786" page="110">  6</a> </sup>
        <sup id="co_fnRef_Ib677d620f53911ebbacede1916a3b787_N10085"> <a name="co_fnRef_Ib677d620f53911ebbacede1916a3b787_N10085" class="tr_ftn" ftnname="co_footnote_Ib677d620f53911ebbacede1916a3b787" href="#co_footnote_Ib677d620f53911ebbacede1916a3b787" page="110">  7</a> </sup>
       </div>  
       <div class="co_paragraphText">  
       </div> 
      </div> 
      <div class="co_paragraph"> 
       <div class="co_paragraphText"></div> 
       <div class="co_paragraphText">  
       </div> 
      </div> 
      <div class="co_paragraph"> 
       <div class="co_paragraphText">
         Referenced 8
        <sup id="co_fnRef_Ib677d620f53911ebbacede1916a3b788_N10085"> <a name="co_fnRef_Ib677d620f53911ebbacede1916a3b788_N10085" class="tr_ftn" ftnname="co_footnote_Ib677d620f53911ebbacede1916a3b788" href="#co_footnote_Ib677d620f53911ebbacede1916a3b788" page="110">  8</a> </sup> 
       </div> 
      </div> 
      <div class="co_paragraph"> 
       <div class="co_paragraphText">
         Referenced 8_2
        <sup id="co_fnRef_Ib677d620f53911ebbacede1916a3b788_N10086"> <a class="co_footnoteReference" href="#co_footnote_Ib677d620f53911ebbacede1916a3b788">8</a> </sup>
       </div> 
       <div class="co_paragraphText">  
       </div> 
      </div> 
      <div class="co_paragraph"> 
       <div class="co_paragraphText"> 
        <a>Referenced 9</a>
        <sup id="co_fnRef_Ib677d620f53911ebbacede1916a3b789_N10085"> <a name="co_fnRef_Ib677d620f53911ebbacede1916a3b789_N10085" class="tr_ftn" ftnname="co_footnote_Ib677d620f53911ebbacede1916a3b789" href="#co_footnote_Ib677d620f53911ebbacede1916a3b789" page="110">  9</a> </sup>  
       </div> 
      </div> 
      <div class="co_paragraph"> 
       <div class="co_paragraphText"> 
        <a>Referenced 10</a>
        <sup id="co_fnRef_Ib677d620f53911ebbacede1916a3b790_N10085"> <a name="co_fnRef_Ib677d620f53911ebbacede1916a3b790_N10085" class="tr_ftn" ftnname="co_footnote_Ib677d620f53911ebbacede1916a3b790" href="#co_footnote_Ib677d620f53911ebbacede1916a3b790" page="110">  10</a> </sup> 
       </div> 
       <div class="co_paragraphText">  
       </div> 
      </div> 
     </div>  
    </div> 
   </div> 
  </section>
  <section class="tr_footnotes"><?pb label="101"?> 
   <div class="co_page_number">
    101
   </div><?pb label="102"?>
   <div class="co_page_number">
    102
   </div><?pb label="103"?>
   <div class="co_page_number">
    103
   </div><?pb label="104"?>
   <div class="co_page_number">
    104
   </div><?pb label="1145"?> 
   <div class="tr_footnote">
    <div class="footnote">
     <sup class="co_footnoteNumber"> <span id="co_footnote_Ib677d620f53911ebbacede1916a3b781"> <a name="co_footnote_Ib677d620f53911ebbacede1916a3b781" class="tr_ftn" ftnname="co_fnRef_Ib677d620f53911ebbacede1916a3b781_N10053" href="" page="1145"> 1</a> </span> </sup> 
     <div class="co_footnoteBody er_rp_search_volume_content_data"> 
      <div class="footnote_body">
       text
      </div> 
     </div>
    </div>
   </div> 
   <div class="tr_footnote">
    <div class="footnote">
     <sup class="co_footnoteNumber"> <span id="co_footnote_Ib677d620f53911ebbacede1916a3b782"> <a name="co_footnote_Ib677d620f53911ebbacede1916a3b782" class="tr_ftn" ftnname="co_fnRef_Ib677d620f53911ebbacede1916a3b782_N10085" href="" page="1145"> 2</a> </span> </sup> 
     <div class="co_footnoteBody er_rp_search_volume_content_data"> 
      <div class="footnote_body footnote_body_box"> 
       <div class="co_paragraph"> 
        <div class="co_paragraphText">
         Footnote text.  
        </div> 
       </div> 
      </div>
      <div class="footnote_body footnote_body_bottom"> 
       <div class="co_paragraph"> 
        <div class="co_paragraphText">
         Footnote text. 
        </div>
       </div>
      </div>
     </div>
    </div>
   </div>
   <div class="co_page_number">
    1145
   </div><?pb label="106"?>
   <div>
    <div>
     <div>
      <div>
       <div class="co_paragraph">
        <div class="co_paragraphText"> 
        </div> 
       </div> 
      </div> 
     </div>
    </div>
   </div> 
   <div class="co_page_number">
    106
   </div><?pb label="107"?> 
   <div class="co_page_number">
    107
   </div><?pb label="108"?> 
   <div class="co_page_number">
    108
   </div><?pb label="109"?> 
   <div class="co_page_number">
    109
   </div><?pb label="110"?>  
   <div class="tr_footnote">
    <div class="footnote">
     <sup class="co_footnoteNumber"> <span id="co_footnote_Ib677d620f53911ebbacede1916a3b783"> <a name="co_footnote_Ib677d620f53911ebbacede1916a3b783" class="tr_ftn" ftnname="co_fnRef_Ib677d620f53911ebbacede1916a3b783_N10085" href="" page="110"> 3</a> </span> </sup> 
     <div class="co_footnoteBody er_rp_search_volume_content_data"> 
      <div class="footnote_body">
       text
      </div> 
     </div>
    </div>
   </div> 
   <div class="tr_footnote">
    <div class="footnote">
     <sup class="co_footnoteNumber"> <span id="co_footnote_Ib677d620f53911ebbacede1916a3b784"> <a name="co_footnote_Ib677d620f53911ebbacede1916a3b784" class="tr_ftn" ftnname="co_fnRef_Ib677d620f53911ebbacede1916a3b784_N10085" href="" page="110"> 4</a> </span> </sup> 
     <div class="co_footnoteBody er_rp_search_volume_content_data"> 
      <div class="footnote_body">
       text
      </div> 
     </div>
    </div>
   </div> 
   <div class="tr_footnote">
    <div class="footnote">
     <sup class="co_footnoteNumber"> <span id="co_footnote_Ib677d620f53911ebbacede1916a3b785"> <a name="co_footnote_Ib677d620f53911ebbacede1916a3b785" class="tr_ftn" ftnname="co_fnRef_Ib677d620f53911ebbacede1916a3b785_N10085" href="" page="110"> 5</a> </span> </sup> 
     <div class="co_footnoteBody er_rp_search_volume_content_data"> 
      <div class="footnote_body">
       text
      </div> 
     </div>
    </div>
   </div> 
   <div class="tr_footnote">
    <div class="footnote">
     <sup class="co_footnoteNumber"> <span id="co_footnote_Ib677d620f53911ebbacede1916a3b786"> <a name="co_footnote_Ib677d620f53911ebbacede1916a3b786" class="tr_ftn" ftnname="co_fnRef_Ib677d620f53911ebbacede1916a3b786_N10085" href="" page="110"> 6</a> </span> </sup> 
     <div class="co_footnoteBody er_rp_search_volume_content_data"> 
      <div class="footnote_body">
       text
      </div> 
     </div>
    </div>
   </div> 
   <div class="tr_footnote">
    <div class="footnote">
     <sup class="co_footnoteNumber"> <span id="co_footnote_Ib677d620f53911ebbacede1916a3b787"> <a name="co_footnote_Ib677d620f53911ebbacede1916a3b787" class="tr_ftn" ftnname="co_fnRef_Ib677d620f53911ebbacede1916a3b787_N10085" href="" page="110"> 7</a> </span> </sup> 
     <div class="co_footnoteBody er_rp_search_volume_content_data"> 
      <div class="footnote_body">
       text
      </div> 
     </div>
    </div>
   </div> 
   <div class="tr_footnote">
    <div class="footnote">
     <sup class="co_footnoteNumber"> <span id="co_footnote_Ib677d620f53911ebbacede1916a3b788"> <a name="co_footnote_Ib677d620f53911ebbacede1916a3b788" class="tr_ftn" ftnname="co_fnRef_Ib677d620f53911ebbacede1916a3b787_N10088" href="" page="110"> 8</a> </span> </sup> 
     <div class="co_footnoteBody er_rp_search_volume_content_data"> 
      <div class="footnote_body">
       text
      </div> 
     </div>
    </div>
   </div> 
   <div class="tr_footnote">
    <div class="footnote">
     <sup class="co_footnoteNumber"> <span id="co_footnote_Ib677d620f53911ebbacede1916a3b789"> <a name="co_footnote_Ib677d620f53911ebbacede1916a3b789" class="tr_ftn" ftnname="co_fnRef_Ib677d620f53911ebbacede1916a3b789_N10085" href="" page="110"> 9</a> </span> </sup> 
     <div class="co_footnoteBody er_rp_search_volume_content_data"> 
      <div class="footnote_body">
       text
      </div> 
     </div>
    </div>
   </div> 
   <div class="tr_footnote">
    <div class="footnote">
     <sup class="co_footnoteNumber"> <span id="co_footnote_Ib677d620f53911ebbacede1916a3b790"> <a name="co_footnote_Ib677d620f53911ebbacede1916a3b790" class="tr_ftn" ftnname="co_fnRef_Ib677d620f53911ebbacede1916a3b790_N10085" href="" page="110"> 10</a> </span> </sup> 
     <div class="co_footnoteBody er_rp_search_volume_content_data"> 
      <div class="footnote_body">
       text
      </div> 
     </div>
    </div>
   </div>  
   <div class="co_page_number">
    110
   </div>
  </section> 
 </body> 
</html>