NE9B98150DF1811DC9702ED6752F9EEB6-000545,N2B2C9BC0709611DA941ED2CF24A3A24D-0000011|N5AD5D760709611DA941ED2CF24A3A24D-0003562|NE9B98150DF1811DC9702ED6752F9EEB6-0005453|
Ifd6da79174a611e094d30000837bc6dd,Ifd6da79074a611e094d30000837bc6dd|
I94ef56b4e1e311da9c26e67ca3b71335,I94ef56b3e1e311da9c26e67ca3b71335|
I94eff2f1e1e311da9c26e67ca3b71335,I94eff2f0e1e311da9c26e67ca3b71335|
I94fa5333e1e311da9c26e67ca3b71335,I94fa5332e1e311da9c26e67ca3b71335|
I94eda908e1e311da9c26e67ca3b71335,I94eda907e1e311da9c26e67ca3b71335|
I94cbf034e1e311da9c26e67ca3b71335,I94cbf033e1e311da9c26e67ca3b71335|
I94ed5ae0e1e311da9c26e67ca3b71335,I94cd28b8e1e311da9c26e67ca3b71335|
I94f9b704e1e311da9c26e67ca3b71335,I94f9b703e1e311da9c26e67ca3b71335|
I94f968d5e1e311da9c26e67ca3b71335,I94f968d4e1e311da9c26e67ca3b71335|
I94edf725e1e311da9c26e67ca3b71335,I94edf724e1e311da9c26e67ca3b71335|
I94f941c8e1e311da9c26e67ca3b71335,I94f941c7e1e311da9c26e67ca3b71335|
I94fa0522e1e311da9c26e67ca3b71335,I94fa0521e1e311da9c26e67ca3b71335|
I94fa0516e1e311da9c26e67ca3b71335,I94fa0515e1e311da9c26e67ca3b71335|
I7f6c4652293411e7bf68ba7292b45da3,I7f6c4651293411e7bf68ba7292b45da3|
I94f9b710e1e311da9c26e67ca3b71335,I94f9b70fe1e311da9c26e67ca3b71335|
I94f32740e1e311da9c26e67ca3b71335,I94f3003fe1e311da9c26e67ca3b71335|
I94f9de11e1e311da9c26e67ca3b71335,I94f9de10e1e311da9c26e67ca3b71335|
I94f9b6f5e1e311da9c26e67ca3b71335,I94f9b6f4e1e311da9c26e67ca3b71335|
I94ed81fae1e311da9c26e67ca3b71335,I94ed81f9e1e311da9c26e67ca3b71335|
I94f98ff5e1e311da9c26e67ca3b71335,I94f98ff4e1e311da9c26e67ca3b71335|
I94f968e1e1e311da9c26e67ca3b71335,I94f968e0e1e311da9c26e67ca3b71335|
I94fa2c34e1e311da9c26e67ca3b71335,I94fa2c33e1e311da9c26e67ca3b71335|
I94ee4541e1e311da9c26e67ca3b71335,I94ee4540e1e311da9c26e67ca3b71335|
I94f12b73e1e311da9c26e67ca3b71335,I94f12b72e1e311da9c26e67ca3b71335|
I94eda90be1e311da9c26e67ca3b71335,I94eda90ae1e311da9c26e67ca3b71335|
I94f08f32e1e311da9c26e67ca3b71335,I94f08f31e1e311da9c26e67ca3b71335|
I94cd28b3e1e311da9c26e67ca3b71335,I94cd28b2e1e311da9c26e67ca3b71335|
I94f3274fe1e311da9c26e67ca3b71335,I94f3274ee1e311da9c26e67ca3b71335|
I94ee6c58e1e311da9c26e67ca3b71335,I94ee6c57e1e311da9c26e67ca3b71335|
I94f12b76e1e311da9c26e67ca3b71335,I94f12b75e1e311da9c26e67ca3b71335|
I94edd011e1e311da9c26e67ca3b71335,I94edd010e1e311da9c26e67ca3b71335|
I94f2d92be1e311da9c26e67ca3b71335,I94f2d92ae1e311da9c26e67ca3b71335|
I94f39c7ee1e311da9c26e67ca3b71335,I94f39c7de1e311da9c26e67ca3b71335|
I94fa2c25e1e311da9c26e67ca3b71335,I94fa2c24e1e311da9c26e67ca3b71335|
I94f17998e1e311da9c26e67ca3b71335,I94f17997e1e311da9c26e67ca3b71335|
I94f3274ce1e311da9c26e67ca3b71335,I94f3274be1e311da9c26e67ca3b71335|
I94ef7dc8e1e311da9c26e67ca3b71335,I94ef7dc7e1e311da9c26e67ca3b71335|
I94f0b645e1e311da9c26e67ca3b71335,I94f0b644e1e311da9c26e67ca3b71335|
I94f34e5ee1e311da9c26e67ca3b71335,I94f34e5de1e311da9c26e67ca3b71335|
I94f9b6f2e1e311da9c26e67ca3b71335,I94f9b6f1e1e311da9c26e67ca3b71335|
I94eee181e1e311da9c26e67ca3b71335,I94eee180e1e311da9c26e67ca3b71335|
I94ee4544e1e311da9c26e67ca3b71335,I94ee4543e1e311da9c26e67ca3b71335|
I94f37564e1e311da9c26e67ca3b71335,I1c3ad730933c11da99e2b07024dacc26|I94f37563e1e311da9c26e67ca3b71335|
I94f968d2e1e311da9c26e67ca3b71335,I94f968d1e1e311da9c26e67ca3b71335|
I94ef2fa2e1e311da9c26e67ca3b71335,I94ef2fa1e1e311da9c26e67ca3b71335|
I94f941d1e1e311da9c26e67ca3b71335,I94f941d0e1e311da9c26e67ca3b71335|
I94cbc929e1e311da9c26e67ca3b71335,I94cbc928e1e311da9c26e67ca3b71335|
I94f9de05e1e311da9c26e67ca3b71335,I94f9de04e1e311da9c26e67ca3b71335|
I94f3003ae1e311da9c26e67ca3b71335,I94f30039e1e311da9c26e67ca3b71335|
I94fa0513e1e311da9c26e67ca3b71335,I94fa0512e1e311da9c26e67ca3b71335|
I94eee18de1e311da9c26e67ca3b71335,I94eee18ce1e311da9c26e67ca3b71335|
I94f37570e1e311da9c26e67ca3b71335,I94f3756fe1e311da9c26e67ca3b71335|
I94eeba71e1e311da9c26e67ca3b71335,I94eeba70e1e311da9c26e67ca3b71335|
I94f98fece1e311da9c26e67ca3b71335,I94f98febe1e311da9c26e67ca3b71335|
I94edd01de1e311da9c26e67ca3b71335,Ib978dbb0933b11da99e2b07024dacc26|I94edd01ce1e311da9c26e67ca3b71335|
I94f98fe9e1e311da9c26e67ca3b71335,I94f98fe8e1e311da9c26e67ca3b71335|
I94f01a01e1e311da9c26e67ca3b71335,I94f01a00e1e311da9c26e67ca3b71335|
I94ef56b1e1e311da9c26e67ca3b71335,I94ef56b0e1e311da9c26e67ca3b71335|
I94f06821e1e311da9c26e67ca3b71335,I94f06820e1e311da9c26e67ca3b71335|
I94f9de1de1e311da9c26e67ca3b71335,I6059a720933c11da99e2b07024dacc26|I94f9de1ce1e311da9c26e67ca3b71335|
I94eda905e1e311da9c26e67ca3b71335,I94eda904e1e311da9c26e67ca3b71335|
I94f1799be1e311da9c26e67ca3b71335,I94f1799ae1e311da9c26e67ca3b71335|
I94f1528ee1e311da9c26e67ca3b71335,I94f1528de1e311da9c26e67ca3b71335|
I8d3f5b62abfc11eb9556ebeb5689819a,I8d3f5b61abfc11eb9556ebeb5689819a|
I94f01a04e1e311da9c26e67ca3b71335,I94f01a03e1e311da9c26e67ca3b71335|
I94f486d4e1e311da9c26e67ca3b71335,I94f486d3e1e311da9c26e67ca3b71335|
I94eee18ae1e311da9c26e67ca3b71335,I94eee189e1e311da9c26e67ca3b71335|
I94cd28b6e1e311da9c26e67ca3b71335,I94cd28b5e1e311da9c26e67ca3b71335|
I94f968d8e1e311da9c26e67ca3b71335,I94f968d7e1e311da9c26e67ca3b71335|
I63036ce1542b11dfa2a4f8f98376a475,I63036ce0542b11dfa2a4f8f98376a475|
I94ef089be1e311da9c26e67ca3b71335,I94ef089ae1e311da9c26e67ca3b71335|
I94ed81f7e1e311da9c26e67ca3b71335,I94ed81f6e1e311da9c26e67ca3b71335|
I94f968e4e1e311da9c26e67ca3b71335,I94f968e3e1e311da9c26e67ca3b71335|
I94f30037e1e311da9c26e67ca3b71335,I94f30036e1e311da9c26e67ca3b71335|
I94f52313e1e311da9c26e67ca3b71335,I94f52312e1e311da9c26e67ca3b71335|
I94fa5336e1e311da9c26e67ca3b71335,I94fa5335e1e311da9c26e67ca3b71335|
I94cbf031e1e311da9c26e67ca3b71335,I94cbf030e1e311da9c26e67ca3b71335|
I94f941c5e1e311da9c26e67ca3b71335,I94f941c4e1e311da9c26e67ca3b71335|
I94f15285e1e311da9c26e67ca3b71335,I94f15284e1e311da9c26e67ca3b71335|
I94f37561e1e311da9c26e67ca3b71335,I94f37560e1e311da9c26e67ca3b71335|
I94fa052ee1e311da9c26e67ca3b71335,I94fa052de1e311da9c26e67ca3b71335|
I94fa2c2be1e311da9c26e67ca3b71335,I94fa2c2ae1e311da9c26e67ca3b71335|
I94f3c38be1e311da9c26e67ca3b71335,I94f3c38ae1e311da9c26e67ca3b71335|
I94f12b70e1e311da9c26e67ca3b71335,I94f10460e1e311da9c26e67ca3b71335|
I94ed81fde1e311da9c26e67ca3b71335,I94ed81fce1e311da9c26e67ca3b71335|
I94f9b6f8e1e311da9c26e67ca3b71335,I94f9b6f7e1e311da9c26e67ca3b71335|
I94f9b707e1e311da9c26e67ca3b71335,I94f9b706e1e311da9c26e67ca3b71335|
I94f0b642e1e311da9c26e67ca3b71335,I94f0b641e1e311da9c26e67ca3b71335|
I67919ab2114511e69f7284fc34408711,I97a8da30933b11da99e2b07024dacc26|I67919ab1114511e69f7284fc34408711|
I94f968dbe1e311da9c26e67ca3b71335,I94f968dae1e311da9c26e67ca3b71335|
I94f54a21e1e311da9c26e67ca3b71335,I94f54a20e1e311da9c26e67ca3b71335|
I94eee184e1e311da9c26e67ca3b71335,I94eee183e1e311da9c26e67ca3b71335|
I94f411a1e1e311da9c26e67ca3b71335,I94f411a0e1e311da9c26e67ca3b71335|
I94f9b6fbe1e311da9c26e67ca3b71335,I94f9b6fae1e311da9c26e67ca3b71335|
I94ee1e3be1e311da9c26e67ca3b71335,I94ee1e3ae1e311da9c26e67ca3b71335|
I94f9b70de1e311da9c26e67ca3b71335,I94f9b70ce1e311da9c26e67ca3b71335|
I94f3c38ee1e311da9c26e67ca3b71335,I94f3c38de1e311da9c26e67ca3b71335|
I94f9de02e1e311da9c26e67ca3b71335,I94f9de01e1e311da9c26e67ca3b71335|
I94fa2c28e1e311da9c26e67ca3b71335,I94fa2c27e1e311da9c26e67ca3b71335|
I94ef7dc5e1e311da9c26e67ca3b71335,I94ef7dc4e1e311da9c26e67ca3b71335|
I94f08f35e1e311da9c26e67ca3b71335,I94f08f34e1e311da9c26e67ca3b71335|
I94f15288e1e311da9c26e67ca3b71335,I94f15287e1e311da9c26e67ca3b71335|
I94f17995e1e311da9c26e67ca3b71335,I94f17994e1e311da9c26e67ca3b71335|
I94f2d922e1e311da9c26e67ca3b71335,I94f2d921e1e311da9c26e67ca3b71335|
I94f98fe6e1e311da9c26e67ca3b71335,I94f98fe5e1e311da9c26e67ca3b71335|
I94fa2c37e1e311da9c26e67ca3b71335,I94fa2c36e1e311da9c26e67ca3b71335|
I94edf728e1e311da9c26e67ca3b71335,I94edf727e1e311da9c26e67ca3b71335|
I94fa2c3ae1e311da9c26e67ca3b71335,I94fa2c39e1e311da9c26e67ca3b71335|
I94f34e5be1e311da9c26e67ca3b71335,I94f34e5ae1e311da9c26e67ca3b71335|
I94f98ff2e1e311da9c26e67ca3b71335,I94f98ff1e1e311da9c26e67ca3b71335|
I94ef089ee1e311da9c26e67ca3b71335,I94ef089de1e311da9c26e67ca3b71335|
I94f941cbe1e311da9c26e67ca3b71335,I94f941cae1e311da9c26e67ca3b71335|
I94eda902e1e311da9c26e67ca3b71335,I94eda901e1e311da9c26e67ca3b71335|
I94f1528be1e311da9c26e67ca3b71335,I94f1528ae1e311da9c26e67ca3b71335|
I94f3003de1e311da9c26e67ca3b71335,I94f3003ce1e311da9c26e67ca3b71335|
I94eeba74e1e311da9c26e67ca3b71335,I94eeba73e1e311da9c26e67ca3b71335|
I94fa0510e1e311da9c26e67ca3b71335,I94f9de1fe1e311da9c26e67ca3b71335|
I94ee1e38e1e311da9c26e67ca3b71335,I94ee1e37e1e311da9c26e67ca3b71335|
I94f34e58e1e311da9c26e67ca3b71335,I94f34e57e1e311da9c26e67ca3b71335|
I94edf72be1e311da9c26e67ca3b71335,I94edf72ae1e311da9c26e67ca3b71335|
I7b1db191186511ddb6329ec58aa60e30,I7b1db190186511ddb6329ec58aa60e30|
I94f9de17e1e311da9c26e67ca3b71335,I94f9de16e1e311da9c26e67ca3b71335|
I94f32746e1e311da9c26e67ca3b71335,I94f32745e1e311da9c26e67ca3b71335|
I94f968e7e1e311da9c26e67ca3b71335,I94f968e6e1e311da9c26e67ca3b71335|
I94f98ffee1e311da9c26e67ca3b71335,I94f98ffde1e311da9c26e67ca3b71335|
I94f52310e1e311da9c26e67ca3b71335,I94f486d6e1e311da9c26e67ca3b71335|
I94f0b64ee1e311da9c26e67ca3b71335,I94f0b64de1e311da9c26e67ca3b71335|
I94f98fe3e1e311da9c26e67ca3b71335,I94f98fe2e1e311da9c26e67ca3b71335|
I94edf72ee1e311da9c26e67ca3b71335,I94edf72de1e311da9c26e67ca3b71335|
I94f2d925e1e311da9c26e67ca3b71335,I94f2d924e1e311da9c26e67ca3b71335|
I94f3756de1e311da9c26e67ca3b71335,I94f3756ce1e311da9c26e67ca3b71335|
I94f39c75e1e311da9c26e67ca3b71335,I94f39c74e1e311da9c26e67ca3b71335|
I94f45fc1e1e311da9c26e67ca3b71335,I94f45fc0e1e311da9c26e67ca3b71335|
I94fa2c2ee1e311da9c26e67ca3b71335,I6a719380933c11da99e2b07024dacc26|I94fa2c2de1e311da9c26e67ca3b71335|
I94f3c388e1e311da9c26e67ca3b71335,I94f3c387e1e311da9c26e67ca3b71335|
I94f15282e1e311da9c26e67ca3b71335,I94f15281e1e311da9c26e67ca3b71335|
I94f941c2e1e311da9c26e67ca3b71335,I358217d0933c11da99e2b07024dacc26|I94f941c1e1e311da9c26e67ca3b71335|
I94cbc920e1e311da9c26e67ca3b71335,I9a7603f0933b11da99e2b07024dacc26|I94cba213e1e311da9c26e67ca3b71335|
I94f30034e1e311da9c26e67ca3b71335,I94f30033e1e311da9c26e67ca3b71335|
I94ef0898e1e311da9c26e67ca3b71335,I94ef0897e1e311da9c26e67ca3b71335|
I207934e58e9f11ea9fbe8dde40684bd1,I207934e48e9f11ea9fbe8dde40684bd1|
I94ef7dc2e1e311da9c26e67ca3b71335,I94ef7dc1e1e311da9c26e67ca3b71335|
I0dca9ef1417711de8f3fc76ff804157f,I0dca9ef0417711de8f3fc76ff804157f|
I94eee187e1e311da9c26e67ca3b71335,I94eee186e1e311da9c26e67ca3b71335|
I94cbc923e1e311da9c26e67ca3b71335,I94cbc922e1e311da9c26e67ca3b71335|
I94f941cee1e311da9c26e67ca3b71335,I94f941cde1e311da9c26e67ca3b71335|
I94f9b70ae1e311da9c26e67ca3b71335,I94f9b709e1e311da9c26e67ca3b71335|
I67919ab5114511e69f7284fc34408711,I67919ab4114511e69f7284fc34408711|
I94f9b6fee1e311da9c26e67ca3b71335,I94f9b6fde1e311da9c26e67ca3b71335|
I94f9de0ee1e311da9c26e67ca3b71335,I94f9de0de1e311da9c26e67ca3b71335|
I94ef2fa8e1e311da9c26e67ca3b71335,Id8e3eb20933b11da99e2b07024dacc26|I94ef2fa7e1e311da9c26e67ca3b71335|
I94f968eae1e311da9c26e67ca3b71335,I4157e0d0933c11da99e2b07024dacc26|I94f968e9e1e311da9c26e67ca3b71335|
I94ef0895e1e311da9c26e67ca3b71335,I94ef0894e1e311da9c26e67ca3b71335|
I94f39c72e1e311da9c26e67ca3b71335,I94f39c71e1e311da9c26e67ca3b71335|
I94f34e55e1e311da9c26e67ca3b71335,I94f34e54e1e311da9c26e67ca3b71335|
I94f54a24e1e311da9c26e67ca3b71335,I94f54a23e1e311da9c26e67ca3b71335|
I94fa052be1e311da9c26e67ca3b71335,I94fa052ae1e311da9c26e67ca3b71335|
I94f968dee1e311da9c26e67ca3b71335,I94f968dde1e311da9c26e67ca3b71335|
I4038bbe0558a11dca5f9d46486b7845f,I95acc6a0933c11da99e2b07024dacc26|I403894d0558a11dca5f9d46486b7845f|
I94fa051fe1e311da9c26e67ca3b71335,I94fa051ee1e311da9c26e67ca3b71335|
I94f3c385e1e311da9c26e67ca3b71335,I94f3c384e1e311da9c26e67ca3b71335|
I94ee6c52e1e311da9c26e67ca3b71335,I94ee6c51e1e311da9c26e67ca3b71335|
I94f17992e1e311da9c26e67ca3b71335,I94f17991e1e311da9c26e67ca3b71335|
I94ee1e35e1e311da9c26e67ca3b71335,I94ee1e34e1e311da9c26e67ca3b71335|
I94f12b7fe1e311da9c26e67ca3b71335,I94f12b7ee1e311da9c26e67ca3b71335|
I94ed81f4e1e311da9c26e67ca3b71335,I94ed81f3e1e311da9c26e67ca3b71335|
Iee975f91e42d11dab5319dfadde9ea3f,I6e16cdc0933c11da99e2b07024dacc26|I6e185460933c11da99e2b07024dacc26|Iee975f90e42d11dab5319dfadde9ea3f|
I94f08f38e1e311da9c26e67ca3b71335,I94f08f37e1e311da9c26e67ca3b71335|
I94fa0528e1e311da9c26e67ca3b71335,I94fa0527e1e311da9c26e67ca3b71335|
I94fa2c3de1e311da9c26e67ca3b71335,I7e83ab10933c11da99e2b07024dacc26|I94fa2c3ce1e311da9c26e67ca3b71335|
I94f32743e1e311da9c26e67ca3b71335,I94f32742e1e311da9c26e67ca3b71335|
I94fa5339e1e311da9c26e67ca3b71335,I94fa5338e1e311da9c26e67ca3b71335|
I94f08f3be1e311da9c26e67ca3b71335,I94f08f3ae1e311da9c26e67ca3b71335|
I94f486d1e1e311da9c26e67ca3b71335,I94f486d0e1e311da9c26e67ca3b71335|
I20790dd28e9f11ea9fbe8dde40684bd1,I20790dd18e9f11ea9fbe8dde40684bd1|
I94f30031e1e311da9c26e67ca3b71335,I94f30030e1e311da9c26e67ca3b71335|
I94edf722e1e311da9c26e67ca3b71335,I94edf721e1e311da9c26e67ca3b71335|
I94fa0525e1e311da9c26e67ca3b71335,I94fa0524e1e311da9c26e67ca3b71335|
I94f0b64be1e311da9c26e67ca3b71335,I94f0b64ae1e311da9c26e67ca3b71335|
I94f98fe0e1e311da9c26e67ca3b71335,I94f968efe1e311da9c26e67ca3b71335|
I94f98fefe1e311da9c26e67ca3b71335,I4b277990933c11da99e2b07024dacc26|I94f98feee1e311da9c26e67ca3b71335|
I94f3756ae1e311da9c26e67ca3b71335,I94f37569e1e311da9c26e67ca3b71335|
I94fa0519e1e311da9c26e67ca3b71335,I94fa0518e1e311da9c26e67ca3b71335|
I94cbf037e1e311da9c26e67ca3b71335,I9f85f1c0933b11da99e2b07024dacc26|I94cbf036e1e311da9c26e67ca3b71335|
I94ef2fabe1e311da9c26e67ca3b71335,I94ef2faae1e311da9c26e67ca3b71335|
I94f98ffbe1e311da9c26e67ca3b71335,I94f98ffae1e311da9c26e67ca3b71335|
I94f2d928e1e311da9c26e67ca3b71335,I94f2d927e1e311da9c26e67ca3b71335|
I94f9de08e1e311da9c26e67ca3b71335,I94f9de07e1e311da9c26e67ca3b71335|
I94ee6c55e1e311da9c26e67ca3b71335,I94ee6c54e1e311da9c26e67ca3b71335|
I94ee9360e1e311da9c26e67ca3b71335,I94ee6c5de1e311da9c26e67ca3b71335|
I94f32749e1e311da9c26e67ca3b71335,I94f32748e1e311da9c26e67ca3b71335|
I94eff2f4e1e311da9c26e67ca3b71335,I94eff2f3e1e311da9c26e67ca3b71335|
I94ee454de1e311da9c26e67ca3b71335,I94ee454ce1e311da9c26e67ca3b71335|
I207934e28e9f11ea9fbe8dde40684bd1,I207934e18e9f11ea9fbe8dde40684bd1|
I94cd28b0e1e311da9c26e67ca3b71335,I94cd01a0e1e311da9c26e67ca3b71335|
I94f9de14e1e311da9c26e67ca3b71335,I94f9de13e1e311da9c26e67ca3b71335|
I94edd014e1e311da9c26e67ca3b71335,I94edd013e1e311da9c26e67ca3b71335|
Icbcfa40195cb11e4a7a2f300942ac02c,Icbcfa40095cb11e4a7a2f300942ac02c|
I94fa5330e1e311da9c26e67ca3b71335,I94fa2c3fe1e311da9c26e67ca3b71335|
I94f39c78e1e311da9c26e67ca3b71335,I94f39c77e1e311da9c26e67ca3b71335|
I94fa2c31e1e311da9c26e67ca3b71335,I94fa2c30e1e311da9c26e67ca3b71335|
I94f98ff8e1e311da9c26e67ca3b71335,I94f98ff7e1e311da9c26e67ca3b71335|
I94f34e52e1e311da9c26e67ca3b71335,I94f34e51e1e311da9c26e67ca3b71335|
I94f0b648e1e311da9c26e67ca3b71335,I94f0b647e1e311da9c26e67ca3b71335|
I94ee6c5be1e311da9c26e67ca3b71335,I94ee6c5ae1e311da9c26e67ca3b71335|
I94f9de1ae1e311da9c26e67ca3b71335,I94f9de19e1e311da9c26e67ca3b71335|
I94ee4547e1e311da9c26e67ca3b71335,I94ee4546e1e311da9c26e67ca3b71335|
I94f37567e1e311da9c26e67ca3b71335,I94f37566e1e311da9c26e67ca3b71335|
I94fa051ce1e311da9c26e67ca3b71335,I94fa051be1e311da9c26e67ca3b71335|
I94fa2c22e1e311da9c26e67ca3b71335,I94fa2c21e1e311da9c26e67ca3b71335|
I94ed81f1e1e311da9c26e67ca3b71335,I94ed81f0e1e311da9c26e67ca3b71335|
I94f3c382e1e311da9c26e67ca3b71335,I94f3c381e1e311da9c26e67ca3b71335|
I94cbf03ae1e311da9c26e67ca3b71335,I94cbf039e1e311da9c26e67ca3b71335|
I94ee1e32e1e311da9c26e67ca3b71335,I94ee1e31e1e311da9c26e67ca3b71335|
I94cba211e1e311da9c26e67ca3b71335,I97b7f560933b11da99e2b07024dacc26|I97c45170933b11da99e2b07024dacc26|I94cba210e1e311da9c26e67ca3b71335|
I94cbc926e1e311da9c26e67ca3b71335,I94cbc925e1e311da9c26e67ca3b71335|
I94f12b79e1e311da9c26e67ca3b71335,I94f12b78e1e311da9c26e67ca3b71335|
I94f39c7be1e311da9c26e67ca3b71335,I94f39c7ae1e311da9c26e67ca3b71335|
I94ef0892e1e311da9c26e67ca3b71335,I94ef0891e1e311da9c26e67ca3b71335|
I94f968ede1e311da9c26e67ca3b71335,I94f968ece1e311da9c26e67ca3b71335|
I94f9de0be1e311da9c26e67ca3b71335,I94f9de0ae1e311da9c26e67ca3b71335|
I94edd017e1e311da9c26e67ca3b71335,I94edd016e1e311da9c26e67ca3b71335|
I94ef2fa5e1e311da9c26e67ca3b71335,I94ef2fa4e1e311da9c26e67ca3b71335|
I94edd01ae1e311da9c26e67ca3b71335,I94edd019e1e311da9c26e67ca3b71335|
I94f9b701e1e311da9c26e67ca3b71335,I94f9b700e1e311da9c26e67ca3b71335|
I94f2b211e1e311da9c26e67ca3b71335,I94f2b210e1e311da9c26e67ca3b71335|
I94f08f3ee1e311da9c26e67ca3b71335,I94f08f3de1e311da9c26e67ca3b71335|
I94ee9363e1e311da9c26e67ca3b71335,I94ee9362e1e311da9c26e67ca3b71335|
I5b655f31d0c011db8f4a96b57f34e349,I5b655f30d0c011db8f4a96b57f34e349|
I94f12b7ce1e311da9c26e67ca3b71335,I94f12b7be1e311da9c26e67ca3b71335|
I94ee454ae1e311da9c26e67ca3b71335,I94ee4549e1e311da9c26e67ca3b71335|
