<html xmlns="http://www.w3.org/1999/xhtml"> 
 <head> 
  <meta http-equiv="content-type" content="text/html; charset=utf-8" /> 
  <meta http-equiv="X-UA-Compatible" content="IE=edge,chrome=1" /> 
  <title>PUBLISHING INFORMATION</title> 
 </head> 
 <body> 
  <section> 
   <a name="inlineTocAnchor"></a>
   <div style="text-align: left; margin-top: 1.275em; font-weight: bold; font-size: 1.5em; ">
    Summary of Contents
   </div>
   <div style="text-align: left; margin-top: 0.425em; margin-left: 0.00em; ">
    <a href="er:#inlineToc/sumI97a8">Toc 1</a>
   </div>
   <div style="text-align: left; margin-top: 0.425em; margin-left: 0.50em; ">
    <a href="er:#inlineToc/sumI97a9">Toc 2</a>
   </div>
   <div style="text-align: left; margin-top: 1.275em; font-weight: bold; font-size: 1.5em; ">
    Table of Contents
   </div>
   <div style="text-align: left; margin-top: 0.850em; margin-left: 0.00em; font-weight: bold; text-transform: uppercase; ">
    <a name="sumI97a8" href="er:#I5885e15011c411e68073fa8dc60233b8/I97a8">Toc 1</a>
   </div>
   <div style="text-align: left; margin-top: 0.850em; margin-left: 0.50em; font-weight: bold; text-transform: uppercase; ">
    <a name="sumI97a9" href="er:#I5885e15011c411e68073fa8dc60233b8/I97a9">Toc 2</a>
   </div>
   <div style="text-align: left; margin-top: 0.425em; margin-left: 1.00em; ">
    <a name="sumI97aa" href="er:#I5885e15011c411e68073fa8dc60233b8/I97aa">Live</a>
   </div>
   <div style="text-align: left; margin-top: 0.425em; margin-left: 1.00em; ">
    <a name="sumI97ab" href="er:cw/eg/split_book_pt2/v1#I97ac/I97ab">Case 1</a>
   </div>
   <div style="text-align: left; margin-top: 0.425em; margin-left: 1.50000000000000025em; ">
    <a name="sumI97ac" href="er:cw/eg/split_book_pt2/v1#I97ac/I97ac">Missing 1</a>
   </div>
   <div style="text-align: left; margin-top: 0.425em; margin-left: 1.00em; ">
    <a name="sumI97ad" href="er:cw/eg/split_book_pt2/v1#I0b12194095cc11e4a692d49183167da5/I97ad">Live</a>
   </div>
   <div style="text-align: left; margin-top: 0.425em; margin-left: 1.00em; ">
    <a name="sumI97ae" href="er:cw/eg/split_book_pt3/v1#I89e5c1200f5a11da9cd1b8ea82133782/I97ae">Case 2</a>
   </div>
   <div style="text-align: left; margin-top: 0.425em; margin-left: 1.50000000000000025em; ">
    <a name="sumI97af" href="er:cw/eg/split_book_pt3/v1#I97af/I97af">Missing 2</a>
   </div>
   <div style="text-align: left; margin-top: 0.425em; margin-left: 1.50000000000000025em; ">
    <a name="sumI97b0" href="er:cw/eg/split_book_pt3/v1#I89e5c1200f5a11da9cd1b8ea82133782/I97b0">Live 2</a>
   </div>
   <div style="text-align: left; margin-top: 0.425em; margin-left: 1.00em; ">
    <a name="sumI97b1" href="er:cw/eg/split_book_pt4/v1#I8a0fb7510f5a11da9cd1b8ea82133782/I97b1">Case 3</a>
   </div>
   <div style="text-align: left; margin-top: 0.425em; margin-left: 1.50000000000000025em; ">
    <a name="sumI97b2" href="er:cw/eg/split_book_pt4/v1#I8a0fb7510f5a11da9cd1b8ea82133782/I97b2">Live 3</a>
   </div>
   <div style="text-align: left; margin-top: 0.425em; margin-left: 1.50000000000000025em; ">
    <a name="sumI97b3" href="er:cw/eg/split_book_pt4/v1#I97b3/I97b3">Missing 3</a>
   </div>
   <div style="text-align: left; margin-top: 0.425em; margin-left: 1.00em; ">
    <a name="sumI97b4" href="er:cw/eg/split_book_pt4/v1#I97b5/I97b4">Case 4</a>
   </div>
   <div style="text-align: left; margin-top: 0.425em; margin-left: 1.50000000000000025em; ">
    <a name="sumI97b5" href="er:cw/eg/split_book_pt4/v1#I97b5/I97b5">Missing 4.1</a>
   </div>
   <div style="text-align: left; margin-top: 0.425em; margin-left: 1.50000000000000025em; ">
    <a name="sumI97b6" href="er:cw/eg/split_book_pt4/v1#I97b6/I97b6">Missing 4.2</a>
   </div>
   <div style="text-align: left; margin-top: 0.425em; margin-left: 1.00em; ">
    <a name="sumI97b7" href="er:cw/eg/split_book_pt4/v1#I97b7/I97b7">Case 5 Missing</a>
   </div>
  </section> 
 </body> 
</html>