<!DOCTYPE html PUBLIC "-//W3C//DTD XHTML 1.1//EN" "http://www.w3.org/TR/xhtml11/DTD/xhtml11.dtd"> 
<html xmlns="http://www.w3.org/1999/xhtml"> 
 <head> 
  <meta http-equiv="content-type" content="text/html; charset=utf-8" /> 
  <meta http-equiv="X-UA-Compatible" content="IE=edge,chrome=1" /> 
  <title>Thomson Reuters eBook</title> 
  <link rel="stylesheet" type="text/css" href="er:#document" /> 
 </head> 
 <body class="co_t2Left"> 
  <section class="co_docDisplay"><?pb label="2"?>
   <a name="Icbcfa40095cb11e4a7a2f300942ac02c"></a>
   <div id="ebookGeneratorKeyciteInfo" class="co_flush x_introPara">
    <a href="https://www.westlaw.com/Search/Results.html?query=kc%3AMDLITMAN+PREMAT%3BMULTIDISTRICT+LIT+MAN+PRELIMINARY+MATERIALS%3BMDLITMANPREMAT%3B&amp;jurisdiction=ALLCASES&amp;contentType=ALL&amp;startIndex=1&amp;transitionType=Search&amp;contextData=(sc.Default)&amp;rs=ebbp3.0&amp;vr=3.0"><img src="er:#keycite" alt="KeyCite This Document" /></a>
   </div>
   <div id="coid_website_documentWidgetDiv">
    <div id="co_document" class="co_document co_commentary co_commentaryEnhancement"> 
     <div> 
      <div class="co_cites">
        Multidistrict Lit Man Preliminary Materials 
      </div> 
      <div class="co_contentBlock co_briefItState co_propBlock">
       <div class="co_publicationLine"> 
        <div class="co_headtext">
         Multidistrict Litigation Manual
        </div> 
        <span class="co_verticalDivider"> | </span>
        <div class="co_date">
          May 2018 Update 
        </div>
       </div> 
       <div class="co_contentBlock co_briefItState co_authorLine"> 
        <span>David F. Herr<sup id="co_fnRef_I0191b201680911e88f4a9c1f64101294_N1005A"><a name="co_fnRef_I0191b201680911e88f4a9c1f64101294_N1005A" class="tr_ftn" ftnname="co_footnote_I0191b201680911e88f4a9c1f64101294" href="#co_footnote_I0191b201680911e88f4a9c1f64101294" page="2">a0</a></sup> </span> 
       </div> 
      </div>
     </div> 
     <div class="co_message"> 
     </div> 
     <div class="co_title"> 
      <div class="co_headtext">
       Preliminary Materials
      </div> 
     </div> 
     <div class="co_contentBlock x_introBlock"> 
      <div class="co_headtext co_hAlign2">
       ACKNOWLEDGEMENTS
      </div> 
      <div class="co_paragraph"> 
       <div class="co_paragraphText">
        This book would not exist but for the support and assistance received from many sources. As always, my family has been supportive and encouraging. My friends have excused my occasional preoccupation with reading Panel decisions and writing up these developments. I continue to be indebted to my law partners and my law firm, Maslon, LLP, for their support, advice, and assistance. Our clients have provided the wonderful and rich education in complex litigation in many state and federal courts. I am honored to be able to help solve the litigation problems they have faced. 
       </div> 
      </div> 
      <div class="co_paragraph"> 
       <div class="co_paragraphText">
        Lynnette Shanahan, Patricia Porter, and Dixie Rud have provided able assistance in putting these materials on paper. As always, I also appreciate the sacrifices and forbearances of my family. 
       </div> 
      </div> 
      <div class="co_paragraph"> 
       <div class="co_paragraphText">
        The Panel Clerk's office has been a tremendous resource for making this book more useful to those who practice before the Panel. The Clerk of the Panel, Jeffery N. Lüthi, continues in the fine tradition of the office, and has shared useful insights into the work of the Panel. The former Clerk of the Panel, Michael J. Beck, provided invaluable assistance and guidance in the preparation of this book. This assistance is typical of that offered to all litigants with matters before the Panel. It is especially appreciated by this author. Patricia Howard, who served from the Panel's inception until early 1999, was similarly helpful. 
       </div> 
      </div> 
      <div class="co_paragraph"> 
       <div class="co_paragraphText">
        It should go without saying, but any errors that remain are my sole responsibility. If you find one, please let me know so I can fix it. 
       </div> 
      </div> 
      <div class="co_paragraph"> 
       <div class="co_paragraphText">
        David F. Herr
       </div> 
      </div> 
      <div class="co_headtext co_hAlign2">
       Dedication
      </div> 
      <div class="co_paragraph"> 
       <div class="co_paragraphText">
        To
       </div> 
      </div> 
      <div class="co_paragraph"> 
       <div class="co_paragraphText">
        Mary Kay
       </div> 
      </div> 
      <div class="co_headtext co_hAlign2">
       Preface
      </div> 
      <div class="co_paragraph"> 
       <div class="co_paragraphText">
        The Judicial Panel on Multidistrict Litigation is a unique, and important, part of the federal judiciary. The Panel exists to decide a single question: Where can cases pending in more than one district best be heard for pretrial proceedings? Its members include judges from around the country who already have one full-time job as district or circuit judge. The Panel handles thousands of cases and provides one of the most important means of efficient and fair case management in the federal judiciary. It regularly meets for one day of hearings a month and has, since its inception, handled over 2,700 separate dockets and tens of thousands of cases. 
       </div> 
      </div> 
      <div class="co_paragraph"> 
       <div class="co_paragraphText">
        This work is in some ways the reincarnation of my earlier work on the Panel, 
        <span class="co_smallCaps"> Multidistrict Litigation</span>, published in 1985 and long out of print. This new work covers the ascendent role of the Panel and many of its significant accomplishments during the past decades and provides detailed annotations to the Multidistrict Litigation statute, 
        <a id="co_link_I49fbb5a0680811e8afdbaa41d3b28a1d" class="co_link co_drag ui-draggable" href="https://www.westlaw.com/Link/Document/FullText?findType=L&amp;pubNum=1000546&amp;cite=28USCAS1407&amp;originatingDoc=I02000000000000000000000000000000&amp;refType=LQ&amp;originationContext=ebook&amp;RS=ebbp3.0&amp;vr=3.0">28 U.S.C.A. § 1407</a>. The Panel is publishing many of its decisions, and this work reviews those decisions and analyzes and explains the ins and outs of practice before the Panel. The Panel continues to play a central role in complex, multidistrict litigation, and recent legislation, including the Class Action Fairness Act of 2005, only enhances its ability to manage litigation. 
       </div> 
      </div> 
      <div class="co_paragraph"> 
       <div class="co_paragraphText">
        This book is intended to provide guidance for the lawyer or party who faces the potential transfer of a case filed in the home district and now subject to transfer anywhere in the country. Because of the fundamentally practical nature of the Panel's mission, this book tries to answer as many of the practical questions litigants face. It is not a scholarly treatise—it is without apology a practice manual. In some cases, all this book may do is guide the reader to the Panel Rule that answers the question. 
       </div> 
      </div> 
      <div class="co_paragraph"> 
       <div class="co_paragraphText">
        Thanks to the following lawyers and judges who have made thoughtful comments and suggestions for the improvement of this Manual. 
       </div> 
      </div> 
      <div id="co_anchor_I18619780822411e48893910b0d614351"> 
       <table> 
        <tr>
         <td class="co_hAlign1 co_vAlign3 " style="width:38%"> </td>
         <td class="co_hAlign1 co_vAlign3 " style="width:63%"> </td>
        </tr> 
        <tr>
         <td class="co_hAlign1 co_vAlign3 " style="width:38%"> </td>
         <td class="co_hAlign1 co_vAlign3 " style="width:63%"> </td>
        </tr> 
        <tr>
         <td class="co_hAlign1 co_vAlign3 " style="width:38%"> </td>
         <td class="co_hAlign1 co_vAlign3 " style="width:63%"> </td>
        </tr> 
        <tr>
         <td class="co_hAlign1 co_vAlign3 " style="width:38%"> </td>
         <td class="co_hAlign1 co_vAlign3 " style="width:63%"> </td>
        </tr> 
       </table> 
      </div> 
      <div class="co_paragraph"> 
       <div class="co_paragraphText">
        Keep those cards and letters coming! 
       </div> 
      </div> 
      <div class="co_paragraph"> 
       <div class="co_paragraphText">
        Any suggestions for future editions will be appreciated. Contact the author at: 
       </div> 
      </div> 
      <div class="co_paragraph"> 
       <div class="co_paragraphText">
        Maslon, LLP
       </div> 
      </div> 
      <div class="co_paragraph"> 
       <div class="co_paragraphText">
        3300 Wells Fargo Center
       </div> 
      </div> 
      <div class="co_paragraph"> 
       <div class="co_paragraphText">
        90 South Seventh Street
       </div> 
      </div> 
      <div class="co_paragraph"> 
       <div class="co_paragraphText">
        Minneapolis, MN 55402-4140
       </div> 
      </div> 
      <div class="co_paragraph"> 
       <div class="co_paragraphText">
        (612) 672-8350 david.herr@maslon.com
       </div> 
      </div> 
      <div class="co_paragraph"> 
       <div class="co_paragraphText"> 
        <span class="co_smallCaps">David F. Herr</span> 
       </div> 
      </div> 
      <div class="co_paragraph"> 
       <div class="co_paragraphText">
        April 2018
       </div> 
      </div> 
     </div> <?pb label="3"?>  
    </div>
   </div> 
  </section>
  <section class="tr_footnotes"><?pb label="2"?>
   <div class="co_page_number">
    2
   </div><?pb label="3"?>
   <div class="tr_footnote">
    <div class="footnote">
     <sup class="co_footnoteNumber"><span id="co_footnote_I0191b201680911e88f4a9c1f64101294"><a name="co_footnote_I0191b201680911e88f4a9c1f64101294" class="tr_ftn" ftnname="co_fnRef_I0191b201680911e88f4a9c1f64101294_N1005A" href="" page="3">a0</a></span></sup> 
     <div class="co_footnoteBody er_rp_search_volume_content_data"> 
      <div class="footnote_body"> 
       <div class="co_paragraph">   
        <div class="co_paragraphText">
         Maslon Edelman Borman &amp; Brand, LLP, Minneapolis, Minnesota.  
        </div>  
       </div> 
      </div> 
     </div>
    </div>
   </div>
  </section> 
 </body> 
</html>