<!DOCTYPE html PUBLIC "-//W3C//DTD XHTML 1.1//EN" "http://www.w3.org/TR/xhtml11/DTD/xhtml11.dtd"> 
<html xmlns="http://www.w3.org/1999/xhtml"> 
 <head> 
  <meta http-equiv="content-type" content="text/html; charset=utf-8" /> 
  <meta http-equiv="X-UA-Compatible" content="IE=edge,chrome=1" /> 
  <title>Thomson Reuters eBook</title> 
  <link rel="stylesheet" type="text/css" href="er:#document" /> 
 </head> 
 <body class="co_t2Left"> 
  <section class="co_docDisplay"><?pb label="8"?> 
   <a name="I6e16cdc0933c11da99e2b07024dacc26"></a> 
   <a name="I6e185460933c11da99e2b07024dacc26"></a> 
   <a name="Iee975f90e42d11dab5319dfadde9ea3f"></a> 
   <div id="coid_website_documentWidgetDiv"> 
    <div id="co_document" class="co_document co_commentary co_commentaryEnhancement"> 
     <div class="co_contentBlock x_blueline" id="co_anchor_N293B8I4f9e496084fe11e3a975a0f88cd34057"> 
      <a name="co_anchor_N293B8I4f9e496084fe11e3a975a0f88cd34057"> 
       <div class="co_headtext">
        501. ——Recusal of transferee judge, retransfer, bifurcation, severance, remand and retransfer of actions and claims
       </div> 
       <div class="co_paragraph"> 
        <div class="co_paragraphText">
         Two of five private antitrust actions previously transferred to the Middle District of Louisiana would not be remanded to the Eastern District of Texas nor would litigation be retransferred to that district, despite contention that the Louisiana district was selected because of original transferee judge's familiarity with the facts involved and that recusal of such judge and the intended dismissal of the actions other than movant's actions dissolved the rationale for conducting coordinated or consolidated pretrial proceedings in that Louisiana forum, where there was no assurance that the other actions would be dismissed and the class on whose behalf certification was sought in movant's actions included members of the classes in the other actions. 
         <a id="co_link_Ibe577da16b3e11e981c298c9743468bd" class="co_link co_drag ui-draggable" href="https://www.westlaw.com/Link/Document/FullText?findType=Y&amp;serNum=1978124041&amp;pubNum=0000345&amp;originatingDoc=I04000000000000000000000000000000&amp;refType=RP&amp;originationContext=ebook&amp;RS=ebbp3.0&amp;vr=3.0">In re South Central States Bakery Products Antitrust Litigation, 462 F. Supp. 388 (J.P.M.L. 1978)</a>. 
         <a id="co_link_Ibe577da26b3e11e981c298c9743468bd" class="co_link" href="https://www.westlaw.com/Browse/Home/KeyNumber/170B/View.html?docGuid=I04000000000000000000000000000000&amp;originationContext=ebook&amp;RS=ebbp3.0&amp;vr=3.0">Federal Courts</a> 
         <img class="co_referenceKey co_vAlign2" alt="Key Number Symbol" src="er:#blackkey" />​ 
         <a id="co_link_Ibe577da36b3e11e981c298c9743468bd" class="co_link" href="https://www.westlaw.com/Browse/Home/KeyNumber/170Bk2954/View.html?docGuid=I04000000000000000000000000000000&amp;originationContext=ebook&amp;RS=ebbp3.0&amp;vr=3.0">2954</a> 
        </div> 
       </div> </a> 
     </div>     
    </div> 
   </div> 
  </section>
  <section class="co_footnoteSection co_briefItState tr_footnotes" id="co_footnoteSection"><?pb label="8"?> 
   <div class="co_page_number">
    8
   </div>
  </section> 
 </body> 
</html>