<!DOCTYPE html PUBLIC "-//W3C//DTD XHTML 1.1//EN" "http://www.w3.org/TR/xhtml11/DTD/xhtml11.dtd"> 
<html xmlns="http://www.w3.org/1999/xhtml"> 
 <head> 
  <meta http-equiv="content-type" content="text/html; charset=utf-8" /> 
  <meta http-equiv="X-UA-Compatible" content="IE=edge,chrome=1" /> 
  <title>Thomson Reuters eBook</title> 
  <link rel="stylesheet" type="text/css" href="er:#document" /> 
 </head> 
 <body class="co_t2Left"> 
  <section class="co_docDisplay"> 
   <a name="I403894d0558a11dca5f9d46486b7846f"></a> 
   <div id="coid_website_documentWidgetDiv"> 
    <div id="co_document" class="co_document co_commentary co_commentaryEnhancement"> 
     <div>  
      <div class="co_title"> 
       <div class="co_headtext">
        § 1:4. Optional provisions of contract
       </div> 
      </div> 
     </div> 
     <div class="co_message"> 
     </div> 
     <div class="co_contentBlock co_briefItState co_section"> 
      <div class="co_paragraph"> 
       <div class="co_paragraphText">
        For tax purposes
        <sup id="co_fnRef_I01a2f010680911e88f4a9c1f64100601_N10035"> <a name="co_fnRef_I01a2f010680911e88f4a9c1f64100601_N10035" class="tr_ftn" ftnname="co_footnote_I01a2f010680911e88f4a9c1f64100601" href="#co_footnote_I01a2f010680911e88f4a9c1f64100601">  1</a> </sup>, real property is placed in one of four categories.
       </div> 
      </div> 
      <div class="co_paragraph"> 
       <div class="co_paragraphText">
        The first category
        <sup id="co_fnRef_I01a2f010680911e88f4a9c1f64100602_N1003F"> <a name="co_fnRef_I01a2f010680911e88f4a9c1f64100602_N1003F" class="tr_ftn" ftnname="co_footnote_I01a2f010680911e88f4a9c1f64100602" href="#co_footnote_I01a2f010680911e88f4a9c1f64100602">  7</a> </sup> includes property held by a taxpayer for sale to customers. An occasional or casual sale is not covered, but once a taxpayer enters the business of selling real estate, he or she may become a dealer.
       </div> 
      </div> 
      <a ftnname="page_number_footnote_I06000000000000000000000000000000_23" name="page_number_fnRef_I06000000000000000000000000000000_23" href="#page_number_footnote_I06000000000000000000000000000000_23" class="tr_ftn"></a><?pb label="24"?> 
     </div>   
    </div> 
   </div> 
  </section>
  <section class="tr_footnotes">
   <div class="section-label">
     [Section 1:4] 
   </div> 
   <div class="tr_footnote">
    <div class="footnote">
     <sup class="co_footnoteNumber"> <span id="co_footnote_I01a2f010680911e88f4a9c1f64100601"> <a name="co_footnote_I01a2f010680911e88f4a9c1f64100601" class="tr_ftn" ftnname="co_fnRef_I01a2f010680911e88f4a9c1f64100601_N10035" href=""> 1</a> </span> </sup> 
     <div class="co_footnoteBody er_rp_search_volume_content_data"> 
      <div class="footnote_body"> 
       <div class="co_paragraph"> 
        <div class="co_paragraphText">
          See §§ 1:94 et seq 
        </div> 
       </div> 
      </div> 
     </div>
    </div>
   </div> 
   <div class="tr_footnote">
    <div class="footnote">
     <sup class="co_footnoteNumber"> <span id="co_footnote_I01a2f010680911e88f4a9c1f64100602"> <a name="co_footnote_I01a2f010680911e88f4a9c1f64100602" class="tr_ftn" ftnname="co_fnRef_I01a2f010680911e88f4a9c1f64100602_N1003F" href=""> 7</a> </span> </sup> 
     <div class="co_footnoteBody er_rp_search_volume_content_data"> 
      <div class="footnote_body footnote_body_box"> 
       <div class="co_paragraph"> 
        <div></div> 
        <div></div> 
        <div class="co_paragraphText">
          Purchaser breached real-estate contract by failing to have funds available to close. Ge Lin v. Ecclestone Signature Homes of Palm Beach,(section 1:4 footnote on page 23)LLC, 59 So. 3d 267, 74 U.C.C. Rep. Serv. 2d 293 (Fla. Dist. Ct. App. 4th Dist. 2011). (section 1:4 footnote on page 24) 
        </div> 
        <div></div> 
       </div> 
      </div>
      <div class="footnote_body footnote_body_bottom"> 
       <div class="co_paragraph"> 
        <div></div> 
        <div></div> 
        <div class="co_paragraphText">
          Purchaser breached real-estate contract by failing to have funds available to close. Ge Lin v. Ecclestone Signature Homes of Palm Beach,(section 1:4 footnote on page 23)
        </div>
       </div>
      </div>
     </div>
    </div>
   </div>
   <div class="tr_footnote"> 
    <div class="footnote"> 
     <sup class="co_footnoteNumber"> <a name="page_number_footnote_I06000000000000000000000000000000_23" class="tr_ftn" ftnname="page_number_fnRef_I06000000000000000000000000000000_23" href=""></a> </sup> 
     <div class="er_rp_search_volume_content_data"> 
      <div class="footnote_body"> 
       <div class="co_page_number">
        23
       </div> 
      </div> 
     </div> 
    </div> 
   </div><?pb label="24"?>
   <div>
    <div>
     <div>
      <div>
       <div class="co_paragraph">
        <div class="co_paragraphText">
         LLC, 59 So. 3d 267, 74 U.C.C. Rep. Serv. 2d 293 (Fla. Dist. Ct. App. 4th Dist. 2011). (section 1:4 footnote on page 24) 
        </div> 
        <div></div> 
       </div> 
      </div> 
     </div>
    </div>
   </div>
  </section> 
 </body> 
</html>