<!DOCTYPE html PUBLIC "-//W3C//DTD XHTML 1.1//EN" "http://www.w3.org/TR/xhtml11/DTD/xhtml11.dtd"> 
<html xmlns="http://www.w3.org/1999/xhtml"> 
 <head> 
  <meta http-equiv="content-type" content="text/html; charset=utf-8" /> 
  <meta http-equiv="X-UA-Compatible" content="IE=edge,chrome=1" /> 
  <title>Thomson Reuters eBook</title> 
  <link rel="stylesheet" type="text/css" href="er:#document" /> 
 </head> 
 <body class="co_t2Left"> 
  <section class="co_docDisplay">
   <a name="I95acc6a0933c11da99e2b07024dacc17"></a>
   <a name="I403894d0558a11dca5f9d46486b8847f"></a>
   <div id="coid_website_documentWidgetDiv">
    <div id="co_document" class="co_document co_commentary co_commentaryEnhancement"> 
     <div> 
      <div class="co_title"> 
       <div class="co_headtext">
        § 1:6. Applicability of Federal Truth in Lending Act, Real Estate Settlement Procedures Act, and Interstate Land Sales Full Disclosure Act
       </div> 
      </div>
     </div> 
     <div class="co_message"> 
     </div> 
     <div class="co_contentBlock co_briefItState co_section"> 
      <div class="co_paragraph"> 
       <div class="co_paragraphText">
        The taxpayer is conducting a business and the ordinary and reasonable expenses of the business are deductible against income realized from the operation.
       </div> 
      </div> <?pb label="25"?> 
      <div class="co_paragraph"> 
       <div class="co_paragraphText">
        The second category
        <sup id="co_fnRef_I01a2f010680911e88f4a9c1f64100801_N1003B"><a name="co_fnRef_I01a2f010680911e88f4a9c1f64100801_N1003B" class="tr_ftn" ftnname="co_footnote_I01a2f010680911e88f4a9c1f64100801" href="#co_footnote_I01a2f010680911e88f4a9c1f64100801" page="25">1</a></sup> of real estate is property used as a personal residence. This is technically a capital asset, which is the next category to be discussed.
       </div> 
      </div> <?pb label="26"?> 
      <div class="co_paragraph"> 
       <div class="co_paragraphText">
        Being a personal
        <sup id="co_fnRef_I01a2f010680911e88f4a9c1f64100802_N10045"><a name="co_fnRef_I01a2f010680911e88f4a9c1f64100802_N10045" class="tr_ftn" ftnname="co_footnote_I01a2f010680911e88f4a9c1f64100802" href="#co_footnote_I01a2f010680911e88f4a9c1f64100802" page="26">8080</a></sup> residence, however, causes different tax doctrines to apply. Gain on the sale of a residence held for longer than one year is taxed as long-term capital gain.
       </div> 
      </div> 
     </div> 
    </div>
   </div> 
  </section>
  <section class="tr_footnotes"> 
   <div class="co_page_number">
    24
   </div><?pb label="25"?>
   <div class="section-label">
    [Section 1:6]
   </div>
   <div class="tr_footnote">
    <div class="footnote">
     <sup class="co_footnoteNumber"><span id="co_footnote_I01a2f010680911e88f4a9c1f64100801"><a name="co_footnote_I01a2f010680911e88f4a9c1f64100801" class="tr_ftn" ftnname="co_fnRef_I01a2f010680911e88f4a9c1f64100801_N1003B" href="" page="25">1</a></span></sup> 
     <div class="co_footnoteBody er_rp_search_volume_content_data"> 
      <div class="footnote_body"> 
       <div class="co_paragraph"> 
        <div class="co_paragraphText">
         15 U.S.C.A. §§ 1601 et seq. (section 1:6 footnote on page 25) 
        </div> 
       </div> 
      </div> 
     </div>
    </div>
   </div> 
   <div class="co_page_number">
    25
   </div><?pb label="26"?> 
   <div class="tr_footnote">
    <div class="footnote">
     <sup class="co_footnoteNumberLarge"><span id="co_footnote_I01a2f010680911e88f4a9c1f64100802"><a name="co_footnote_I01a2f010680911e88f4a9c1f64100802" class="tr_ftn" ftnname="co_fnRef_I01a2f010680911e88f4a9c1f64100802_N10045" href="" page="26">8080</a></span></sup> 
     <div class="co_footnoteBody er_rp_search_volume_content_data"> 
      <div class="footnote_body"> 
       <div class="co_paragraph"> 
        <div class="co_paragraphText">
         See 12 U.S.C.A. § 2603. (section 1:6 footnote on page 26) 
        </div> 
       </div> 
      </div> 
     </div>
    </div>
   </div> 
  </section> 
 </body> 
</html>