<!DOCTYPE html PUBLIC "-//W3C//DTD XHTML 1.1//EN" "http://www.w3.org/TR/xhtml11/DTD/xhtml11.dtd"> 
<html xmlns="http://www.w3.org/1999/xhtml"> 
 <head> 
  <meta http-equiv="content-type" content="text/html; charset=utf-8" /> 
  <meta http-equiv="X-UA-Compatible" content="IE=edge,chrome=1" /> 
  <title>Thomson Reuters eBook</title> 
  <link rel="stylesheet" type="text/css" href="er:#document" /> 
 </head> 
 <body class="co_t2Left"> 
  <section class="co_docDisplay">
   <a name="I403894d0558a11dca5f9d46486b8918f"></a>
   <div id="coid_website_documentWidgetDiv">
    <div id="co_document" class="co_document co_commentary co_commentaryEnhancement"> 
     <div> 
      <div class="co_title"> 
       <div class="co_headtext">
        § 1:8. Applicability of the Florida Vacation and TimeSharing Act
       </div> 
      </div>
     </div> 
     <div class="co_message"> 
     </div> 
     <div class="co_contentBlock co_briefItState co_section"> 
      <div class="co_paragraph"> 
       <div class="co_paragraphText">
        The Florida Vacation and Timesharing Act1
        <sup id="co_fnRef_I01a2f010680911e88f4a9c1f64101001_N10035"><a name="co_fnRef_I01a2f010680911e88f4a9c1f64101001_N10035" class="tr_ftn" ftnname="co_footnote_I01a2f010680911e88f4a9c1f64101001" href="#co_footnote_I01a2f010680911e88f4a9c1f64101001">1</a></sup> establishes procedures for the creation, sale, and operation of timesharing plans, by which is meant any arrangement, plan, scheme, or similar device, but not including exchange programs, whether by membership, agreement, tenancy in <?pb label="27"?>common, sale, lease, deed, rental agreement, license, rightto-use agreement, or by any other means, whereby a purchaser, in exchange for consideration, receives a right to use accommodation or facilities, or both, for a speciﬁc period of time less than a full year during any given year, but not necessarily for consecutive years, and which extends for a period of more than three years. 
       </div> 
      </div> 
     </div> 
    </div>
   </div> 
  </section>
  <section class="tr_footnotes">
    [Section 1:8] 
   <div class="tr_footnote">   
    <div class="footnote">
     <sup class="co_footnoteNumber"><span id="co_footnote_I01a2f010680911e88f4a9c1f64101001"><a name="co_footnote_I01a2f010680911e88f4a9c1f64101001" class="tr_ftn" ftnname="co_fnRef_I01a2f010680911e88f4a9c1f64101001_N10035" href="">1</a></span></sup> 
     <div class="co_footnoteBody er_rp_search_volume_content_data"> 
      <div class="footnote_body"> 
       <div class="co_paragraph"> 
        <div class="co_paragraphText">
         §§ 721.01 et seq., Fla. Stat. 
         <div></div> The Florida Vacation and Timesharing Act, § 721.01, Fla. Stat., was formerly known as the Florida Real Estate Time Sharing Act (section 1:8 footnote on page 26) 
        </div> 
       </div> 
      </div> 
     </div>
    </div>
   </div> <?pb label="27"?> 
  </section> 
 </body> 
</html>