<!DOCTYPE html PUBLIC "-//W3C//DTD XHTML 1.1//EN" "http://www.w3.org/TR/xhtml11/DTD/xhtml11.dtd"> 
<html xmlns="http://www.w3.org/1999/xhtml"> 
 <head> 
  <meta http-equiv="content-type" content="text/html; charset=utf-8" /> 
  <meta http-equiv="X-UA-Compatible" content="IE=edge,chrome=1" /> 
  <title>Thomson Reuters eBook</title> 
  <link rel="stylesheet" type="text/css" href="er:#document" /> 
 </head> 
 <body class="co_t2Left"> 
  <section class="co_docDisplay"> 
   <a name="I403894d0558a11dca5f9d46486b8919f"></a> 
   <div id="coid_website_documentWidgetDiv"> 
    <div id="co_document" class="co_document co_commentary co_commentaryEnhancement"> 
     <div>  
      <div class="co_title"> 
       <div class="co_headtext">
        § 1:19. Residential dwelling units—Escrow deposits
       </div> 
      </div> 
     </div> 
     <div class="co_message"> 
     </div> 
     <div class="co_contentBlock co_briefItState co_section"> 
      <div class="co_paragraph"> 
       <div class="co_paragraphText">
        THE BUYER OF A ONE-FAMILY OR TWO-FAMILY RESIDENTIAL
        <sup id="co_fnRef_I01a2f010680911e88f4a9c1f64101101_N10035"> <a name="co_fnRef_I01a2f010680911e88f4a9c1f64101101_N10035" class="tr_ftn" ftnname="co_footnote_I01a2f010680911e88f4a9c1f64101101" href="#co_footnote_I01a2f010680911e88f4a9c1f64101101">  1</a> </sup> DWELLING UNIT HAS THE RIGHT TO HAVE ALL DEPOSIT FUNDS (UP TO 10% OF THE PURCHASE PRICE) DEPOS- 
        <a ftnname="page_number_footnote_I11000000000000000000000000000000_27" name="page_number_fnRef_I11000000000000000000000000000000_27" href="#page_number_footnote_I11000000000000000000000000000000_27" class="tr_ftn"></a><?pb label="28"?>ITED IN AN ESCROW
        <sup id="co_fnRef_I01a2f010680911e88f4a9c1f64101102_N10039"> <a name="co_fnRef_I01a2f010680911e88f4a9c1f64101102_N10039" class="tr_ftn" ftnname="co_footnote_I01a2f010680911e88f4a9c1f64101102" href="#co_footnote_I01a2f010680911e88f4a9c1f64101102">  2</a> </sup> ACCOUNT. THIS RIGHT MAY BE WAIVED, IN WRITING, BY THE BUYER.2
       </div> 
      </div> 
      <a ftnname="page_number_footnote_I11000000000000000000000000000000_28" name="page_number_fnRef_I11000000000000000000000000000000_28" href="#page_number_footnote_I11000000000000000000000000000000_28" class="tr_ftn"></a><?pb label="29"?> Content on page 29
      <sup id="co_fnRef_I01a2f010680911e88f4a9c1f64101103_N10043"> <a name="co_fnRef_I01a2f010680911e88f4a9c1f64101103_N10043" class="tr_ftn" ftnname="co_footnote_I01a2f010680911e88f4a9c1f64101103" href="#co_footnote_I01a2f010680911e88f4a9c1f64101103">  3</a> </sup> 
      <a ftnname="page_number_footnote_I11000000000000000000000000000000_29" name="page_number_fnRef_I11000000000000000000000000000000_29" href="#page_number_footnote_I11000000000000000000000000000000_29" class="tr_ftn"></a><?pb label="30"?> 
      <a ftnname="page_number_footnote_I11000000000000000000000000000000_30" name="page_number_fnRef_I11000000000000000000000000000000_30" href="#page_number_footnote_I11000000000000000000000000000000_30" class="tr_ftn"></a><?pb label="31"?> 
      <a ftnname="page_number_footnote_I11000000000000000000000000000000_31" name="page_number_fnRef_I11000000000000000000000000000000_31" href="#page_number_footnote_I11000000000000000000000000000000_31" class="tr_ftn"></a> 
     </div>   
    </div> 
   </div> 
  </section>
  <section class="tr_footnotes">
   [Section 1:19] 
   <div class="tr_footnote">   
    <div class="footnote">
     <sup class="co_footnoteNumber"> <span id="co_footnote_I01a2f010680911e88f4a9c1f64101101"> <a name="co_footnote_I01a2f010680911e88f4a9c1f64101101" class="tr_ftn" ftnname="co_fnRef_I01a2f010680911e88f4a9c1f64101101_N10035" href=""> 1</a> </span> </sup> 
     <div class="co_footnoteBody er_rp_search_volume_content_data"> 
      <div class="footnote_body"> 
       <div class="co_paragraph"> 
        <div class="co_paragraphText">
          section 1:9 footnote on page 27 
        </div> 
       </div> 
      </div> 
     </div>
    </div>
   </div> 
   <div class="tr_footnote"> 
    <div class="footnote"> 
     <sup class="co_footnoteNumber"> <a name="page_number_footnote_I11000000000000000000000000000000_27" class="tr_ftn" ftnname="page_number_fnRef_I11000000000000000000000000000000_27" href=""></a> </sup> 
     <div class="er_rp_search_volume_content_data"> 
      <div class="footnote_body"> 
       <div class="co_page_number">
        27
       </div> 
      </div> 
     </div> 
    </div> 
   </div><?pb label="28"?> 
   <div class="tr_footnote">   
    <div class="footnote">
     <sup class="co_footnoteNumber"> <span id="co_footnote_I01a2f010680911e88f4a9c1f64101102"> <a name="co_footnote_I01a2f010680911e88f4a9c1f64101102" class="tr_ftn" ftnname="co_fnRef_I01a2f010680911e88f4a9c1f64101102_N10039" href=""> 2</a> </span> </sup> 
     <div class="co_footnoteBody er_rp_search_volume_content_data"> 
      <div class="footnote_body"> 
       <div class="co_paragraph"> 
        <div class="co_paragraphText">
          section 1:9 footnote on page 28 
        </div> 
       </div> 
      </div> 
     </div>
    </div>
   </div> 
   <div class="tr_footnote"> 
    <div class="footnote"> 
     <sup class="co_footnoteNumber"> <a name="page_number_footnote_I11000000000000000000000000000000_28" class="tr_ftn" ftnname="page_number_fnRef_I11000000000000000000000000000000_28" href=""></a> </sup> 
     <div class="er_rp_search_volume_content_data"> 
      <div class="footnote_body"> 
       <div class="co_page_number">
        28
       </div> 
      </div> 
     </div> 
    </div> 
   </div><?pb label="29"?> 
   <div class="tr_footnote">   
    <div class="footnote">
     <sup class="co_footnoteNumber"> <span id="co_footnote_I01a2f010680911e88f4a9c1f64101103"> <a name="co_footnote_I01a2f010680911e88f4a9c1f64101103" class="tr_ftn" ftnname="co_fnRef_I01a2f010680911e88f4a9c1f64101103_N10043" href=""> 7</a> </span> </sup> 
     <div class="co_footnoteBody er_rp_search_volume_content_data"> 
      <div class="footnote_body"> 
       <div class="co_paragraph"> 
        <div class="co_paragraphText">
          section 1:9 footnote on page 29,
        </div>
       </div>
      </div>
     </div>
    </div>
   </div>
   <div class="tr_footnote"> 
    <div class="footnote"> 
     <sup class="co_footnoteNumber"> <a name="page_number_footnote_I11000000000000000000000000000000_29" class="tr_ftn" ftnname="page_number_fnRef_I11000000000000000000000000000000_29" href=""></a> </sup> 
     <div class="er_rp_search_volume_content_data"> 
      <div class="footnote_body"> 
       <div class="co_page_number">
        29
       </div> 
      </div> 
     </div> 
    </div> 
   </div><?pb label="30"?>
   <div>
    <div>
     <div>
      <div>
       <div class="co_paragraph">
        <div class="co_paragraphText">
          on page 30,
         <div class="tr_footnote"> 
          <div class="footnote"> 
           <sup class="co_footnoteNumber"> <a name="page_number_footnote_I11000000000000000000000000000000_30" class="tr_ftn" ftnname="page_number_fnRef_I11000000000000000000000000000000_30" href=""></a> </sup> 
           <div class="er_rp_search_volume_content_data"> 
            <div class="footnote_body"> 
             <div class="co_page_number">
              30
             </div> 
            </div> 
           </div> 
          </div> 
         </div><?pb label="31"?>and on page 31 
        </div> 
       </div> 
      </div> 
     </div>
    </div>
   </div> 
   <div class="tr_footnote"> 
    <div class="footnote"> 
     <sup class="co_footnoteNumber"> <a name="page_number_footnote_I11000000000000000000000000000000_31" class="tr_ftn" ftnname="page_number_fnRef_I11000000000000000000000000000000_31" href=""></a> </sup> 
     <div class="er_rp_search_volume_content_data"> 
      <div class="footnote_body"> 
       <div class="co_page_number">
        31
       </div> 
      </div> 
     </div> 
    </div> 
   </div>
  </section> 
 </body> 
</html>