<!DOCTYPE html PUBLIC "-//W3C//DTD XHTML 1.1//EN" "http://www.w3.org/TR/xhtml11/DTD/xhtml11.dtd"> 
<html xmlns="http://www.w3.org/1999/xhtml"> 
 <head> 
  <meta http-equiv="content-type" content="text/html; charset=utf-8" /> 
  <meta http-equiv="X-UA-Compatible" content="IE=edge,chrome=1" /> 
  <title>Thomson Reuters eBook</title> 
  <link rel="stylesheet" type="text/css" href="er:#document" /> 
 </head> 
 <body class="co_t2Left"> 
  <section class="co_docDisplay"><?pb label="299"?> 
   <a name="I403894d0558a11dca5f9d46486b8920f"></a> <?pb label="300"?> 
   <div id="coid_website_documentWidgetDiv"> 
    <div id="co_document" class="co_document co_commentary co_commentaryEnhancement"> 
     <div class="co_contentBlock co_briefItState co_section">
       Main <?pb label="301"?>text 
      <sup id="co_fnRef_I01a2f010680911e88f4a9c1f64101001_N1010B"> <a name="co_fnRef_I01a2f010680911e88f4a9c1f64101001_N1010B" class="tr_ftn" ftnname="co_footnote_I01a2f010680911e88f4a9c1f64101001" href="#co_footnote_I01a2f010680911e88f4a9c1f64101001" page="301">  1</a> </sup> section 
      <sup id="co_fnRef_I01a2f010680911e88f4a9c1f64101002_N1010B"> <a name="co_fnRef_I01a2f010680911e88f4a9c1f64101002_N1010B" class="tr_ftn" ftnname="co_footnote_I01a2f010680911e88f4a9c1f64101002" href="#co_footnote_I01a2f010680911e88f4a9c1f64101002" page="301">  2</a> </sup> <?pb label="302"?>  
     </div>   
    </div> 
   </div> 
  </section>
  <section class="tr_footnotes"><?pb label="299"?>
   <div class="co_page_number">
    299
   </div><?pb label="300"?> 
   <div class="tr_footnote">
    <div class="footnote">
     <sup class="co_footnoteNumber"> <span id="co_footnote_I01a2f010680911e88f4a9c1f64101001"> <a name="co_footnote_I01a2f010680911e88f4a9c1f64101001" class="tr_ftn" ftnname="co_fnRef_I01a2f010680911e88f4a9c1f64101001_N1010B" href="" page="300"> 1</a> </span> </sup> 
     <div class="co_footnoteBody er_rp_search_volume_content_data"> 
      <div class="footnote_body footnote_body_box"> 
       <div class="co_paragraph">
         footnote body 
        <a class="co_link co_drag ui-draggable" href="https://www.westlaw.com/Link/Document/FullText?findType=L&amp;pubNum=1000546&amp;cite=28USCAS144&amp;originatingDoc=I12000000000000000000000000000000&amp;refType=LQ&amp;originationContext=ebook&amp;RS=ebbp3.0&amp;vr=3.0">Link 
         <div class="co_italic co_inline">
           italic 
         </div> 
         <div class="co_smallCaps co_inline">
           small caps 
         </div></a> 
       </div> 
      </div>
      <div class="footnote_body footnote_body_bottom"> 
       <div class="co_paragraph">
         footnote 
       </div>
      </div>
     </div>
    </div>
   </div>
   <div class="co_page_number">
    300
   </div><?pb label="301"?>
   <div>
    <div>
     <div>
      <div>
       <div class="co_paragraph">
        body 
        <a id="co_link_I00058933680811e88b0db243518bf1b6" class="co_link co_drag ui-draggable" href="https://www.westlaw.com/Link/Document/FullText?findType=L&amp;pubNum=1000546&amp;cite=28USCAS144&amp;originatingDoc=I12000000000000000000000000000000&amp;refType=LQ&amp;originationContext=ebook&amp;RS=ebbp3.0&amp;vr=3.0">Link 
         <div class="co_italic co_inline">
           italic 
         </div> 
         <div class="co_smallCaps co_inline">
           small caps 
         </div></a> 
       </div> 
      </div> 
     </div>
    </div>
   </div> 
   <div class="tr_footnote">
    <div class="footnote">
     <sup class="co_footnoteNumber"> <span id="co_footnote_I01a2f010680911e88f4a9c1f64101002"> <a name="co_footnote_I01a2f010680911e88f4a9c1f64101002" class="tr_ftn" ftnname="co_fnRef_I01a2f010680911e88f4a9c1f64101002_N1010B" href="" page="301"> 2</a> </span> </sup> 
     <div class="co_footnoteBody er_rp_search_volume_content_data"> 
      <div class="footnote_body footnote_body_box"> 
       <div class="co_paragraph">
         another 
        <a class="co_link co_drag ui-draggable" href="https://www.westlaw.com/Link/Document/FullText?findType=L&amp;pubNum=1000546&amp;cite=28USCAS145&amp;originatingDoc=I12000000000000000000000000000000&amp;refType=LQ&amp;originationContext=ebook&amp;RS=ebbp3.0&amp;vr=3.0">Link 2 
         <div class="co_italic co_inline">
           italic  next page 
         </div> 
         <div class="co_smallCaps co_inline">
           uppper case 
         </div></a> 
        <div class="co_italic co_inline">
          Broken link Jackson v. Virginia 
        </div> 
        <a class="co_link co_drag ui-draggable" href="er:#I5885e15011c411e681706a8dc60233b8/I403894d0558a11dca5f9d46486b7846f">Internal link 001</a> 
        <a class="co_internalLink" href="er:#I0b12194095cc11e4a692d49183167da5/Icbcfa40095cb11e4a7a2f300942ac02c">Internal link 002</a> “the litigation ‘testimony of witnesses’ ” 
       </div> 
      </div>
      <div class="footnote_body footnote_body_bottom"> 
       <div class="co_paragraph">
         another 
        <a id="co_link_I00058933680811e88b0db243518bf1b7" class="co_link co_drag ui-draggable" href="https://www.westlaw.com/Link/Document/FullText?findType=L&amp;pubNum=1000546&amp;cite=28USCAS145&amp;originatingDoc=I12000000000000000000000000000000&amp;refType=LQ&amp;originationContext=ebook&amp;RS=ebbp3.0&amp;vr=3.0">Link 2 
         <div class="co_italic co_inline">
           italic 
         </div></a>
       </div>
      </div>
     </div>
    </div>
   </div>
   <div class="co_page_number">
    301
   </div><?pb label="302"?>
   <div>
    <div>
     <div>
      <div>
       <div class="co_paragraph">
        <a class="co_link co_drag ui-draggable" href="https://www.westlaw.com/Link/Document/FullText?findType=L&amp;pubNum=1000546&amp;cite=28USCAS145&amp;originatingDoc=I12000000000000000000000000000000&amp;refType=LQ&amp;originationContext=ebook&amp;RS=ebbp3.0&amp;vr=3.0">
         <div class="co_italic co_inline">
           next page 
         </div> 
         <div class="co_smallCaps co_inline">
           uppper case 
         </div></a> 
        <div class="co_italic co_inline">
          Broken link Jackson v. Virginia 
        </div> 
        <a id="co_link_Ideebe97119c011eb9186f10f857b4088" class="co_link co_drag ui-draggable" href="er:#I5885e15011c411e681706a8dc60233b8/I403894d0558a11dca5f9d46486b7846f">Internal link 001</a> 
        <a id="co_link_Ideebe97119c011eb9186f10f857b4089" class="co_internalLink" href="er:#I0b12194095cc11e4a692d49183167da5/Icbcfa40095cb11e4a7a2f300942ac02c">Internal link 002</a> “the litigation ‘testimony of witnesses’ ” 
       </div> 
      </div> 
     </div>
    </div>
   </div> 
   <div class="co_page_number">
    302
   </div>
  </section> 
 </body> 
</html>