<!DOCTYPE html PUBLIC "-//W3C//DTD XHTML 1.1//EN" "http://www.w3.org/TR/xhtml11/DTD/xhtml11.dtd"> 
<html xmlns="http://www.w3.org/1999/xhtml"> 
 <head> 
  <meta http-equiv="content-type" content="text/html; charset=utf-8" /> 
  <meta http-equiv="X-UA-Compatible" content="IE=edge,chrome=1" /> 
  <title>Thomson Reuters eBook</title> 
  <link rel="stylesheet" type="text/css" href="er:#document" /> 
 </head> 
 <body class="co_t2Left"> 
  <section class="co_docDisplay"><?pb label="315"?> 
   <a name="I403894d0558a11dca5f9d46486b8920f"></a> 
   <div id="coid_website_documentWidgetDiv"> 
    <div id="co_document" class="co_document co_commentary co_commentaryEnhancement"> 
     <div class="co_contentBlock co_briefItState co_section"> 
      <div>
       Text 1
      </div> <?pb label="316"?> <?pb label="317"?> 
      <div>
       Text 2
      </div> <?pb label="318"?> <?pb label="319"?> 
      <div>
       Text 3
      </div> 
     </div> 
    </div> 
   </div> 
  </section>
  <section class="tr_footnotes"><?pb label="315"?>
   <div class="co_page_number">
    315
   </div><?pb label="316"?>
   <div class="co_page_number">
    316
   </div><?pb label="317"?>
   <div class="co_page_number">
    317
   </div><?pb label="318"?>
   <div class="co_page_number">
    318
   </div><?pb label="319"?>
  </section> 
 </body> 
</html>