<html xmlns="http://www.w3.org/1999/xhtml"> 
 <head> 
  <meta http-equiv="content-type" content="text/html; charset=utf-8" /> 
  <meta http-equiv="X-UA-Compatible" content="IE=edge,chrome=1" /> 
  <title>PUBLISHING INFORMATION</title> 
 </head> 
 <body> 
  <section> 
   <a name="inlineTocAnchor"></a>
   <div style="text-align: left; margin-top: 1.275em; font-weight: bold; font-size: 1.5em; ">
    Summary of Contents
   </div>
   <div style="text-align: left; margin-top: 0.425em; margin-left: 0.00em; ">
    <a href="er:#inlineToc/sum1">Toc 1</a>
   </div>
   <div style="text-align: left; margin-top: 0.425em; margin-left: 0.50em; ">
    <a href="er:#inlineToc/sum2">Toc 2</a>
   </div>
   <div style="text-align: left; margin-top: 1.275em; font-weight: bold; font-size: 1.5em; ">
    Table of Contents
   </div>
   <div style="text-align: left; margin-top: 0.850em; margin-left: 0.00em; font-weight: bold; text-transform: uppercase; ">
    <a name="sum1" href="er:#I5885e15011c411e68073fa8dc60233b8/1">Toc 1</a>
   </div>
   <div style="text-align: left; margin-top: 0.850em; margin-left: 0.50em; font-weight: bold; text-transform: uppercase; ">
    <a name="sum2" href="er:#I5885e15011c411e68073fa8dc60233b8/2">Toc 2</a>
   </div>
   <div style="text-align: left; margin-top: 0.425em; margin-left: 1.00em; ">
    <a name="sumIcbcfa40095cb11e4a7a2f300942ac02c" href="er:#NE4D3920046AF11E59A00ABA1B3B75BAD907/Icbcfa40095cb11e4a7a2f300942ac02c">Case 1</a>
   </div>
   <div style="text-align: left; margin-top: 0.425em; margin-left: 1.50000000000000025em; ">
    <a name="sumNE4D3920046AF11E59A00ABA1B3B75BAD907" href="er:#NE4D3920046AF11E59A00ABA1B3B75BAD907/NE4D3920046AF11E59A00ABA1B3B75BAD907">Missing document 1</a>
   </div>
   <div style="text-align: left; margin-top: 0.425em; margin-left: 1.00em; ">
    <a name="sumI97a8da30933b11da99e2b07024dacc26" href="er:#I5885e15011c411e68073fa8dc60233b8/I97a8da30933b11da99e2b07024dacc26">Case 2</a>
   </div>
   <div style="text-align: left; margin-top: 0.425em; margin-left: 1.50000000000000025em; ">
    <a name="sumNE4D3920046AF11E59A00ABA1B3B75BAD908" href="er:#NE4D3920046AF11E59A00ABA1B3B75BAD908/NE4D3920046AF11E59A00ABA1B3B75BAD908">Missing document 2</a>
   </div>
   <div style="text-align: left; margin-top: 0.425em; margin-left: 1.50000000000000025em; ">
    <a name="sumI67919ab1114511e69f7284fc34408711" href="er:#I5885e15011c411e68073fa8dc60233b8/I67919ab1114511e69f7284fc34408711">Live document 2</a>
   </div>
   <div style="text-align: left; margin-top: 0.425em; margin-left: 1.00em; ">
    <a name="sumIcbcfa40095cb11e4a7a2f300942ac02e" href="er:#I0b12194095cc11e4a692d49183167da5/Icbcfa40095cb11e4a7a2f300942ac02e">Case 3</a>
   </div>
   <div style="text-align: left; margin-top: 0.425em; margin-left: 1.50000000000000025em; ">
    <a name="sumI67919ab1114511e69f7284fc34408713" href="er:#I0b12194095cc11e4a692d49183167da5/I67919ab1114511e69f7284fc34408713">Live document 3</a>
   </div>
   <div style="text-align: left; margin-top: 0.425em; margin-left: 1.50000000000000025em; ">
    <a name="sumNE4D3920046AF11E59A00ABA1B3B75BAD909" href="er:#NE4D3920046AF11E59A00ABA1B3B75BAD909/NE4D3920046AF11E59A00ABA1B3B75BAD909">Missing document 3</a>
   </div>
  </section> 
 </body> 
</html>