FrontMatterTitle|FrontMatterTitle.html|1
Copyright|Copyright.html|1
ResearchAssistance|ResearchAssistance.html|1
Westlaw|Westlaw.html|1
N0B264080BFE211D8AE2C9667069B36F5|N0B264080BFE211D8AE2C9667069B36F5.html|1|img1.html,img2.html,
NBAC58782AFF711D8803AE0632FEDDFBF|NBAC58782AFF711D8803AE0632FEDDFBF.html|2
NC0B797F0AFF711D8803AE0632FEDDFBF|NC0B797F0AFF711D8803AE0632FEDDFBF.html|2
NBAA41CD1AFF711D8803AE0632FEDDFBF|NBAA41CD1AFF711D8803AE0632FEDDFBF.html|2
NBD05DA91AFF711D8803AE0632FEDDFBF|NBD05DA91AFF711D8803AE0632FEDDFBF.html|2
NB427F4D1AFF711D8803AE0632FEDDFBF|NB427F4D1AFF711D8803AE0632FEDDFBF.html|2
NB70942D0AFF711D8803AE0632FEDDFBF|NB70942D0AFF711D8803AE0632FEDDFBF.html|2
NBAC73530AFF711D8803AE0632FEDDFBF|NBAC73530AFF711D8803AE0632FEDDFBF.html|2
NB4CA2840AFF711D8803AE0632FEDDFBF|NB4CA2840AFF711D8803AE0632FEDDFBF.html|2
NB6E9D3F0AFF711D8803AE0632FEDDFBF|NB6E9D3F0AFF711D8803AE0632FEDDFBF.html|2
NB715ED00AFF711D8803AE0632FEDDFBF|NB715ED00AFF711D8803AE0632FEDDFBF.html|2
NB6974721AFF711D8803AE0632FEDDFBF|NB6974721AFF711D8803AE0632FEDDFBF.html|2
NBD5448B0AFF711D8803AE0632FEDDFBF|NBD5448B0AFF711D8803AE0632FEDDFBF.html|2
N2FCB3E80BFE311D8ABD6CC93AF995F92|N2FCB3E80BFE311D8ABD6CC93AF995F92.html|4
NB6C77EE1AFF711D8803AE0632FEDDFBF|NB6C77EE1AFF711D8803AE0632FEDDFBF.html|4
NB9047690AFF711D8803AE0632FEDDFBF|NB9047690AFF711D8803AE0632FEDDFBF.html|4
NC0864EC0AFF711D8803AE0632FEDDFBF|NC0864EC0AFF711D8803AE0632FEDDFBF.html|4
NB76322A0AFF711D8803AE0632FEDDFBF|NB76322A0AFF711D8803AE0632FEDDFBF.html|4
NBCA480B0AFF711D8803AE0632FEDDFBF|NBCA480B0AFF711D8803AE0632FEDDFBF.html|4
NBAB9EEC1AFF711D8803AE0632FEDDFBF|NBAB9EEC1AFF711D8803AE0632FEDDFBF.html|4|img5.html,
NB867C161AFF711D8803AE0632FEDDFBF|NB867C161AFF711D8803AE0632FEDDFBF.html|5
NC15E5F40AFF711D8803AE0632FEDDFBF|NC15E5F40AFF711D8803AE0632FEDDFBF.html|5
