<title apiversion="v1" titleversion="v1.0" id="uscl/an/test" lastupdated="20200710" language="eng" status="Review" onlineexpiration="29991231"><features><feature name="Print"/><feature name="OnePassSSO" value="www.westlaw.com"/><feature name="OnePassSSO" value="next.westlaw.com"/><feature name="PageNos"/><feature name="SpanPages"/></features><material/><artwork src="coverArt.png" type="cover"/><assets><asset id="legal_topic" src="legal_topic.jpg"/></assets><name>Book Name</name><authors><author>.</author></authors><keywords/><toc><entry s="FrontMatterTitle/FrontMatterTitleAnchor"><text>Title Page</text></entry><entry s="inlineToc/summaryTocAnchor"><text>Summary of Contents</text></entry><entry s="inlineToc/detailedTocAnchor"><text>Table of Contents</text></entry><entry s="Copyright/PublishingInformationAnchor"><text>PUBLISHING INFORMATION</text><entry s="Copyright/CopyrightAnchor"><text>Copyright Page</text></entry><entry s="ResearchAssistance/ResearchAssistanceAnchor"><text>Additional Information or Research Assistance</text></entry><entry s="Westlaw/WestlawAnchor"><text>Westlaw</text></entry></entry><entry s="proviewId/I4a237531a11e11eaadf4bd150ee02bff"><text>1:1. Introduction</text></entry></toc><docs><doc id="FrontMatterTitle" src="FrontMatterTitle.html"/><doc id="inlineToc" src="inlineToc.html"/><doc id="Copyright" src="Copyright.html"/><doc id="ResearchAssistance" src="ResearchAssistance.html"/><doc id="Westlaw" src="Westlaw.html"/><doc id="proviewId" src="docGuid.html"/></docs><isbn>045927693X</isbn></title>