<!DOCTYPE html PUBLIC "-//W3C//DTD XHTML 1.1//EN" "http://www.w3.org/TR/xhtml11/DTD/xhtml11.dtd"> 
<html xmlns="http://www.w3.org/1999/xhtml"> 
 <head> 
  <meta http-equiv="content-type" content="text/html; charset=utf-8" /> 
  <meta http-equiv="X-UA-Compatible" content="IE=edge,chrome=1" /> 
  <title>Thomson Reuters eBook</title> 
  <link rel="stylesheet" type="text/css" href="er:#document" /> 
 </head> 
 <body class="co_t2Left"> 
  <section class="co_docDisplay"><?pb label="101"?> 
   <a name="I97a8da30933b11da99e2b07024dacc26"></a> 
   <a name="I67919ab1114511e69f7284fc34408711"></a> 
   <div id="coid_website_documentWidgetDiv"> 
    <div id="co_document" class="co_document co_commentary co_commentaryEnhancement"> 
     <div class="co_contentBlock co_briefItState co_section"> 
      <div class="co_paragraph"> 
       <div class="co_paragraphText">
        Page 101<?pb label="102"?>Page 102<?pb label="103"?>Page 103
        <sup id="co_fnRef_Ife500ff07af811eb85999927c99691d3_N10053"> <a name="co_fnRef_Ife500ff07af811eb85999927c99691d3_N10053" class="tr_ftn" ftnname="co_footnote_Ife500ff07af811eb85999927c99691d3" href="#co_footnote_Ife500ff07af811eb85999927c99691d3" page="103">  1</a> </sup> 
       </div> 
      </div> 
     </div>    
    </div> 
   </div> 
  </section>
  <section class="tr_footnotes"><?pb label="101"?> 
   <div class="co_page_number">
    101
   </div><?pb label="102"?>
   <div class="co_page_number">
    102
   </div><?pb label="103"?>
   <div class="co_page_number">
    103
   </div>
  </section> 
 </body> 
</html>