<!DOCTYPE html PUBLIC "-//W3C//DTD XHTML 1.1//EN" "http://www.w3.org/TR/xhtml11/DTD/xhtml11.dtd"> 
<html xmlns="http://www.w3.org/1999/xhtml"> 
 <head> 
  <meta http-equiv="content-type" content="text/html; charset=utf-8" /> 
  <meta http-equiv="X-UA-Compatible" content="IE=edge,chrome=1" /> 
  <title>Thomson Reuters eBook</title> 
  <link rel="stylesheet" type="text/css" href="er:#document" /> 
 </head> 
 <body class="co_t2Left"> 
  <section class="co_docDisplay"> 
   <a name="Icbcfa40095cb11e4a7a2f300942ac02c"></a> 
   <div id="coid_website_documentWidgetDiv"> 
    <div id="co_document" class="co_document co_commentary co_commentaryEnhancement"> 
     <div class="co_contentBlock co_briefItState co_section"> 
      <div class="co_paragraph"> 
       <div class="co_paragraphText">
        Joint administration <?pb label="105"?>might be appropriate in reorganization cases pending in the same court by or against:
        <sup id="co_fnRef_Ife562a707af811eb85999927c99691d3_N10054"> <a name="co_fnRef_Ife562a707af811eb85999927c99691d3_N10054" class="tr_ftn" ftnname="co_footnote_Ife562a707af811eb85999927c99691d3" href="#co_footnote_Ife562a707af811eb85999927c99691d3" page="105">  1</a> </sup> 
       </div> 
      </div> 
      <div class="co_paragraph"> 
       <div class="co_paragraphText">
        Procedural consolidation 
        <sup id="co_fnRef_Ife562a717af811eb85999927c99691d3_N100A3"> <a name="co_fnRef_Ife562a717af811eb85999927c99691d3_N100A3" class="tr_ftn" ftnname="co_footnote_Ife562a717af811eb85999927c99691d3" href="#co_footnote_Ife562a717af811eb85999927c99691d3" page="105">  2</a> </sup> related debtors before the <?pb label="106"?>court; one single unit.
       </div> 
      </div> 
     </div>    
    </div> 
   </div> 
  </section>
  <section class="tr_footnotes">
   <div class="co_page_number">
    104
   </div><?pb label="105"?>
   <div class="section-label">
    [Section 4:8]
   </div> 
   <div class="tr_footnote">
    <div class="footnote">
     <sup class="co_footnoteNumber"> <span id="co_footnote_Ife562a707af811eb85999927c99691d3"> <a name="co_footnote_Ife562a707af811eb85999927c99691d3" class="tr_ftn" ftnname="co_fnRef_Ife562a707af811eb85999927c99691d3_N10054" href="" page="105"> 1</a> </span> </sup> 
     <div class="co_footnoteBody er_rp_search_volume_content_data"> 
      <div class="footnote_body"> 
       <div class="co_paragraph">   
        <div class="co_paragraphText">
         Norton Bankruptcy Law and Practice 
        </div>   
       </div> 
      </div> 
     </div>
    </div>
   </div> 
   <div class="tr_footnote">
    <div class="footnote">
     <sup class="co_footnoteNumber"> <span id="co_footnote_Ife562a717af811eb85999927c99691d3"> <a name="co_footnote_Ife562a717af811eb85999927c99691d3" class="tr_ftn" ftnname="co_fnRef_Ife562a717af811eb85999927c99691d3_N100A3" href="" page="105"> 2</a> </span> </sup> 
     <div class="co_footnoteBody er_rp_search_volume_content_data"> 
      <div class="footnote_body footnote_body_box"> 
       <div class="co_paragraph">   
        <div class="co_paragraphText">
          Fed. R. Bankr. P. 1015.  
        </div>  
       </div> 
      </div>
      <div class="footnote_body footnote_body_bottom"> 
       <div class="co_paragraph">   
        <div class="co_paragraphText">
          Fed. R. Bankr. P. 1015. 
        </div>
       </div>
      </div>
     </div>
    </div>
   </div>
   <div class="co_page_number">
    105
   </div><?pb label="106"?>
   <div>
    <div>
     <div>
      <div>
       <div class="co_paragraph">
        <div class="co_paragraphText"> 
        </div>  
       </div> 
      </div> 
     </div>
    </div>
   </div> 
   <div class="co_page_number">
    106
   </div>
  </section> 
 </body> 
</html>