<mapping>
 <doc oldid="ellis_fdc_com_20_1_html" newids="I18806562a11e11eabda1f9e2f892817e;I1880b380a11e11eabda1f9e2f892817e;I1880b381a11e11eabda1f9e2f892817e;I1881ec00a11e11eabda1f9e2f892817e;I1881ec01a11e11eabda1f9e2f892817e"></doc>
 <doc oldid="ellis_fdc_com_20_html" newids="I18803e50a11e11eabda1f9e2f892817e;I18803e51a11e11eabda1f9e2f892817e;I18803e52a11e11eabda1f9e2f892817e;I18806560a11e11eabda1f9e2f892817e;I18806561a11e11eabda1f9e2f892817e;I18806562a11e11eabda1f9e2f892817e;I18808c70a11e11eabda1f9e2f892817e;I18808c71a11e11eabda1f9e2f892817e;I18808c73a11e11eabda1f9e2f892817e"></doc>
 <doc oldid="old-itemThree-noteThree" newids="documentItemThreeNoteThree"></doc>
 <doc oldid="old-itemThree-page" newids="documentItemThreePage"></doc>
 <doc oldid="old-itemTwo-noteTwo" newids="documentItemTwoNoteTwo"></doc>
 <doc oldid="old-itemTwo-page" newids="documentItemTwoPage"></doc>
 <doc oldid="old-publisherOne" newids="documentPublisherOne"></doc>
 <doc oldid="old-publisherTwo" newids="documentPublisherTwo"></doc>
</mapping>