<html xmlns="http://www.w3.org/1999/xhtml"> 
 <head> 
  <meta http-equiv="content-type" content="text/html; charset=utf-8" /> 
  <meta http-equiv="X-UA-Compatible" content="IE=edge,chrome=1" /> 
  <title>PUBLISHING INFORMATION</title> 
 </head> 
 <body> 
  <section> 
   <a name="inlineTocAnchor"></a>
   <div style="text-align: left; margin-top: 1.275em; font-weight: bold; font-size: 1.5em; ">
    Summary of Contents
   </div>
   <div style="text-align: left; margin-top: 0.425em; margin-left: 0.00em; ">
    <a href="er:#inlineToc/sumI97a8da30933b11da99e2b07024dacc26">Multidistrict Litigation Manual--Practice Before the Judicial Panel on Multidistrict Litigation</a>
   </div>
   <div style="text-align: left; margin-top: 0.425em; margin-left: 0.50em; ">
    <a href="er:#inlineToc/sumI67919ab1114511e69f7284fc34408711">WHAT’S NEW2019 Edition</a>
   </div>
   <div style="text-align: left; margin-top: 0.425em; margin-left: 0.50em; ">
    <a href="er:#inlineToc/sumIcbcfa40095cb11e4a7a2f300942ac02c">Preliminary Materials</a>
   </div>
   <div style="text-align: left; margin-top: 1.275em; font-weight: bold; font-size: 1.5em; ">
    Table of Contents
   </div>
   <div style="text-align: left; margin-top: 0.850em; margin-left: 0.00em; font-weight: bold; text-transform: uppercase; ">
    <a name="sumI97a8da30933b11da99e2b07024dacc26" href="er:#I5885e15011c411e68073fa8dc60233b8/I97a8da30933b11da99e2b07024dacc26">Multidistrict Litigation Manual--Practice Before the Judicial Panel on Multidistrict Litigation</a>
   </div>
   <div style="text-align: left; margin-top: 0.850em; margin-left: 0.50em; font-weight: bold; text-transform: uppercase; ">
    <a name="sumI67919ab1114511e69f7284fc34408711" href="er:#I5885e15011c411e68073fa8dc60233b8/I67919ab1114511e69f7284fc34408711">WHAT’S NEW2019 Edition</a>
   </div>
   <div style="text-align: left; margin-top: 0.850em; margin-left: 0.50em; font-weight: bold; text-transform: uppercase; ">
    <a name="sumIcbcfa40095cb11e4a7a2f300942ac02c" href="er:cw/eg/split_book_pt2/v1#I0b12194095cc11e4a692d49183167da5/Icbcfa40095cb11e4a7a2f300942ac02c">Preliminary Materials</a>
   </div>
  </section> 
 </body> 
</html>