<html xmlns="http://www.w3.org/1999/xhtml">
	<head>
		<meta http-equiv="content-type" content="text/html; charset=utf-8" />
		<meta http-equiv="X-UA-Compatible" content="IE=edge,chrome=1" />
		<title>PUBLISHING INFORMATION</title>
		<link rel="stylesheet" type="text/css" href="er:#ebook_generator" />
	</head>
	<body>
		<section>
			<a name="doc1Anchor"></a><div class="tr_phrase1">IPY</div><div class="tr_phrase1">IPY.V</div><div class="tr_phrase1">IPY.V.1</div>
			<div class="front_matter_page">
				<div class="title_page">
					<div class="bookname3">
						<p></p>
					</div>
					<div class="bookname">
						<p>Main title</p>
					</div>
					<div class="bookname2">
						<p></p>
					</div>
					<div class="currency"><p></p></div>
					<div class="author1"></div>
					
					<div class="logo"><img src="er:#EBook_Generator_TRLogo" alt="Thomson Reuters logo" /></div>
				</div>
			</div>
		</section>
	</body>
</html>