<!DOCTYPE html PUBLIC "-//W3C//DTD XHTML 1.1//EN" "http://www.w3.org/TR/xhtml11/DTD/xhtml11.dtd"> 
<html xmlns="http://www.w3.org/1999/xhtml"> 
 <head> 
  <meta http-equiv="content-type" content="text/html; charset=utf-8" /> 
  <meta http-equiv="X-UA-Compatible" content="IE=edge,chrome=1" /> 
  <title>Thomson Reuters eBook</title> 
  <link rel="stylesheet" type="text/css" href="er:#document" /> 
 </head> 
 <body class="co_t2Left"> 
  <section class="co_docDisplay"><?pb label="1641"?> 
   <a name="I32acb71484ae11df8b26d64494505e31"></a> 
   <div id="coid_website_documentWidgetDiv"> 
    <div id="co_document" class="co_document co_commentary co_commentaryEnhancement"> 
     <div> 
      <div class="co_cites">
       Bankr. Prac. for Gen. Practitioner Appendix C ยง C:60
      </div> 
      <div class="co_contentBlock co_briefItState co_propBlock"> 
       <div class="co_publicationLine"> 
        <div class="co_headtext">
         Bankruptcy Practice for the General Practitioner
        </div> 
        <span class="co_verticalDivider"> | </span> 
        <div class="co_date">
         July 2021 Update
        </div> 
       </div> 
       <div class="co_contentBlock co_briefItState co_authorLine"> 
        <span>Hon. W. Homer Drake, Jr. and , Karen D. Visser</span> 
       </div> 
       <div class="co_headtext">
        Forms Appendices
       </div> 
       <div class="co_headtext">
        Appendix C. Author's Forms
       </div> 
      </div> 
     </div> 
     <div>  
      <div class="co_title"> 
       <div class="co_headtext">
        ยง C:60. Objection to Plan
       </div> 
      </div> 
      <div class="co_form"> 
       <div> 
        <span> <em>(Caption as in Author's Form C.1)</em> </span> 
       </div> 
       <div class="co_headtext"> 
        <em>Objection to Plan</em> 
       </div> 
       <div class="co_paragraph"> 
        <div class="co_paragraphText">
         Comes now 
         <span class="co_baselineTextRule" style="border-bottom-width:1pt;width:16em;"> </span>, a secured (unsecured) creditor, and files this objection to the confirmation of the debtor's Plan of Arrangement.
        </div> 
       </div> 
       <div class="co_paragraph"> 
        <div class="co_paragraphText">
         This objection is based upon the following ground(s):
        </div> 
        <h2>1.</h2> 
        <div class="co_paragraph"> 
         <div class="co_paragraphText">
          The plan is not proposed in good faith or any means not forbidden by law because the debtor has not fully disclosed all of his assets.
         </div> 
        </div> 
        <div class="co_headtext co_hAlign2">
         2. 
         <sup id="co_fnRef_Idf623b00dad811eb971de3f642f55eef_N1009D"> <a name="co_fnRef_Idf623b00dad811eb971de3f642f55eef_N1009D" class="tr_ftn" ftnname="co_footnote_Idf623b00dad811eb971de3f642f55eef" href="#co_footnote_Idf623b00dad811eb971de3f642f55eef" page="1641">  *</a> </sup> 
        </div> 
        <div class="co_paragraph"> 
         <div class="co_paragraphText">
          The plan does not propose to distribute on account.
         </div> 
        </div> 
        <div class="co_headtext co_hAlign2">
         3. 
         <sup id="co_fnRef_Idf623b01dad811eb971de3f642f55eef_N100BC"> <a name="co_fnRef_Idf623b01dad811eb971de3f642f55eef_N100BC" class="tr_ftn" ftnname="co_footnote_Idf623b01dad811eb971de3f642f55eef" href="#co_footnote_Idf623b01dad811eb971de3f642f55eef" page="1641">  **</a> </sup> 
        </div> 
        <div class="co_paragraph"> 
         <div class="co_paragraphText">
          The plan has not been accepted by the undersigned party, a secured creditor; the plan does not propose that the debtor surrender to the undersigned the secured collateral and the value, as of the effective date of the plan, of property to be distributed under the plan because the secured claim of this party is less than the present value of said collateral.
         </div> 
        </div> 
        <h2>4.</h2> 
        <div class="co_paragraph"> 
         <div class="co_paragraphText">
          The debtor will not be able to make all payments under the plan and comply with the plan.
         </div> 
        </div> 
        <div class="co_paragraph"> 
         <div class="co_paragraphText">
          Therefore, 
          <span class="co_baselineTextRule" style="border-bottom-width:1pt;width:16em;"> </span>, a secured (unsecured) creditor, objects to the confirmation of this plan and prays that the plan not be confirmed.
         </div> 
        </div> 
        <div class="co_paragraph"> 
         <div class="co_paragraphText">
          This 
          <span class="co_baselineTextRule" style="border-bottom-width:1pt;width:5em;"> </span> day.
         </div> 
        </div> 
       </div> 
       <div>
         Form signature block. 
       </div> 
      </div> 
     </div>    
    </div> 
   </div> 
  </section>
  <section class="tr_footnotes"><?pb label="1641"?> 
   <div class="tr_footnote">
    <div class="footnote">
     <sup class="co_footnoteNumber"> <span id="co_footnote_Idf623b00dad811eb971de3f642f55eef"> <a name="co_footnote_Idf623b00dad811eb971de3f642f55eef" class="tr_ftn" ftnname="co_fnRef_Idf623b00dad811eb971de3f642f55eef_N1009D" href="" page="1641"> *</a> </span> </sup> 
     <div class="co_footnoteBody er_rp_search_volume_content_data"> 
      <div class="footnote_body"> 
       <div class="co_paragraph"> 
        <div class="co_paragraphText"> 
         <strong>Paragraph 2 is appropriate for unsecured claims. </strong> 
        </div> 
       </div> 
      </div> 
     </div>
    </div>
   </div> 
   <div class="tr_footnote">
    <div class="footnote">
     <sup class="co_footnoteNumber"> <span id="co_footnote_Idf623b01dad811eb971de3f642f55eef"> <a name="co_footnote_Idf623b01dad811eb971de3f642f55eef" class="tr_ftn" ftnname="co_fnRef_Idf623b01dad811eb971de3f642f55eef_N100BC" href="" page="1641"> **</a> </span> </sup> 
     <div class="co_footnoteBody er_rp_search_volume_content_data"> 
      <div class="footnote_body"> 
       <div class="co_paragraph"> 
        <div class="co_paragraphText"> 
         <strong>Paragraph 3 is appropriate for secured claims. </strong> 
        </div> 
       </div> 
      </div> 
     </div>
    </div>
   </div> 
   <div class="co_page_number">
    1641
   </div>
  </section> 
 </body> 
</html>