<?xml version="1.0" encoding="UTF-8"?>
<EBook>
	<EBookToc>
		<Name>Pub notes</Name>
		<Guid>If7826b21dd2711e4ab648632124ba530</Guid>
		<EBookToc>
			<Name>Gaeldercar Highlights</Name>
			<Guid>Iec605730732211da972bd26ffc457499</Guid>
			<DocumentGuid>If7826b22dd2711e4ab648632124ba530</DocumentGuid>
		</EBookToc>
		<EBookToc>
			<Name>Thorburn Highlights (Pub notes)</Name>
			<Guid>I4a237531a11e11eaadf4bd150ee02bff</Guid>
			<DocumentGuid>I4a239c40a11e11eaadf4bd150ee02bff</DocumentGuid>
		</EBookToc>
		<EBookToc>
			<Name>Thorburn Premat</Name>
			<Guid>I4a23c350a11e11eaadf4bd150ee02bff</Guid>
			<DocumentGuid>I4a23c351a11e11eaadf4bd150ee02bff</DocumentGuid>
		</EBookToc>
		<EBookToc>
			<Name>CDN_AR_PRMC Highlights (Pub notes)</Name>
			<Guid>Id90efb70a11e11eaa14a96ef8b1b3a38</Guid>
			<DocumentGuid>Id90efb71a11e11eaa14a96ef8b1b3a38</DocumentGuid>
		</EBookToc>
		<EBookToc>
			<Name>CDN_AR_PRMC Premat</Name>
			<Guid>Id90f2281a11e11eaa14a96ef8b1b3a38</Guid>
			<DocumentGuid>Id90f2282a11e11eaa14a96ef8b1b3a38</DocumentGuid>
		</EBookToc>
	</EBookToc>
	<EBookToc>
		<Name>Thorburn, Law of Confidential Business Information</Name>
		<Guid>I4d775f60411c11ea9bd78ece924bfde31</Guid>
		<EBookToc>
			<Name>Chapter 1. Confidential Business Information in Historical Context</Name>
			<Guid>I4d7849c0411c11ea9bd78ece924bfde32</Guid>
			<EBookToc>
				<Name>I. Origins of Intellectual Property</Name>
				<Guid>I4d790d10411c11ea9bd78ece924bfde33</Guid>
				<EBookToc>
					<Name>§ 1:1. —Introduction</Name>
					<Guid>Ie9f574d16ad411eaa31f88aec239341d4</Guid>
					<DocumentGuid>Ie9f574d26ad411eaa31f88aec239341d</DocumentGuid>
				</EBookToc>
				<EBookToc>
					<Name>§ 1:2. ——Roman Age</Name>
					<Guid>Ie9f59be06ad411eaa31f88aec239341d5</Guid>
					<DocumentGuid>Ie9f59be16ad411eaa31f88aec239341d</DocumentGuid>
				</EBookToc>
				<EBookToc>
					<Name>§ 1:3. —Feudal Age</Name>
					<Guid>Ie9f59be36ad411eaa31f88aec239341d6</Guid>
					<DocumentGuid>Ie9f59be46ad411eaa31f88aec239341d</DocumentGuid>
				</EBookToc>
				<EBookToc>
					<Name>§ 1:4. ——Commercial Age</Name>
					<Guid>Ie9f59be66ad411eaa31f88aec239341d7</Guid>
					<DocumentGuid>Ie9f59be76ad411eaa31f88aec239341d</DocumentGuid>
				</EBookToc>
			</EBookToc>
		</EBookToc>
	</EBookToc>	
	<EBookToc>
		<Name>§ 3:3. Existing Definitions of Confidential Business Information and Trade Secrets</Name>
		<Guid>Ie9f5ea166ad411eaa31f88aec239341d69</Guid>
		<DocumentGuid>Ie9f5ea176ad411eaa31f88aec239341d</DocumentGuid>
	</EBookToc>
	<EBookToc>
		<Name>§ 3:7. Extent to which the information is known</Name>
		<Guid>Ie9f5ea226ad411eaa31f88aec239341d76</Guid>
		<DocumentGuid>Ie9f5ea236ad411eaa31f88aec239341d</DocumentGuid>
	</EBookToc>
	<EBookToc>
		<Name>§ 4:27. Duties of a Fiduciary</Name>
		<Guid>Ie9f638486ad411eaa31f88aec239341d133</Guid>
		<DocumentGuid>Ie9f638496ad411eaa31f88aec239341d</DocumentGuid>
	</EBookToc>
	<EBookToc>
		<Name>E. Claims Against Third Parties</Name>
		<Guid>I55b9ef80411c11ea9bd78ece924bfde3191</Guid>
		<EBookToc>
			<Name>§ 5:19. Breach of Confidence Actions</Name>
			<Guid>Ie9f6ad7a6ad411eaa31f88aec239341d192</Guid>
			<DocumentGuid>Ie9f6ad7b6ad411eaa31f88aec239341d</DocumentGuid>
		</EBookToc>
	</EBookToc>
</EBook>
