<!DOCTYPE html PUBLIC "-//W3C//DTD XHTML 1.1//EN" "http://www.w3.org/TR/xhtml11/DTD/xhtml11.dtd"> 
<html xmlns="http://www.w3.org/1999/xhtml"> 
 <body> 
  <section class="co_docDisplay"><?pb label="i"?> 
   <a name="I0000000000000000000000000000000e"></a> 
   <a name="I0000000000000000000000000000000f"></a> 
   <div id="co_document" class="co_document"> 
    <div class="co_section">
      Main i  
    </div> 
   </div> 
  </section>
  <section class="tr_footnotes"><?pb label="i"?>
   <div class="co_page_number">
    i
   </div>
  </section> 
 </body> 
</html>