<!DOCTYPE html PUBLIC "-//W3C//DTD XHTML 1.1//EN" "http://www.w3.org/TR/xhtml11/DTD/xhtml11.dtd"> 
<html xmlns="http://www.w3.org/1999/xhtml"> 
 <head> 
  <meta http-equiv="content-type" content="text/html; charset=utf-8" /> 
  <meta http-equiv="X-UA-Compatible" content="IE=edge,chrome=1" /> 
  <title>Thomson Reuters eBook</title> 
  <link rel="stylesheet" type="text/css" href="er:#document" /> 
 </head> 
 <body class="co_t2Left"> 
  <section class="co_docDisplay"><?pb label="p0"?> 
   <a name="I403894d0558a11dca5f9d46486b8920f"></a> 
   <div id="coid_website_documentWidgetDiv"> 
    <div id="co_document" class="co_document co_commentary co_commentaryEnhancement"> 
     <div></div> 
     <div class="co_contentBlock co_briefItState co_section">
       Main p0
      <sup id="co_fnRef_I01a2f010680911e88f4a9c1f64101001_N10015"> <a name="co_fnRef_I01a2f010680911e88f4a9c1f64101001_N10015" class="tr_ftn" ftnname="co_footnote_I01a2f010680911e88f4a9c1f64101001" href="#co_footnote_I01a2f010680911e88f4a9c1f64101001" page="p0">  1</a> </sup> <?pb label="p1"?> main p1
      <sup id="co_fnRef_I01a2f010680911e88f4a9c1f64101002_N10019"> <a name="co_fnRef_I01a2f010680911e88f4a9c1f64101002_N10019" class="tr_ftn" ftnname="co_footnote_I01a2f010680911e88f4a9c1f64101002" href="#co_footnote_I01a2f010680911e88f4a9c1f64101002" page="p1">  2</a> </sup> <?pb label="p2"?> main p2 main after. <?pb label="p3"?>
     </div>   
    </div> 
   </div> 
  </section>
  <section class="tr_footnotes"><?pb label="p0"?> 
   <div class="tr_footnote">
    <div class="footnote">
     <sup class="co_footnoteNumber"> <span id="co_footnote_I01a2f010680911e88f4a9c1f64101001"> <a name="co_footnote_I01a2f010680911e88f4a9c1f64101001" class="tr_ftn" ftnname="co_fnRef_I01a2f010680911e88f4a9c1f64101001_N10015" href="" page="p0"> 1</a> </span> </sup> 
     <div class="co_footnoteBody er_rp_search_volume_content_data"> 
      <div class="footnote_body footnote_body_box">
        Ftn p0ftn p1ftn p2. 
      </div>
      <div class="footnote_body footnote_body_bottom">
        Ftn p0
      </div>
     </div>
    </div>
   </div>
   <div class="co_page_number">
    p0
   </div><?pb label="p1"?>
   <div>
    <div>
     <div>
      <div>
       ftn p1
       <div class="co_page_number">
        p1
       </div><?pb label="p2"?>ftn p2. 
      </div> 
     </div>
    </div>
   </div> 
   <div class="tr_footnote">
    <div class="footnote">
     <sup class="co_footnoteNumber"> <span id="co_footnote_I01a2f010680911e88f4a9c1f64101002"> <a name="co_footnote_I01a2f010680911e88f4a9c1f64101002" class="tr_ftn" ftnname="co_fnRef_I01a2f010680911e88f4a9c1f64101002_N10019" href="" page="p2"> 2</a> </span> </sup> 
     <div class="co_footnoteBody er_rp_search_volume_content_data"> 
      <div class="footnote_body footnote_body_box">
        Another ftn p2. Ftn after.  ftn p3  ftn p3+ 
      </div>
      <div class="footnote_body footnote_body_bottom">
        Another ftn p2. Ftn after. 
      </div>
     </div>
    </div>
   </div>
   <div class="co_page_number">
    p2
   </div><?pb label="p3"?>
   <div>
    <div>
     <div>
      <div>
        ftn p3  ftn p3+ 
      </div> 
     </div>
    </div>
   </div> 
   <div class="co_page_number">
    p3
   </div>
  </section> 
 </body> 
</html>