<!DOCTYPE html PUBLIC "-//W3C//DTD XHTML 1.1//EN" "http://www.w3.org/TR/xhtml11/DTD/xhtml11.dtd"> 
<html xmlns="http://www.w3.org/1999/xhtml"> 
 <head> 
  <meta http-equiv="content-type" content="text/html; charset=utf-8" /> 
  <meta http-equiv="X-UA-Compatible" content="IE=edge,chrome=1" /> 
  <title>Thomson Reuters eBook</title> 
  <link rel="stylesheet" type="text/css" href="er:#document" /> 
 </head> 
 <body class="co_t2Left"> 
  <section class="co_docDisplay"><?pb label="817"?> 
   <a name="I4d3bb12aa61211d9b404dcedcc2e8ef6"></a> 
   <div id="coid_website_documentWidgetDiv"> 
    <div id="co_document" class="co_document co_commentary co_commentaryEnhancement"> 
     <div> 
      <div class="co_cites">
       1 Construction &amp; Development Financing ยง 4:35
      </div> 
      <div class="co_contentBlock co_briefItState co_propBlock"> 
       <div class="co_publicationLine"> 
        <div class="co_headtext">
         Construction and Development Financing, Third Edition
        </div> 
        <span class="co_verticalDivider"> | </span> 
        <div class="co_date">
         June 2021 Update
        </div> 
       </div> 
       <div class="co_contentBlock co_briefItState co_authorLine"> 
        <span>The late Alvin L. Arnold and Myron Kove</span> 
       </div> 
       <div class="co_headtext">
        Chapter 4. The Construction Loan
       </div> 
      </div>  
      <div class="co_title"> 
       <div class="co_headtext">
        ยง 4:35. Interest
        <sup id="co_fnRef_I29742d01c50511eb94998fa57b532963_N10062"> <a name="co_fnRef_I29742d01c50511eb94998fa57b532963_N10062" class="tr_ftn" ftnname="co_footnote_I29742d01c50511eb94998fa57b532963" href="#co_footnote_I29742d01c50511eb94998fa57b532963" page="817">  1</a> </sup> 
       </div> 
      </div> 
     </div> 
     <div class="co_contentBlock co_briefItState co_navLinks"> 
      <a id="co_link_I29742d00c50511eb94998fa57b532963" class="co_link co_drag ui-draggable" href="er:#Ic19efa22606f11dc8afa0000837214a9/I09500340153c11d9847dc3c7b202eb9d">References</a> 
     </div> 
     <div class="co_contentBlock co_briefItState co_section"> 
      <div class="co_paragraph"> 
       <div class="co_paragraphText">
        Real estate <?pb label="818"?>terms.
       </div> 
      </div> 
      <div class="co_paragraph"> 
       <div class="co_paragraphText">
        If <?pb label="819"?>may be.
       </div> 
      </div> 
      <div class="co_paragraph"> 
       <ul class="co_customBulletList"> 
        <li> 
         <div class="co_paragraph co_indentHanging"> 
          <div class="co_paragraphText">
           3. When rates rise 200 basis points, as shown here: 
          </div> 
          <div id="co_anchor_I037a5b80ace911ebbd53e30f8f01ae2e" class="co_fullscreenTable" data-link-text="View Table" data-link-href="https://www.westlaw.com/Document/I4d3bb12ba61211d9b404dcedcc2e8ef6/Table.html?tableId=I037a5b80ace911ebbd53e30f8f01ae2e&amp;originationContext=document&amp;transitionType=Document&amp;contextData=%28sc.Default%29&amp;RS=ebbp3.0&amp;vr=3.0"> 
           <div class="co_headtext"> 
            <strong>TABLE</strong> 
           </div> 
           <table class="co_borderedTable "> 
            <tr> 
             <th class="co_hAlign3 co_vAlign3 " style="width:20%"> <strong>Immediate Prepayment</strong> <sup id="co_fnRef_N103DBI12489cf0153c11d9847dc3c7b202eb9d_N10169"> <a name="co_fnRef_N103DBI12489cf0153c11d9847dc3c7b202eb9d_N10169" class="tr_ftn" ftnname="co_footnote_N103DBI12489cf0153c11d9847dc3c7b202eb9d" href="#co_footnote_N103DBI12489cf0153c11d9847dc3c7b202eb9d" page="819">  a</a> </sup> </th> 
            </tr> 
            <tr> 
             <td class="co_hAlign3 co_vAlign3 " style="width:13%">$12.1<sup id="co_fnRef_N1041DI12489cf0153c11d9847dc3c7b202eb9d_N10190"> <a name="co_fnRef_N1041DI12489cf0153c11d9847dc3c7b202eb9d_N10190" class="tr_ftn" ftnname="co_footnote_N1041DI12489cf0153c11d9847dc3c7b202eb9d" href="#co_footnote_N1041DI12489cf0153c11d9847dc3c7b202eb9d" page="819">  b</a> </sup> </td> 
            </tr> 
            <tr> 
             <td class="co_hAlign3 co_vAlign3 co_borderBottom " style="width:13%">18.7 <sup id="co_fnRef_N1043DI12489cf0153c11d9847dc3c7b202eb9d_N1017E"> <a name="co_fnRef_N1043DI12489cf0153c11d9847dc3c7b202eb9d_N1017E" class="tr_ftn" ftnname="co_footnote_N1043DI12489cf0153c11d9847dc3c7b202eb9d" href="#co_footnote_N1043DI12489cf0153c11d9847dc3c7b202eb9d" page="819">  c</a> </sup> </td> 
            </tr> 
            <tr> 
             <td class="co_hAlign3 co_vAlign3 " style="width:20%">18.7 <sup id="co_fnRef_N1043DI12489cf0153c11d9847dc3c7b202eb9d_N10185"> <a class="co_footnoteReference" href="#co_footnote_N1043DI12489cf0153c11d9847dc3c7b202eb9d">c</a> </sup> (11.9) </td> 
            </tr> 
           </table> 
          </div> 
         </div> </li> 
       </ul> 
       <div class="co_paragraphText">
        Constant.
       </div> 
      </div> 
      <div class="co_paragraph"> 
       <div class="co_paragraphText">
        Environments.
       </div> 
      </div> 
     </div>    
    </div> 
   </div> 
  </section>
  <section class="tr_footnotes"><?pb label="817"?>
   <div class="section-label">
    [Section 4:35]
   </div>
   <div class="tr_footnote">
    <div class="footnote">
     <sup class="co_footnoteNumber"> <span id="co_footnote_N103DBI12489cf0153c11d9847dc3c7b202eb9d"> <a name="co_footnote_N103DBI12489cf0153c11d9847dc3c7b202eb9d" class="tr_ftn" ftnname="co_fnRef_N103DBI12489cf0153c11d9847dc3c7b202eb9d_N10169" href="" page="817"> a</a> </span> </sup> 
     <div class="co_footnoteBody er_rp_search_volume_content_data"> 
      <div class="footnote_body"> 
       <div class="co_paragraph"> 
        <div class="co_paragraphText">
         Financing. 
        </div> 
       </div> 
      </div> 
     </div>
    </div>
   </div>
   <div class="tr_footnote">
    <div class="footnote">
     <sup class="co_footnoteNumber"> <span id="co_footnote_N1041DI12489cf0153c11d9847dc3c7b202eb9d"> <a name="co_footnote_N1041DI12489cf0153c11d9847dc3c7b202eb9d" class="tr_ftn" ftnname="co_fnRef_N1041DI12489cf0153c11d9847dc3c7b202eb9d_N10190" href="" page="817"> b</a> </span> </sup> 
     <div class="co_footnoteBody er_rp_search_volume_content_data"> 
      <div class="footnote_body"> 
       <div class="co_paragraph"> 
        <div class="co_paragraphText">
          Swap. 
        </div> 
       </div> 
      </div> 
     </div>
    </div>
   </div>
   <div class="tr_footnote">
    <div class="footnote">
     <sup class="co_footnoteNumber"> <span id="co_footnote_N1043DI12489cf0153c11d9847dc3c7b202eb9d"> <a name="co_footnote_N1043DI12489cf0153c11d9847dc3c7b202eb9d" class="tr_ftn" ftnname="co_fnRef_N1043DI12489cf0153c11d9847dc3c7b202eb9d_N101A5" href="" page="817"> c</a> </span> </sup> 
     <div class="co_footnoteBody er_rp_search_volume_content_data"> 
      <div class="footnote_body"> 
       <div class="co_paragraph"> 
        <div class="co_paragraphText">
          Loan. 
        </div> 
       </div> 
      </div> 
     </div>
    </div>
   </div>
   <div class="tr_footnote">
    <div class="footnote">
     <sup class="co_footnoteNumber"> <span id="co_footnote_I29742d01c50511eb94998fa57b532963"> <a name="co_footnote_I29742d01c50511eb94998fa57b532963" class="tr_ftn" ftnname="co_fnRef_I29742d01c50511eb94998fa57b532963_N10062" href="" page="817"> 1</a> </span> </sup> 
     <div class="co_footnoteBody er_rp_search_volume_content_data"> 
      <div class="footnote_body footnote_body_box"> 
       <div class="co_paragraph"> 
        <div class="co_paragraphText">
         Adapted. 
        </div> 
       </div> 
      </div>
      <div class="footnote_body footnote_body_bottom"> 
       <div class="co_paragraph"> 
        <div class="co_paragraphText">
         Adapted.
        </div>
       </div>
      </div>
     </div>
    </div>
   </div>
   <div class="co_page_number">
    817
   </div><?pb label="818"?>
   <div>
    <div>
     <div>
      <div>
       <div class="co_paragraph">
        <div class="co_paragraphText"> 
        </div> 
       </div> 
      </div> 
     </div>
    </div>
   </div>
   <div class="co_page_number">
    818
   </div><?pb label="819"?>
   <div class="co_page_number">
    819
   </div>
  </section> 
 </body> 
</html>