<!DOCTYPE html PUBLIC "-//W3C//DTD XHTML 1.1//EN" "http://www.w3.org/TR/xhtml11/DTD/xhtml11.dtd"> 
<html xmlns="http://www.w3.org/1999/xhtml"> 
 <head> 
  <meta http-equiv="content-type" content="text/html; charset=utf-8" /> 
  <meta http-equiv="X-UA-Compatible" content="IE=edge,chrome=1" /> 
  <title>Thomson Reuters eBook</title> 
  <link rel="stylesheet" type="text/css" href="er:#document" /> 
 </head> 
 <body class="co_t2Left"> 
  <section class="co_docDisplay"><?pb label="57"?>
   <a name="Id71f2cc3682311ea83aee46e6decbb8538"></a>
   <div id="ebookGeneratorKeyciteInfo" class="co_flush x_introPara">
    <a href="https://www.westlaw.com/Search/Results.html?query=kc%3AGAEVIDENCE+S+3%3A2%3BGA.+EVIDENCE+S+3%3A2%3BGAEVIDENCES3%3A2%3B&amp;jurisdiction=ALLCASES&amp;contentType=ALL&amp;startIndex=1&amp;transitionType=Search&amp;contextData=(sc.Default)&amp;rs=ebbp3.0&amp;vr=3.0"><img src="er:#keycite" alt="KeyCite This Document" /></a>
   </div>
   <div id="coid_website_documentWidgetDiv">
    <div id="co_document" class="co_document co_commentary co_commentaryEnhancement">
     <div>
      <div class="co_cites">
       Ga. Evidence ยง 3:2
      </div>
      <div class="co_contentBlock co_briefItState co_propBlock">
       <div class="co_publicationLine">
        <div class="co_headtext">
         Agnor's Georgia Evidence
        </div>
        <span class="co_verticalDivider"> | </span>
        <div class="co_date">
         November 2019 Update
        </div>
       </div>
       <div class="co_contentBlock co_briefItState co_authorLine">
        <span>Ana Marcela Rountree</span>
       </div>
       <div class="co_headtext">
        Chapter 3. Statutory Privileges
       </div>
      </div>
      <div class="co_title">
       <div class="co_headtext">
        ยง 3:2. Spousal privilege
       </div>
      </div>
     </div>
     <div class="co_contentBlock co_briefItState co_section">
      <div class="co_paragraph">
       <div class="co_paragraphText">
        Confidential communications between a husband and wife are privileged communications in Georgia.
        <sup id="co_fnRef_Idf0760b019c011eb9186f10f857b4088_N1005A_hidden"><a name="co_fnRef_Idf0760b019c011eb9186f10f857b4088_N1005A_hidden" class="tr_ftn" ftnname="co_footnote_Idf0760b019c011eb9186f10f857b4088_hidden" href="#co_footnote_Idf0760b019c011eb9186f10f857b4088_hidden" page="57">1</a></sup><sup id="co_fnRef_Idf0760b019c011eb9186f10f857b4088_N1005A" class="hidden_footnote_reference"><a name="co_fnRef_Idf0760b019c011eb9186f10f857b4088_N1005A" class="tr_ftn" ftnname="co_footnote_Idf0760b019c011eb9186f10f857b4088" href="#co_footnote_Idf0760b019c011eb9186f10f857b4088" page="57">1</a></sup> Historically, some courts have confused this privilege with a spouse's competency to testify.
       </div>
      </div>
      <?pb label="58"?>
      <?pb label="59"?>
      <sup id="co_fnRef_Idf0787c019c011eb9186f10f857b4088_N10060"><a name="co_fnRef_Idf0787c019c011eb9186f10f857b4088_N10060" class="tr_ftn" ftnname="co_footnote_Idf0787c019c011eb9186f10f857b4088" href="#co_footnote_Idf0787c019c011eb9186f10f857b4088" page="59">2</a></sup> The confusion probably stems from an era when the spouse of a party was not competent to testify as a witness. However, it is now clear that confidential communications between a husband and wife are privileged and being the spouse of a party is not grounds for the disqualification as a witness.
      <div class="co_paragraph">
       <div class="co_paragraphText">
        <?pb label="60"?><?pb label="61"?>statutory exclusions to the marital privilege.
        <sup id="co_fnRef_Idf0787c119c011eb9186f10f857b4088_N10069_hidden"><a name="co_fnRef_Idf0787c119c011eb9186f10f857b4088_N10069_hidden" class="tr_ftn" ftnname="co_footnote_Idf0787c119c011eb9186f10f857b4088_hidden" href="#co_footnote_Idf0787c119c011eb9186f10f857b4088_hidden" page="61">3</a></sup><sup id="co_fnRef_Idf0787c119c011eb9186f10f857b4088_N10069" class="hidden_footnote_reference"><a name="co_fnRef_Idf0787c119c011eb9186f10f857b4088_N10069" class="tr_ftn" ftnname="co_footnote_Idf0787c119c011eb9186f10f857b4088" href="#co_footnote_Idf0787c119c011eb9186f10f857b4088" page="61">3</a></sup>
       </div>
      </div>
     </div>
    </div>
   </div>
  </section>
  <section class="tr_footnotes"><?pb label="57"?><div class="tr_footnote hidden_footnote">
    <div class="footnote">
     <sup class="co_footnoteNumber"><span id="co_footnote_Idf0760b019c011eb9186f10f857b4088_hidden"><a name="co_footnote_Idf0760b019c011eb9186f10f857b4088_hidden" class="tr_ftn" ftnname="co_fnRef_Idf0760b019c011eb9186f10f857b4088_N1005A_hidden" href="" page="57">1</a></span></sup>
     <div class="co_footnoteBody er_rp_search_volume_content_data">
      <div class="footnote_body">
       <div class="co_paragraph">
        <div class="co_paragraphText">
         <a id="co_link_I154dfd6019c011ebbea6fcce6570c4b3_hidden" class="co_link co_drag ui-draggable" href="https://www.westlaw.com/Link/Document/FullText?findType=L&amp;pubNum=1000468&amp;cite=GAST24-5-501&amp;originatingDoc=Id71f2cc4682311ea83aee46e6decbb85&amp;refType=LQ&amp;originationContext=ebook&amp;RS=ebbp3.0&amp;vr=3.0">O.C.G.A. ยง 24-5-501(a)(1)</a>.
        </div>
       </div>
      </div>
     </div>
    </div>
   </div>
   <div class="section-label">
     [Section 3:2] 
   </div>
   <div class="co_page_number">
	57
   </div><?pb label="58"?>
   <div class="co_page_number">
	58
   </div><?pb label="59"?>
   <div class="tr_footnote">
    <div class="footnote">
     <sup class="co_footnoteNumber"><span id="co_footnote_Idf0760b019c011eb9186f10f857b4088"><a name="co_footnote_Idf0760b019c011eb9186f10f857b4088" class="tr_ftn" ftnname="co_fnRef_Idf0760b019c011eb9186f10f857b4088_N1005A" href="" page="59">1</a></span></sup>
     <div class="co_footnoteBody er_rp_search_volume_content_data">
      <div class="footnote_body">
       <div class="co_paragraph">
        <div class="co_paragraphText">
         <a id="co_link_I154dfd6019c011ebbea6fcce6570c4b3" class="co_link co_drag ui-draggable" href="https://www.westlaw.com/Link/Document/FullText?findType=L&amp;pubNum=1000468&amp;cite=GAST24-5-501&amp;originatingDoc=Id71f2cc4682311ea83aee46e6decbb85&amp;refType=LQ&amp;originationContext=ebook&amp;RS=ebbp3.0&amp;vr=3.0">O.C.G.A. ยง 24-5-501(a)(1)</a>.
        </div>
       </div>
      </div>
     </div>
    </div>
   </div>
   <div class="tr_footnote">
    <div class="footnote">
     <sup class="co_footnoteNumber"><span id="co_footnote_Idf0787c019c011eb9186f10f857b4088"><a name="co_footnote_Idf0787c019c011eb9186f10f857b4088" class="tr_ftn" ftnname="co_fnRef_Idf0787c019c011eb9186f10f857b4088_N10060" href="" page="59">2</a></span></sup>
     <div class="co_footnoteBody er_rp_search_volume_content_data">
      <div class="footnote_body">
       <div class="co_paragraph">
        <div class="co_paragraphText">
         See, e.g.,
         <a id="co_link_I154e4b8219c011ebbea6fcce6570c4b3" class="co_link co_drag ui-draggable" href="https://www.westlaw.com/Link/Document/FullText?findType=Y&amp;serNum=1976135999&amp;pubNum=0000711&amp;originatingDoc=Id71f2cc4682311ea83aee46e6decbb85&amp;refType=RP&amp;originationContext=ebook&amp;RS=ebbp3.0&amp;vr=3.0">Georgia Intern. Life Ins. Co. v. Boney, 139 Ga. App. 575, 228 S.E.2d 731 (1976)</a>.
        </div>
       </div>
      </div>
     </div>
    </div>
   </div>
   <div class="tr_footnote">
    <div class="footnote">
     <sup class="co_footnoteNumber"><span id="co_footnote_Idf0787c119c011eb9186f10f857b4088"><a name="co_footnote_Idf0787c119c011eb9186f10f857b4088" class="tr_ftn" ftnname="co_fnRef_Idf0787c119c011eb9186f10f857b4088_N10069" href="" page="59">3</a></span></sup>
     <div class="co_footnoteBody er_rp_search_volume_content_data">
      <div class="footnote_body footnote_body_box">
       <div class="co_paragraph">
        <div class="co_paragraphText">
         <a id="co_link_I154ec0b219c011ebbea6fcce6570c4b3" class="co_link co_drag ui-draggable" href="https://www.westlaw.com/Link/Document/FullText?findType=Y&amp;serNum=1913019372&amp;pubNum=0000710&amp;originatingDoc=Id71f2cc4682311ea83aee46e6decbb85&amp;refType=RP&amp;originationContext=ebook&amp;RS=ebbp3.0&amp;vr=3.0">McCord v. McCord, 140 Ga. 170, 78 S.E. 833 (1913)</a>.
        </div>
       </div>
      </div>
      <div class="footnote_body footnote_body_bottom">
       <div class="co_paragraph">
        <div class="co_paragraphText">
         <a id="co_link_I154ec0b219c011ebbea6fcce6570c4b3" class="co_link co_drag ui-draggable" href="https://www.westlaw.com/Link/Document/FullText?findType=Y&amp;serNum=1913019372&amp;pubNum=0000710&amp;originatingDoc=Id71f2cc4682311ea83aee46e6decbb85&amp;refType=RP&amp;originationContext=ebook&amp;RS=ebbp3.0&amp;vr=3.0">McCord </a>.
        </div>
       </div>
      </div>
     </div>
    </div>
   </div>
   <div class="co_page_number">
	59
   </div><?pb label="60"?>
   <div>
    <div>
     <div>
      <div>
       <div class="co_paragraph">
        <div class="co_paragraphText">
         <a class="co_link co_drag ui-draggable" href="https://www.westlaw.com/Link/Document/FullText?findType=Y&amp;serNum=1913019372&amp;pubNum=0000710&amp;originatingDoc=Id71f2cc4682311ea83aee46e6decbb85&amp;refType=RP&amp;originationContext=ebook&amp;RS=ebbp3.0&amp;vr=3.0">v. McCord, 140 Ga. 170, 78 S.E. 833 (1913)</a>.
        </div>
       </div> 
      </div> 
     </div>
    </div>
   </div> 
   <div class="co_page_number">
	60
   </div><?pb label="61"?><div class="tr_footnote hidden_footnote">
    <div class="footnote">
     <sup class="co_footnoteNumber"><span id="co_footnote_Idf0787c119c011eb9186f10f857b4088_hidden"><a name="co_footnote_Idf0787c119c011eb9186f10f857b4088_hidden" class="tr_ftn" ftnname="co_fnRef_Idf0787c119c011eb9186f10f857b4088_N10069_hidden" href="" page="61">3</a></span></sup>
     <div class="co_footnoteBody er_rp_search_volume_content_data">
      <div class="footnote_body footnote_body_box">
       <div class="co_paragraph">
        <div class="co_paragraphText">
         <a id="co_link_I154ec0b219c011ebbea6fcce6570c4b3_hidden" class="co_link co_drag ui-draggable" href="https://www.westlaw.com/Link/Document/FullText?findType=Y&amp;serNum=1913019372&amp;pubNum=0000710&amp;originatingDoc=Id71f2cc4682311ea83aee46e6decbb85&amp;refType=RP&amp;originationContext=ebook&amp;RS=ebbp3.0&amp;vr=3.0">McCord v. McCord, 140 Ga. 170, 78 S.E. 833 (1913)</a>.
        </div>
       </div>
      </div>
      
     </div>
    </div>
   </div>
  </section> 
 </body> 
</html>