<!DOCTYPE html PUBLIC "-//W3C//DTD XHTML 1.1//EN" "http://www.w3.org/TR/xhtml11/DTD/xhtml11.dtd"> 
<html xmlns="http://www.w3.org/1999/xhtml"> 
 <head> 
  <meta http-equiv="content-type" content="text/html; charset=utf-8" /> 
  <meta http-equiv="X-UA-Compatible" content="IE=edge,chrome=1" /> 
  <title>Thomson Reuters eBook</title> 
  <link rel="stylesheet" type="text/css" href="er:#document" /> 
 </head> 
 <body class="co_t2Left"> 
  <section class="co_docDisplay"><?pb label="1"?>
   <a name="I252620e0630a11eab5989292d3e016311"></a>
   <div id="coid_website_documentWidgetDiv">
    <div id="co_document" class="co_document co_commentary co_commentaryEnhancement">
     <div class="co_title">
      <div class="co_headtext">
       INTRODUCTION TO 2019-2020 EDITION
      </div>
     </div>
    </div>
   </div>
  </section>
  <section class="tr_footnotes"><?pb label="1"?>
  </section> 
 </body> 
</html>