<!DOCTYPE html PUBLIC "-//W3C//DTD XHTML 1.1//EN" "http://www.w3.org/TR/xhtml11/DTD/xhtml11.dtd"> 
<html xmlns="http://www.w3.org/1999/xhtml"> 
 <head> 
  <meta http-equiv="content-type" content="text/html; charset=utf-8" /> 
  <meta http-equiv="X-UA-Compatible" content="IE=edge,chrome=1" /> 
  <title>Thomson Reuters eBook</title> 
  <link rel="stylesheet" type="text/css" href="er:#document" /> 
 </head> 
 <body class="co_t2Left"> 
  <section class="co_docDisplay"><?pb label=""?> 
   <a name="Iaafb4ed0c13a11d8b88bb98cc759b352"></a> 
   <a name="If25b2abcd76511d988ffd78d578f9ed2"></a> 
   <div id="coid_website_documentWidgetDiv"> 
    <div id="co_document" class="co_document co_commentary co_commentaryEnhancement"> 
     <div> 
      <div class="co_cites">
       1 Antidumping &amp; Countervailing Duty Laws Appendix A
      </div> 
      <div class="co_contentBlock co_briefItState co_propBlock"> 
       <div class="co_publicationLine"> 
        <div class="co_headtext">
         Antidumping &amp; Countervailing Duty Laws
        </div> 
        <span class="co_verticalDivider"> | </span> 
        <div class="co_date">
         August 2020 Update
        </div> 
       </div> 
       <div class="co_headtext">
        Appendices
       </div> 
      </div> 
     </div> 
     <div>  
      <div class="co_title"> 
       <div class="co_headtext">
        APPENDIX A. U.S. Antidumping and Countervailing Duty
        <sup id="co_fnRef_I21161910dd2b11eab582c9524303092f_N10045"> <a name="co_fnRef_I21161910dd2b11eab582c9524303092f_N10045" class="tr_ftn" ftnname="co_footnote_I21161910dd2b11eab582c9524303092f" href="#co_footnote_I21161910dd2b11eab582c9524303092f" page="">  *</a> </sup> Investigations
        <sup id="co_fnRef_I21161910dd2b11eab582c9524303093f_N10045"> <a name="co_fnRef_I21161910dd2b11eab582c9524303093f_N10045" class="tr_ftn" ftnname="co_footnote_I21161910dd2b11eab582c9524303093f" href="#co_footnote_I21161910dd2b11eab582c9524303093f" page="">  **</a> </sup> 
       </div> 
      </div> 
      <div>
       Appendix body
      </div> 
     </div>    
    </div> 
   </div> 
  </section>
  <section class="tr_footnotes"><?pb label=""?>
   <div class="tr_footnote">
    <div class="footnote">
     <sup class="co_footnoteNumber"> <span id="co_footnote_I21161910dd2b11eab582c9524303092f"> <a name="co_footnote_I21161910dd2b11eab582c9524303092f" class="tr_ftn" ftnname="co_fnRef_I21161910dd2b11eab582c9524303092f_N10045" href="" page=""> *</a> </span> </sup> 
     <div class="co_footnoteBody er_rp_search_volume_content_data"> 
      <div class="footnote_body"> 
       <div class="co_paragraph"> 
        <div class="co_paragraphText">
          International Trade 
        </div> 
       </div> 
      </div> 
     </div>
    </div>
   </div>
   <div class="tr_footnote">
    <div class="footnote">
     <sup class="co_footnoteNumber"> <span id="co_footnote_I21161910dd2b11eab582c9524303093f"> <a name="co_footnote_I21161910dd2b11eab582c9524303093f" class="tr_ftn" ftnname="co_fnRef_I21161910dd2b11eab582c9524303093f_N10045" href="" page=""> **</a> </span> </sup> 
     <div class="co_footnoteBody er_rp_search_volume_content_data"> 
      <div class="footnote_body"> 
       <div class="co_paragraph"> 
        <div class="co_paragraphText">
          Commission 
        </div> 
       </div> 
      </div> 
     </div>
    </div>
   </div>
  </section> 
 </body> 
</html>