<!DOCTYPE html PUBLIC "-//W3C//DTD XHTML 1.1//EN" "http://www.w3.org/TR/xhtml11/DTD/xhtml11.dtd"> 
<html xmlns="http://www.w3.org/1999/xhtml"> 
 <head> 
  <meta http-equiv="content-type" content="text/html; charset=utf-8" /> 
  <meta http-equiv="X-UA-Compatible" content="IE=edge,chrome=1" /> 
  <title>Thomson Reuters eBook</title> 
  <link rel="stylesheet" type="text/css" href="er:#document" /> 
 </head> 
 <body class="co_t2Left"> 
  <section class="co_docDisplay"><?pb label="1"?>
   <a ftnname="page_number_footnote_pages-and-author-footnotes_1" name="page_number_fnRef_pages-and-author-footnotes_1" href="#page_number_footnote_pages-and-author-footnotes_1" class="tr_ftn"></a> 
   <a name="I97a8da30933b11da99e2b07024dacc26"></a> 
   <a name="I67919ab1114511e69f7284fc34408711"></a> 
   <div id="ebookGeneratorKeyciteInfo" class="co_flush x_introPara"> 
    <a href="https://www.westlaw.com/Search/Results.html?query=kc%3AMDLITMAN+HIGHLIGHTS%3BMULTIDISTRICT+LIT+MAN+HIGHLIGHTS%3BMDLITMANHIGHLIGHTS%3B&amp;jurisdiction=ALLCASES&amp;contentType=ALL&amp;startIndex=1&amp;transitionType=Search&amp;contextData=(sc.Default)&amp;rs=ebbp3.0&amp;vr=3.0"> <img src="er:#keycite" alt="KeyCite This Document" /> </a> 
   </div> 
   <div id="coid_website_documentWidgetDiv"> 
    <div id="co_document" class="co_document co_commentary co_commentaryEnhancement"> 
     <div> 
      <div class="co_cites">
        Multidistrict Lit Man Highlights 
      </div> 
      <div class="co_contentBlock co_briefItState co_propBlock"> 
       <div class="co_publicationLine"> 
        <div class="co_headtext">
         Multidistrict Litigation Manual
        </div> 
        <span class="co_verticalDivider"> | </span> 
        <div class="co_date">
          May 2019 Update 
        </div> 
       </div> 
       <div class="co_contentBlock co_briefItState co_authorLine"> 
        <span>David F. Herr<sup id="co_fnRef_If13cd1706b3e11e99b03e53d6dd36aa2_N1005A"> <a name="co_fnRef_If13cd1706b3e11e99b03e53d6dd36aa2_N1005A" class="tr_ftn" ftnname="co_footnote_If13cd1706b3e11e99b03e53d6dd36aa2" href="#co_footnote_If13cd1706b3e11e99b03e53d6dd36aa2">  a0</a> </sup> </span> 
       </div> 
      </div> 
     </div> 
     <div class="co_message"> 
     </div> 
     <div class="co_divider"></div> 
     <div class="co_title"> 
      <div class="co_headtext">
       WHAT’S NEW
       <div class="co_contentBlock co_briefItState co_endline"></div>2019 Edition
      </div> 
     </div> 
     <div class="co_contentBlock x_introBlock"> 
      <div class="co_paragraph"> <?pb label="2"?>
       <a ftnname="page_number_footnote_pages-and-author-footnotes_2" name="page_number_fnRef_pages-and-author-footnotes_2" href="#page_number_footnote_pages-and-author-footnotes_2" class="tr_ftn"></a> 
       <div class="co_paragraphText">
        This 2019 edition of the Multidistrict Litigation Manual brings this pathfinding work current on the many types of cases involved in multidistrict litigation. Most of the updated content comes in decisions from the Judicial Panel. The Panel’s approach to transfer decisions evolve every year, and these changes this year include:
       </div> 
       <ul class="co_customBulletList"> 
        <li> 
         <div class="co_paragraph co_indentHanging"> 
          <h2> </h2> 
          <div class="co_paragraphText">
            • Scores of decisions where the Panel has articulated reasons for denying transfer
          </div> 
         </div> </li> 
        <li> 
         <div class="co_paragraph co_indentHanging"> 
          <h2> </h2> 
          <div class="co_paragraphText">
            • Analysis of the Panel's increasing preference for use of transfer under 
           <a id="co_link_I7d9d83906b3e11e981c298c9743468bd" class="co_link co_drag ui-draggable" href="https://www.westlaw.com/Link/Document/FullText?findType=L&amp;pubNum=1000546&amp;cite=28USCAS1404&amp;originatingDoc=I10000000000000000000000000000000&amp;refType=LQ&amp;originationContext=ebook&amp;RS=ebbp3.0&amp;vr=3.0">28 U.S.C.A. § 1404(a)</a> for all purposes
          </div> 
         </div> </li> 
        <li> 
         <div class="co_paragraph co_indentHanging"> 
          <h2> </h2> 
          <div class="co_paragraphText">
            • A continued tendency of the Panel to explain its transfer decisions in terms of decisions in similar dockets in prior years
          </div> 
         </div> </li> 
        <li> 
         <div class="co_paragraph co_indentHanging"> 
          <h2> </h2> 
          <div class="co_paragraphText">
            • Elaboration on the Panel's concerns about creating dockets including litigation against competing business, recognizing how that would increase the complexity of the litigation rather than ease it
          </div> 
         </div> </li> 
        <li> 
         <div class="co_paragraph co_indentHanging"> 
          <h2> </h2> 
          <div class="co_paragraphText">
            • Continuing recognition by the Panel that dockets where the same counsel appear in the cases are inherently less complex, and possibly less likely to be centralized
          </div> 
         </div> </li> 
        <li> 
         <div class="co_paragraph co_indentHanging"> 
          <h2> </h2> 
          <div class="co_paragraphText">
            • Considerations relating to selection of a transferee district and judge, including experience in similar cases, pendency of current and earlier cases, and even private practice experience of the judge
          </div> 
         </div> </li> 
       </ul> 
      </div> 
      <div class="co_paragraph"> 
       <div class="co_paragraphText">
        The Panel continues to consider a wide variety of factors in deciding whether to transfer cases and where to transfer them, and several decisions illustrate the Panel’s willingness to transfer cases to experienced judges who have not presided or are not currently presiding over an MDL docket. 
       </div> 
      </div> 
      <div class="co_paragraph"> 
       <div class="co_paragraphText">
        In many ways
       </div> 
      </div> 
     </div> 
     <div class="co_copyright">
       Westlaw. © 2019 Thomson Reuters. No Claim to Orig. U.S. Govt. Works. 
     </div>  
     <table id="co_endOfDocument"> 
      <tr> 
       <td>End of Document</td> 
       <td class="co_endOfDocCopyright"></td> 
      </tr> 
     </table> 
    </div> 
   </div> 
  </section>
  <section class="co_footnoteSection co_briefItState tr_footnotes" id="co_footnoteSection"><?pb label="1"?>  
   <div class="tr_footnote">   
    <div class="footnote">
     <sup class="co_footnoteNumber"> <span id="co_footnote_If13cd1706b3e11e99b03e53d6dd36aa2"> <a name="co_footnote_If13cd1706b3e11e99b03e53d6dd36aa2" class="tr_ftn" ftnname="co_fnRef_If13cd1706b3e11e99b03e53d6dd36aa2_N1005A" href=""> a0</a> </span> </sup> 
     <div class="co_footnoteBody er_rp_search_volume_content_data"> 
      <div class="footnote_body"> 
       <div class="co_paragraph"> 
        <div class="co_paragraphText">
          Maslon Edelman Borman &amp; Brand, LLP, Minneapolis, Minnesota. 
        </div> 
       </div> 
      </div> 
     </div>
    </div>
   </div> 
   <div class="tr_footnote"> 
    <div class="footnote"> 
     <sup class="co_footnoteNumber"> <a name="page_number_footnote_pages-and-author-footnotes_1" class="tr_ftn" ftnname="page_number_fnRef_pages-and-author-footnotes_1" href=""></a> </sup> 
     <div class="er_rp_search_volume_content_data"> 
      <div class="footnote_body"> 
       <div class="co_page_number">
        1
       </div> 
      </div> 
     </div> 
    </div> 
   </div><?pb label="2"?>
   <div class="tr_footnote"> 
    <div class="footnote"> 
     <sup class="co_footnoteNumber"> <a name="page_number_footnote_pages-and-author-footnotes_2" class="tr_ftn" ftnname="page_number_fnRef_pages-and-author-footnotes_2" href=""></a> </sup> 
     <div class="er_rp_search_volume_content_data"> 
      <div class="footnote_body"> 
       <div class="co_page_number">
        2
       </div> 
      </div> 
     </div> 
    </div> 
   </div>
  </section> 
 </body> 
</html>
