<!DOCTYPE html PUBLIC "-//W3C//DTD XHTML 1.1//EN" "http://www.w3.org/TR/xhtml11/DTD/xhtml11.dtd"> 
<html xmlns="http://www.w3.org/1999/xhtml"> 
 <head> 
  <meta http-equiv="content-type" content="text/html; charset=utf-8" /> 
  <meta http-equiv="X-UA-Compatible" content="IE=edge,chrome=1" /> 
  <title>Thomson Reuters eBook</title> 
  <link rel="stylesheet" type="text/css" href="er:#document" /> 
 </head> 
 <body class="co_t2Left"> 
  <section class="co_docDisplay"><?pb label="3"?> 
   <a name="I94ee1e31e1e311da9c26e67ca3b71335"></a> 
   <div id="coid_website_documentWidgetDiv"> 
    <div id="co_document" class="co_document co_commentary co_commentaryEnhancement"> <?pb label="4"?> 
     <div class="co_contentBlock co_briefItState co_section"> 
      <div class="co_paragraph"> 
       <div class="co_paragraphText">
        For attorneys, who are required to be ECF users, filing can be accomplished only by filing electronically. For non-ECF uses, filing a motion for transfer with the Panel can be accomplished only in one way—by mailing it or delivering it to the address required in the Rules:
        <sup id="co_fnRef_If27244306b3e11e99b03e53d6dd36aa2_N1006B"> <a name="co_fnRef_If27244306b3e11e99b03e53d6dd36aa2_N1006B" class="tr_ftn" ftnname="co_footnote_If27244306b3e11e99b03e53d6dd36aa2" href="#co_footnote_If27244306b3e11e99b03e53d6dd36aa2" page="4">  1</a> </sup> 
       </div> 
      </div> <?pb label="v2-5"?> 
      <div class="co_paragraph"> 
       <div class="co_paragraphText">
        A party filing electronically is required to serve courtesy copy on the Panel within 24 hours of filing.
        <sup id="co_fnRef_If2726b416b3e11e99b03e53d6dd36aa2_N1008C"> <a name="co_fnRef_If2726b416b3e11e99b03e53d6dd36aa2_N1008C" class="tr_ftn" ftnname="co_footnote_If2726b416b3e11e99b03e53d6dd36aa2" href="#co_footnote_If2726b416b3e11e99b03e53d6dd36aa2" page="v2-5">  2</a> </sup> For non-ECF filers, this extra copy is filed simultaneously with the initial filing.
        <sup id="co_fnRef_If2726b426b3e11e99b03e53d6dd36aa2_N10092"> <a name="co_fnRef_If2726b426b3e11e99b03e53d6dd36aa2_N10092" class="tr_ftn" ftnname="co_footnote_If2726b426b3e11e99b03e53d6dd36aa2" href="#co_footnote_If2726b426b3e11e99b03e53d6dd36aa2" page="v2-5">  3</a> </sup> 
       </div> 
      </div> <?pb label="6"?> 
      <div class="co_paragraph"> 
       <div class="co_paragraphText">
        .
        <sup id="co_fnRef_If27292506b3e11e99b03e53d6dd36aa2_N100C7"> <a name="co_fnRef_If27292506b3e11e99b03e53d6dd36aa2_N100C7" class="tr_ftn" ftnname="co_footnote_If27292506b3e11e99b03e53d6dd36aa2" href="#co_footnote_If27292506b3e11e99b03e53d6dd36aa2" page="6">  4</a> </sup> 
       </div> 
      </div> 
     </div>     
    </div> 
   </div> 
  </section>
  <section class="tr_footnotes"><?pb label="3"?> 
   <div class="co_page_number">
    3
   </div><?pb label="4"?> 
   <div class="tr_footnote">
    <div class="footnote">
     <sup class="co_footnoteNumber"> <span id="co_footnote_If27244306b3e11e99b03e53d6dd36aa2"> <a name="co_footnote_If27244306b3e11e99b03e53d6dd36aa2" class="tr_ftn" ftnname="co_fnRef_If27244306b3e11e99b03e53d6dd36aa2_N1006B" href="" page="4"> 1</a> </span> </sup> 
     <div class="co_footnoteBody er_rp_search_volume_content_data"> 
      <div class="footnote_body"> 
       <div class="co_paragraph">   
        <div class="co_paragraphText">
         J.P.M.L.   
         <a id="co_link_I54ab7d206b3e11e9a5a983883834314b" class="co_link co_drag ui-draggable" href="https://www.westlaw.com/Link/Document/FullText?findType=L&amp;pubNum=1000604&amp;cite=USMULTIDISTLITR1.1&amp;originatingDoc=pages-and-footnotes&amp;refType=LQ&amp;originationContext=ebook&amp;RS=ebbp3.0&amp;vr=3.0">R. 1.1(d)</a>.  Panel 
         <a id="co_link_I54ab7d216b3e11e9a5a983883834314b" class="co_link co_drag ui-draggable" href="https://www.westlaw.com/Link/Document/FullText?findType=L&amp;pubNum=1000604&amp;cite=USMULTIDISTLITR3.3&amp;originatingDoc=pages-and-footnotes&amp;refType=LQ&amp;originationContext=ebook&amp;RS=ebbp3.0&amp;vr=3.0">Rule 3.3</a> provides directions for pro se parties to file by paper, with 
         <a id="co_link_I54ab7d226b3e11e9a5a983883834314b" class="co_link co_drag ui-draggable" href="https://www.westlaw.com/Link/Document/FullText?findType=L&amp;pubNum=1000604&amp;cite=USMULTIDISTLITR3.3&amp;originatingDoc=pages-and-footnotes&amp;refType=LQ&amp;originationContext=ebook&amp;RS=ebbp3.0&amp;vr=3.0">Rule 3.3(c)</a> specifying the place for filing.  The Panel rules are reproduced in 
         <a id="co_link_If2726b406b3e11e99b03e53d6dd36aa2" class="co_link co_drag ui-draggable" href="https://www.westlaw.com/Link/Document/FullText?findType=Y&amp;pubNum=185218&amp;cite=MDLITMANs4%3A34&amp;originatingDoc=pages-and-footnotes&amp;refType=NA&amp;originationContext=ebook&amp;RS=ebbp3.0&amp;vr=3.0">§ 4:34</a>.  The rules no longer provide for filing by facsimile.  The Panel has prepared a checklist for e-filing, which can be found at Appendix H.
        </div>   
       </div> 
      </div> 
     </div>
    </div>
   </div> 
   <div class="co_page_number">
    4
   </div><?pb label="v2-5"?> 
   <div class="tr_footnote">
    <div class="footnote">
     <sup class="co_footnoteNumber"> <span id="co_footnote_If2726b416b3e11e99b03e53d6dd36aa2"> <a name="co_footnote_If2726b416b3e11e99b03e53d6dd36aa2" class="tr_ftn" ftnname="co_fnRef_If2726b416b3e11e99b03e53d6dd36aa2_N1008C" href="" page="v2-5"> 2</a> </span> </sup> 
     <div class="co_footnoteBody er_rp_search_volume_content_data"> 
      <div class="footnote_body"> 
       <div class="co_paragraph">   
        <div class="co_paragraphText">
         J.P.M.L.   
         <a id="co_link_I54aeb1706b3e11e9a5a983883834314b" class="co_link co_drag ui-draggable" href="https://www.westlaw.com/Link/Document/FullText?findType=L&amp;pubNum=1000604&amp;cite=USMULTIDISTLITR3.2&amp;originatingDoc=pages-and-footnotes&amp;refType=LQ&amp;originationContext=ebook&amp;RS=ebbp3.0&amp;vr=3.0">R. 3.2(d)</a>. 
        </div>  
       </div> 
      </div> 
     </div>
    </div>
   </div> 
   <div class="tr_footnote">
    <div class="footnote">
     <sup class="co_footnoteNumber"> <span id="co_footnote_If2726b426b3e11e99b03e53d6dd36aa2"> <a name="co_footnote_If2726b426b3e11e99b03e53d6dd36aa2" class="tr_ftn" ftnname="co_fnRef_If2726b426b3e11e99b03e53d6dd36aa2_N10092" href="" page="v2-5"> 3</a> </span> </sup> 
     <div class="co_footnoteBody er_rp_search_volume_content_data"> 
      <div class="footnote_body"> 
       <div class="co_paragraph">   
        <div class="co_paragraphText">
         J.P.M.L.   
         <a id="co_link_I54b149806b3e11e9a5a983883834314b" class="co_link co_drag ui-draggable" href="https://www.westlaw.com/Link/Document/FullText?findType=L&amp;pubNum=1000604&amp;cite=USMULTIDISTLITR3.3&amp;originatingDoc=pages-and-footnotes&amp;refType=LQ&amp;originationContext=ebook&amp;RS=ebbp3.0&amp;vr=3.0">R. 3.3(c)</a>. 
        </div>  
       </div> 
      </div> 
     </div>
    </div>
   </div> 
   <div class="co_page_number">
    v2-5
   </div><?pb label="6"?> 
   <div class="tr_footnote">
    <div class="footnote">
     <sup class="co_footnoteNumber"> <span id="co_footnote_If27292506b3e11e99b03e53d6dd36aa2"> <a name="co_footnote_If27292506b3e11e99b03e53d6dd36aa2" class="tr_ftn" ftnname="co_fnRef_If27292506b3e11e99b03e53d6dd36aa2_N100C7" href="" page="6"> 4</a> </span> </sup> 
     <div class="co_footnoteBody er_rp_search_volume_content_data"> 
      <div class="footnote_body"> 
       <div class="co_paragraph">   
        <div class="co_paragraphText"> 
         <div class="co_italic co_inline">
          See
         </div> 
         <a id="co_link_I54b2f7316b3e11e9a5a983883834314b" class="co_link co_drag ui-draggable" href="https://www.westlaw.com/Link/Document/FullText?findType=Y&amp;serNum=1980119310&amp;pubNum=0000345&amp;originatingDoc=pages-and-footnotes&amp;refType=RP&amp;originationContext=ebook&amp;RS=ebbp3.0&amp;vr=3.0">Tim W. Koerner &amp; Associates, Inc. v. Aspen Labs, Inc., 492 F. Supp. 294 (S.D. Tex. 1980)</a>, 
         <case.history>
          aff'd
         </case.history>, 
         <a id="co_link_I54b2f7336b3e11e9a5a983883834314b" class="co_link co_drag ui-draggable" href="https://www.westlaw.com/Link/Document/FullText?findType=Y&amp;serNum=1982228076&amp;pubNum=0000350&amp;originatingDoc=pages-and-footnotes&amp;refType=RP&amp;originationContext=ebook&amp;RS=ebbp3.0&amp;vr=3.0">683 F.2d 416 (5th Cir. 1982)</a>. 
        </div>  
       </div> 
      </div> 
     </div>
    </div>
   </div> 
   <div class="co_page_number">
    6
   </div>
  </section> 
 </body> 
</html>