<html xmlns="http://www.w3.org/1999/xhtml"> 
 <head> 
  <meta http-equiv="content-type" content="text/html; charset=utf-8" /> 
  <meta http-equiv="X-UA-Compatible" content="IE=edge,chrome=1" /> 
  <title>PUBLISHING INFORMATION</title> 
 </head> 
 <body> 
  <section> 
   <a name="inlineTocAnchor"></a>
   <div style="text-align: left; margin-top: 1.275em; font-weight: bold; font-size: 1.5em; ">
    Summary of Contents
   </div>
   <div style="text-align: left; margin-top: 0.425em; margin-left: 0.00em; ">
    <a href="er:#inlineToc/sumI97a8da30933b11da99e2b07024dacc26">Multidistrict Litigation Manual--Practice Before the Judicial Panel on Multidistrict Litigation</a>
   </div>
   <div style="text-align: left; margin-top: 0.425em; margin-left: 0.50em; ">
    <a href="er:#inlineToc/sumI67919ab1114511e69f7284fc34408711">WHAT’S NEW2019 Edition</a>
   </div>
   <div style="text-align: left; margin-top: 0.425em; margin-left: 0.50em; ">
    <a href="er:#inlineToc/sumIcbcfa40095cb11e4a7a2f300942ac02c">Preliminary Materials</a>
   </div>
   <div style="text-align: left; margin-top: 0.425em; margin-left: 0.50em; ">
    <a href="er:#inlineToc/sumI97b7f560933b11da99e2b07024dacc26">Part I. Handling Cases Before the Judicial Panel on Multidistrict Litigation</a>
   </div>
   <div style="text-align: left; margin-top: 0.425em; margin-left: 0.50em; ">
    <a href="er:#inlineToc/sumI6e16cdc0933c11da99e2b07024dacc26">Part II. § 1407 in the Courts</a>
   </div>
   <div style="text-align: left; margin-top: 0.425em; margin-left: 0.50em; ">
    <a href="er:#inlineToc/sumI95acc6a0933c11da99e2b07024dacc26">Bibliography</a>
   </div>
   <div style="text-align: left; margin-top: 1.275em; font-weight: bold; font-size: 1.5em; ">
    Table of Contents
   </div>
   <div style="text-align: left; margin-top: 0.850em; margin-left: 0.00em; font-weight: bold; text-transform: uppercase; ">
    <a name="sumI97a8da30933b11da99e2b07024dacc26" href="er:#I5885e15011c411e68073fa8dc60233b8/I97a8da30933b11da99e2b07024dacc26">Multidistrict Litigation Manual--Practice Before the Judicial Panel on Multidistrict Litigation</a>
   </div>
   <div style="text-align: left; margin-top: 0.850em; margin-left: 0.50em; font-weight: bold; text-transform: uppercase; ">
    <a name="sumI67919ab1114511e69f7284fc34408711" href="er:#I5885e15011c411e68073fa8dc60233b8/I67919ab1114511e69f7284fc34408711">WHAT’S NEW2019 Edition</a>
   </div>
   <div style="text-align: left; margin-top: 0.850em; margin-left: 0.50em; font-weight: bold; text-transform: uppercase; ">
    <a name="sumIcbcfa40095cb11e4a7a2f300942ac02c" href="er:#I0b12194095cc11e4a692d49183167da5/Icbcfa40095cb11e4a7a2f300942ac02c">Preliminary Materials</a>
   </div>
   <div style="text-align: left; margin-top: 0.850em; margin-left: 0.50em; font-weight: bold; text-transform: uppercase; ">
    <a name="sumI97b7f560933b11da99e2b07024dacc26" href="er:#I89e5c1200f5a11da9cd1b8ea82133782/I97b7f560933b11da99e2b07024dacc26">Part I. Handling Cases Before the Judicial Panel on Multidistrict Litigation</a>
   </div>
   <div style="text-align: left; margin-top: 0.425em; margin-left: 1.00em; ">
    <a name="sumI97c45170933b11da99e2b07024dacc26" href="er:#I89e5c1200f5a11da9cd1b8ea82133782/I97c45170933b11da99e2b07024dacc26">Chapter 1. Overview of the Panel's Role</a>
   </div>
   <div style="text-align: left; margin-top: 0.425em; margin-left: 1.50000000000000025em; ">
    <a name="sumI94cba210e1e311da9c26e67ca3b71335" href="er:#I89e5c1200f5a11da9cd1b8ea82133782/I94cba210e1e311da9c26e67ca3b71335">§ 1:1. Overview</a>
   </div>
   <div style="text-align: left; margin-top: 0.850em; margin-left: 0.50em; font-weight: bold; text-transform: uppercase; ">
    <a name="sumI6e16cdc0933c11da99e2b07024dacc26" href="er:#I8a0fb7510f5a11da9cd1b8ea82133782/I6e16cdc0933c11da99e2b07024dacc26">Part II. § 1407 in the Courts</a>
   </div>
   <div style="text-align: left; margin-top: 0.425em; margin-left: 1.00em; ">
    <a name="sumI6e185460933c11da99e2b07024dacc26" href="er:#I8a0fb7510f5a11da9cd1b8ea82133782/I6e185460933c11da99e2b07024dacc26">Primary Source with Annotations</a>
   </div>
   <div style="text-align: left; margin-top: 0.425em; margin-left: 1.50000000000000025em; ">
    <a name="sumIee975f90e42d11dab5319dfadde9ea3f" href="er:#I8a0fb7510f5a11da9cd1b8ea82133782/Iee975f90e42d11dab5319dfadde9ea3f">§ 1407. Multidistrict litigation</a>
   </div>
   <div style="text-align: left; margin-top: 0.850em; margin-left: 0.50em; font-weight: bold; text-transform: uppercase; ">
    <a name="sumI95acc6a0933c11da99e2b07024dacc26" href="er:#I957a4ba0558a11dc9c6a0000837bc6dd/I95acc6a0933c11da99e2b07024dacc26">Bibliography</a>
   </div>
   <div style="text-align: left; margin-top: 0.425em; margin-left: 1.00em; ">
    <a name="sumI403894d0558a11dca5f9d46486b7845f" href="er:#I957a4ba0558a11dc9c6a0000837bc6dd/I403894d0558a11dca5f9d46486b7845f">Bibliography</a>
   </div>
  </section> 
 </body> 
</html>