<mapping>
 <doc oldid="ellis_fdc_com_20_1_html" newids="I85b24ddda11d11eabafbf5373d14f37c;I85b24deca11d11eabafbf5373d14f37c;I85b24defa11d11eabafbf5373d14f37c;I85b24df5a11d11eabafbf5373d14f37c;I85b274d2a11d11eabafbf5373d14f37c"></doc>
 <doc oldid="ellis_fdc_com_20_html" newids="I85b24dcea11d11eabafbf5373d14f37c;I85b24dd1a11d11eabafbf5373d14f37c;I85b24dd4a11d11eabafbf5373d14f37c;I85b24dd7a11d11eabafbf5373d14f37c;I85b24ddaa11d11eabafbf5373d14f37c;I85b24ddda11d11eabafbf5373d14f37c;I85b24de0a11d11eabafbf5373d14f37c;I85b24de3a11d11eabafbf5373d14f37c;I85b24de9a11d11eabafbf5373d14f37c"></doc>
 <doc oldid="old-itemThree-noteThree" newids="documentItemThreeNoteThree"></doc>
 <doc oldid="old-itemThree-page" newids="documentItemThreePage"></doc>
 <doc oldid="old-itemTwo-noteTwo" newids="documentItemTwoNoteTwo"></doc>
 <doc oldid="old-itemTwo-page" newids="documentItemTwoPage"></doc>
 <doc oldid="old-publisherOne" newids="documentPublisherOne"></doc>
 <doc oldid="old-publisherTwo" newids="documentPublisherTwo"></doc>
</mapping>