<mapping>
 <doc oldid="archibald_rc_app_a_10_criminal_code_offences-html" newids="I66469e90fcd111ea9324d57f9f82092c;If52ed540cdc511ea8744b244b7c5c45b;If52ed541cdc511ea8744b244b7c5c45b;If52efc50cdc511ea8744b244b7c5c45b;If52efc51cdc511ea8744b244b7c5c45b;If52efc52cdc511ea8744b244b7c5c45b;If52f2360cdc511ea8744b244b7c5c45b;If52f4a70cdc511ea8744b244b7c5c45b;If52fe6b0cdc511ea8744b244b7c5c45b;If52fe6b1cdc511ea8744b244b7c5c45b;If5300dc0cdc511ea8744b244b7c5c45b;If5300dc1cdc511ea8744b244b7c5c45b"></doc>
 <doc oldid="archibald_rc_app_a_12_corruption_of_foreign_public_officials_act-html" newids=""></doc>
 <doc oldid="archibald_rc_app_a_15_controlled_drugs_and_substances_act-html" newids=""></doc>
 <doc oldid="archibald_rc_app_a_16_penalties_for_non_compliance_with_part_1_of_the_proceed-html" newids=""></doc>
 <doc oldid="archibald_rc_app_a_17_offences_under_copyright_act-html" newids=""></doc>
 <doc oldid="archibald_rc_app_a_20_taxation_offences-html" newids=""></doc>
 <doc oldid="archibald_rc_app_a_30_offences_under_competition_act-html" newids="I6646c5a1fcd111ea9324d57f9f82092c;If5331b01cdc511ea8744b244b7c5c45b;If5347a91cdc511ea8744b244b7c5c45b;If539d1c1cdc511ea8744b244b7c5c45b;If53a6e00cdc511ea8744b244b7c5c45b;If53b3152cdc511ea8744b244b7c5c45b;If53b5860cdc511ea8744b244b7c5c45b;If53b5861cdc511ea8744b244b7c5c45b;If53d2d22cdc511ea8744b244b7c5c45b;If53e3e90cdc511ea8744b244b7c5c45b;If53e3e91cdc511ea8744b244b7c5c45b;If53e3e92cdc511ea8744b244b7c5c45b"></doc>
 <doc oldid="archibald_rc_app_a_32_violation_of_unsolicited_telecommunications_rules-html" newids=""></doc>
 <doc oldid="archibald_rc_app_a_33_administrative_monetary_penalties_and_monetary_penaltie-html" newids=""></doc>
 <doc oldid="archibald_rc_app_a_34_financial_consumer_agency_of_canada_act_administrative_-html" newids=""></doc>
 <doc oldid="archibald_rc_app_a_35_agriculture_and_agri_food_administrative_monetary_penal-html" newids=""></doc>
 <doc oldid="archibald_rc_app_a_36_offences_under_provincial_securities_acts-html" newids=""></doc>
 <doc oldid="archibald_rc_app_a_37_mortgage_brokerages_lenders_and_administrators_act_2006-html" newids=""></doc>
 <doc oldid="archibald_rc_app_a_38_commodity_futures_act_ont_administrative_monetary_penal-html" newids=""></doc>
 <doc oldid="archibald_rc_app_a_39_mutual_fund_dealers_association_of_canada-html" newids="Ibf0e2d90e3b311eaa729f140e481f89d;If54d59c0cdc511ea8744b244b7c5c45b"></doc>
 <doc oldid="archibald_rc_app_a_40_offences_against_environment-html" newids="I6646ecb1fcd111ea9324d57f9f82092c;Ibf0e2d91e3b311eaa729f140e481f89d;Ibf0e54a0e3b311eaa729f140e481f89d;Ibf0e7bb0e3b311eaa729f140e481f89d;If54dcef1cdc511ea8744b244b7c5c45b;If54f5592cdc511ea8744b244b7c5c45b;If54fcac2cdc511ea8744b244b7c5c45b;If54fcac3cdc511ea8744b244b7c5c45b;If5503ff0cdc511ea8744b244b7c5c45b;If5506700cdc511ea8744b244b7c5c45b;If5506702cdc511ea8744b244b7c5c45b;If550b522cdc511ea8744b244b7c5c45b;If5510340cdc511ea8744b244b7c5c45b;If5510342cdc511ea8744b244b7c5c45b;If5512a51cdc511ea8744b244b7c5c45b;If5512a52cdc511ea8744b244b7c5c45b;If5515160cdc511ea8744b244b7c5c45b;If5523bc1cdc511ea8744b244b7c5c45b;If55262d0cdc511ea8744b244b7c5c45b;If552b0f1cdc511ea8744b244b7c5c45b;If552d802cdc511ea8744b244b7c5c45b;If556f6b0cdc511ea8744b244b7c5c45b;If556f6b3cdc511ea8744b244b7c5c45b;If55744d0cdc511ea8744b244b7c5c45b;If55744d1cdc511ea8744b244b7c5c45b;If5582f33cdc511ea8744b244b7c5c45b;If5585641cdc511ea8744b244b7c5c45b;If5591992cdc511ea8744b244b7c5c45b;If559dce0cdc511ea8744b244b7c5c45b;If559dce1cdc511ea8744b244b7c5c45b;If55a2b01cdc511ea8744b244b7c5c45b;If55a5210cdc511ea8744b244b7c5c45b;If55a5211cdc511ea8744b244b7c5c45b;If55a5212cdc511ea8744b244b7c5c45b;If55a7920cdc511ea8744b244b7c5c45b;If55aee51cdc511ea8744b244b7c5c45b;If55b1561cdc511ea8744b244b7c5c45b;If55b3c72cdc511ea8744b244b7c5c45b;If55b6380cdc511ea8744b244b7c5c45b;If55b6383cdc511ea8744b244b7c5c45b;If55b8a90cdc511ea8744b244b7c5c45b;If55b8a91cdc511ea8744b244b7c5c45b;If55b8a92cdc511ea8744b244b7c5c45b;If55bb1a0cdc511ea8744b244b7c5c45b;If55bb1a1cdc511ea8744b244b7c5c45b;If56108d3cdc511ea8744b244b7c5c45b;If5612fe0cdc511ea8744b244b7c5c45b;If5621a41cdc511ea8744b244b7c5c45b;If5621a42cdc511ea8744b244b7c5c45b;If5624151cdc511ea8744b244b7c5c45b;If5624152cdc511ea8744b244b7c5c45b;If5626862cdc511ea8744b244b7c5c45b;If5628f70cdc511ea8744b244b7c5c45b;If5628f72cdc511ea8744b244b7c5c45b;If562b680cdc511ea8744b244b7c5c45b;If5632bb2cdc511ea8744b244b7c5c45b;If56352c0cdc511ea8744b244b7c5c45b;If56379d0cdc511ea8744b244b7c5c45b;If56379d1cdc511ea8744b244b7c5c45b;If56379d2cdc511ea8744b244b7c5c45b;If563a0e1cdc511ea8744b244b7c5c45b;If563a0e2cdc511ea8744b244b7c5c45b;If563c7f1cdc511ea8744b244b7c5c45b;If563ef01cdc511ea8744b244b7c5c45b;If5641610cdc511ea8744b244b7c5c45b;If5641611cdc511ea8744b244b7c5c45b;If5641612cdc511ea8744b244b7c5c45b;If5643d20cdc511ea8744b244b7c5c45b;If5643d22cdc511ea8744b244b7c5c45b;If5646430cdc511ea8744b244b7c5c45b;If5646431cdc511ea8744b244b7c5c45b;If5646432cdc511ea8744b244b7c5c45b;If5646433cdc511ea8744b244b7c5c45b"></doc>
 <doc oldid="archibald_rc_app_a_50_occupational_health_and_safety-html" newids="Ibf0ea2c0e3b311eaa729f140e481f89d;Ibf0ea2c1e3b311eaa729f140e481f89d;If5648b40cdc511ea8744b244b7c5c45b;If564b251cdc511ea8744b244b7c5c45b;If5650071cdc511ea8744b244b7c5c45b;If5652781cdc511ea8744b244b7c5c45b;If5654e90cdc511ea8744b244b7c5c45b;If5654e91cdc511ea8744b244b7c5c45b;If5654e92cdc511ea8744b244b7c5c45b;If56575a1cdc511ea8744b244b7c5c45b;If56834c1cdc511ea8744b244b7c5c45b;If56dda14cdc511ea8744b244b7c5c45b;If56e0123cdc511ea8744b244b7c5c45b;If56e9d61cdc511ea8744b244b7c5c45b;If56eeb81cdc511ea8744b244b7c5c45b;If5710e60cdc511ea8744b244b7c5c45b;If5713570cdc511ea8744b244b7c5c45b;If5718393cdc511ea8744b244b7c5c45b;If571aaa0cdc511ea8744b244b7c5c45b;If571aaa1cdc511ea8744b244b7c5c45b;If571f8c1cdc511ea8744b244b7c5c45b;If57469c3cdc511ea8744b244b7c5c45b;If57469c4cdc511ea8744b244b7c5c45b;If57490d0cdc511ea8744b244b7c5c45b;If57490d1cdc511ea8744b244b7c5c45b;If57490d2cdc511ea8744b244b7c5c45b;If57490d3cdc511ea8744b244b7c5c45b;If57490d4cdc511ea8744b244b7c5c45b;If574def3cdc511ea8744b244b7c5c45b;If574def4cdc511ea8744b244b7c5c45b;If5750601cdc511ea8744b244b7c5c45b;If5750602cdc511ea8744b244b7c5c45b;If5750603cdc511ea8744b244b7c5c45b;If5752d10cdc511ea8744b244b7c5c45b;If5752d11cdc511ea8744b244b7c5c45b;If5752d12cdc511ea8744b244b7c5c45b;If5752d13cdc511ea8744b244b7c5c45b"></doc>
 <doc oldid="archibald_rc_app_a_60_miscellaneous_regulatory_offences-html" newids="I664713c0fcd111ea9324d57f9f82092c;I664713c1fcd111ea9324d57f9f82092c;I664761e0fcd111ea9324d57f9f82092c;If5752d14cdc511ea8744b244b7c5c45b;If5752d15cdc511ea8744b244b7c5c45b;If5755420cdc511ea8744b244b7c5c45b;If5755421cdc511ea8744b244b7c5c45b;If5755422cdc511ea8744b244b7c5c45b;If5755423cdc511ea8744b244b7c5c45b;If5757b31cdc511ea8744b244b7c5c45b;If5757b32cdc511ea8744b244b7c5c45b;If575a240cdc511ea8744b244b7c5c45b;If575a241cdc511ea8744b244b7c5c45b;If575a242cdc511ea8744b244b7c5c45b;If575a244cdc511ea8744b244b7c5c45b;If575f063cdc511ea8744b244b7c5c45b;If5761770cdc511ea8744b244b7c5c45b;If5766591cdc511ea8744b244b7c5c45b;If5766592cdc511ea8744b244b7c5c45b;If5766593cdc511ea8744b244b7c5c45b;If5768ca2cdc511ea8744b244b7c5c45b;If5768ca4cdc511ea8744b244b7c5c45b;If576b3b1cdc511ea8744b244b7c5c45b;If576b3b2cdc511ea8744b244b7c5c45b;If576b3b4cdc511ea8744b244b7c5c45b;If576dac1cdc511ea8744b244b7c5c45b;If576dac2cdc511ea8744b244b7c5c45b;If576dac3cdc511ea8744b244b7c5c45b;If576dac4cdc511ea8744b244b7c5c45b;If576dac5cdc511ea8744b244b7c5c45b;If57701d1cdc511ea8744b244b7c5c45b;If57701d2cdc511ea8744b244b7c5c45b;If57701d3cdc511ea8744b244b7c5c45b"></doc>
 <doc oldid="archibald_rc_app_appendix_a_leading_and_seminal_cases_in_sentencing-1-html" newids=""></doc>
 <doc oldid="archibald_rc_app_appendix_a_leading_and_seminal_cases_in_sentencing-html" newids="If52ab690cdc511ea8744b244b7c5c45b"></doc>
 <doc oldid="archibald_rc_app_appendix_b_due_diligence_table-html" newids=""></doc>
 <doc oldid="archibald_rc_app_b_10_offences_against_environment-html" newids="If57728e0cdc511ea8744b244b7c5c45b;If5779e12cdc511ea8744b244b7c5c45b;If5779e13cdc511ea8744b244b7c5c45b;If577c520cdc511ea8744b244b7c5c45b;If577ec30cdc511ea8744b244b7c5c45b;If577ec31cdc511ea8744b244b7c5c45b"></doc>
 <doc oldid="archibald_rc_app_b_20_occupational_health_and_safety-html" newids="If579c0f1cdc511ea8744b244b7c5c45b;If579e805cdc511ea8744b244b7c5c45b;If57a5d30cdc511ea8744b244b7c5c45b;If57a5d31cdc511ea8744b244b7c5c45b;If57a5d36cdc511ea8744b244b7c5c45b;If57a8441cdc511ea8744b244b7c5c45b;If57a8443cdc511ea8744b244b7c5c45b;If57a8445cdc511ea8744b244b7c5c45b;If57ad260cdc511ea8744b244b7c5c45b;If57ad261cdc511ea8744b244b7c5c45b;If57ad263cdc511ea8744b244b7c5c45b;If57b4790cdc511ea8744b244b7c5c45b;If57b4791cdc511ea8744b244b7c5c45b;If57b4792cdc511ea8744b244b7c5c45b;If57b4793cdc511ea8744b244b7c5c45b;If57b4796cdc511ea8744b244b7c5c45b;If57b95b7cdc511ea8744b244b7c5c45b;If57b95b8cdc511ea8744b244b7c5c45b;If57bbcc0cdc511ea8744b244b7c5c45b;If57bbcc1cdc511ea8744b244b7c5c45b"></doc>
 <doc oldid="archibald_rc_app_b_30_offences_under_smoke_free_ontario_act-html" newids=""></doc>
 <doc oldid="archibald_rc_app_b_40_failure_to_comply_with_the_signage_and_traffic_control_-html" newids=""></doc>
 <doc oldid="archibald_rc_app_b_50_offences_under_securities_legislation-html" newids=""></doc>
 <doc oldid="archibald_rc_app_b_offences_under_ontario_water_resources_act-html" newids="If577ec32cdc511ea8744b244b7c5c45b"></doc>
 <doc oldid="archibald_rc_app_c_offences_under_ontarios_pesticides_act-html" newids="If5781341cdc511ea8744b244b7c5c45b"></doc>
 <doc oldid="archibald_rc_app_d_offences_under_ontarios_forestry_act-html" newids="If5781342cdc511ea8744b244b7c5c45b"></doc>
 <doc oldid="archibald_rc_app_e_offences_under_ontarios_conservation_authorities_act-html" newids="If5781343cdc511ea8744b244b7c5c45b"></doc>
 <doc oldid="archibald_rc_app_f_1_offences_under_albertas_water_act-html" newids="If5783a54cdc511ea8744b244b7c5c45b"></doc>
 <doc oldid="archibald_rc_app_f_offences_under_albertas_environmental_protection_and_enhan-html" newids="If5781345cdc511ea8744b244b7c5c45b"></doc>
 <doc oldid="archibald_rc_app_g_offences_under_albertas_transportation_of_dangerous_goods_-html" newids="If5783a55cdc511ea8744b244b7c5c45b"></doc>
 <doc oldid="archibald_rc_app_h_offences_under_newfoundland_and_labradors_waste_material_d-html" newids="If5786160cdc511ea8744b244b7c5c45b"></doc>
 <doc oldid="archibald_rc_app_i_offences_under_british_columbias_waste_management_act-html" newids="If5786161cdc511ea8744b244b7c5c45b"></doc>
 <doc oldid="archibald_rc_app_j_offences_under_british_columbias_clean_air_act-html" newids="If5788870cdc511ea8744b244b7c5c45b"></doc>
 <doc oldid="archibald_rc_app_k_offences_under_british_columbias_forest_practices_code_of_-html" newids="If5788871cdc511ea8744b244b7c5c45b"></doc>
 <doc oldid="archibald_rc_app_l_1_offences_under_british_columbias_tree_protection_bylaw-html" newids="If5788874cdc511ea8744b244b7c5c45b"></doc>
 <doc oldid="archibald_rc_app_l_2_environmental_management_act_and_open_burning_smoke_cont-html" newids=""></doc>
 <doc oldid="archibald_rc_app_l_offences_under_british_columbia_municipal_soil_by_laws-html" newids="If5788872cdc511ea8744b244b7c5c45b"></doc>
 <doc oldid="archibald_rc_app_m_offences_under_saskatchewans_the_wildlife_habitat_protecti-html" newids="If578af80cdc511ea8744b244b7c5c45b"></doc>
 <doc oldid="archibald_rc_app_n_offences_under_nova_scotias_environment_act-html" newids="If578af82cdc511ea8744b244b7c5c45b"></doc>
 <doc oldid="archibald_rc_app_o_offences_under_nova_scotias_environmental_protection_act-html" newids="If578af84cdc511ea8744b244b7c5c45b"></doc>
 <doc oldid="archibald_rc_app_p_offences_under_nova_scotias_water_act-html" newids="If578af85cdc511ea8744b244b7c5c45b"></doc>
 <doc oldid="archibald_rc_app_q_offences_under_new_brunswicks_clean_environment_act-html" newids="If578af86cdc511ea8744b244b7c5c45b"></doc>
 <doc oldid="archibald_rc_app_r_offences_under_prince_edward_islands_environmental_protect-html" newids="If578d690cdc511ea8744b244b7c5c45b"></doc>
 <doc oldid="archibald_rc_app_s_offences_under_nunavuts_environmental_tobacco_smoke_work_s-html" newids="If578d691cdc511ea8744b244b7c5c45b"></doc>
 <doc oldid="archibald_rc_app_t_offences_under_yukon_waters_act-html" newids="If578d692cdc511ea8744b244b7c5c45b"></doc>
 <doc oldid="archibald_rc_app_u_offences_under_federal_legislation-html" newids="If578d693cdc511ea8744b244b7c5c45b;If57924b0cdc511ea8744b244b7c5c45b;If57924b2cdc511ea8744b244b7c5c45b;If5794bc1cdc511ea8744b244b7c5c45b;If57972d4cdc511ea8744b244b7c5c45b;If57999e1cdc511ea8744b244b7c5c45b;If57999e2cdc511ea8744b244b7c5c45b;If57999e3cdc511ea8744b244b7c5c45b"></doc>
 <doc oldid="archibald_rc_app_v_offences_under_quebecs_environmental_quality_act-html" newids="If57999e5cdc511ea8744b244b7c5c45b"></doc>
 <doc oldid="archibald_rc_app_w_offences_under_yukons_environment_act-html" newids="If579c0f0cdc511ea8744b244b7c5c45b"></doc>
 <doc oldid="archibald_rc_com_1-1-html" newids="I52e443a09b5811ea8f3b908a1de9a0c6;I52e443a19b5811ea8f3b908a1de9a0c6;I52e443a29b5811ea8f3b908a1de9a0c6;I52e46ab09b5811ea8f3b908a1de9a0c6;I52e46ab19b5811ea8f3b908a1de9a0c6;I52e46ab29b5811ea8f3b908a1de9a0c6;I52e491c09b5811ea8f3b908a1de9a0c6;I52e491c19b5811ea8f3b908a1de9a0c6;I52e4b8d09b5811ea8f3b908a1de9a0c6;I52e4b8d19b5811ea8f3b908a1de9a0c6;I52e4b8d29b5811ea8f3b908a1de9a0c6;I52e4dfe09b5811ea8f3b908a1de9a0c6;I52e4dfe19b5811ea8f3b908a1de9a0c6;I52e506f19b5811ea8f3b908a1de9a0c6;I52e52e009b5811ea8f3b908a1de9a0c6;I52e52e019b5811ea8f3b908a1de9a0c6;I52e555109b5811ea8f3b908a1de9a0c6;I52e555119b5811ea8f3b908a1de9a0c6;I52e555129b5811ea8f3b908a1de9a0c6;I52e57c219b5811ea8f3b908a1de9a0c6;I52e5a3309b5811ea8f3b908a1de9a0c6;I52e5a3319b5811ea8f3b908a1de9a0c6;I52e5a3329b5811ea8f3b908a1de9a0c6"></doc>
 <doc oldid="archibald_rc_com_1-2-html" newids="I52e5ca409b5811ea8f3b908a1de9a0c6;I52e5ca419b5811ea8f3b908a1de9a0c6;I52e5f1509b5811ea8f3b908a1de9a0c6;I52e5f1519b5811ea8f3b908a1de9a0c6;I52e5f1529b5811ea8f3b908a1de9a0c6;I52e618609b5811ea8f3b908a1de9a0c6;I52e618619b5811ea8f3b908a1de9a0c6;I52e63f709b5811ea8f3b908a1de9a0c6;I52e63f719b5811ea8f3b908a1de9a0c6;I52e666809b5811ea8f3b908a1de9a0c6;I52e666819b5811ea8f3b908a1de9a0c6;I52e666829b5811ea8f3b908a1de9a0c6;Id231eeb0cb6311ea9efac3e3a7bb4e8a"></doc>
 <doc oldid="archibald_rc_com_1-html" newids="I52e332319b5811ea8f3b908a1de9a0c6;I52e359409b5811ea8f3b908a1de9a0c6;I52e359419b5811ea8f3b908a1de9a0c6;I52e380509b5811ea8f3b908a1de9a0c6;I52e380519b5811ea8f3b908a1de9a0c6;I52e380529b5811ea8f3b908a1de9a0c6;I52e3a7609b5811ea8f3b908a1de9a0c6;I52e3a7619b5811ea8f3b908a1de9a0c6;I52e3ce709b5811ea8f3b908a1de9a0c6;I52e3ce719b5811ea8f3b908a1de9a0c6;I52e3f5809b5811ea8f3b908a1de9a0c6;I52e3f5819b5811ea8f3b908a1de9a0c6;I52e3f5829b5811ea8f3b908a1de9a0c6;I52e41c909b5811ea8f3b908a1de9a0c6;I52e41c919b5811ea8f3b908a1de9a0c6"></doc>
 <doc oldid="archibald_rc_com_10-html" newids="I52f470419b5811ea8f3b908a1de9a0c6;I52f497509b5811ea8f3b908a1de9a0c6;I52f497519b5811ea8f3b908a1de9a0c6;I52f4be619b5811ea8f3b908a1de9a0c6;Id2332730cb6311ea9efac3e3a7bb4e8a"></doc>
 <doc oldid="archibald_rc_com_11-html" newids="I52f4be629b5811ea8f3b908a1de9a0c6;I52f4e5709b5811ea8f3b908a1de9a0c6;I52f4e5719b5811ea8f3b908a1de9a0c6;I52f4e5729b5811ea8f3b908a1de9a0c6;I52f50c809b5811ea8f3b908a1de9a0c6;I52f50c819b5811ea8f3b908a1de9a0c6;I52f50c829b5811ea8f3b908a1de9a0c6;I52f50c839b5811ea8f3b908a1de9a0c6;I52f533909b5811ea8f3b908a1de9a0c6;I52f533919b5811ea8f3b908a1de9a0c6"></doc>
 <doc oldid="archibald_rc_com_12-html" newids="I52f533929b5811ea8f3b908a1de9a0c6;I52f55aa09b5811ea8f3b908a1de9a0c6;I52f55aa19b5811ea8f3b908a1de9a0c6;I52f55aa29b5811ea8f3b908a1de9a0c6;I52f581b09b5811ea8f3b908a1de9a0c6;I52f581b19b5811ea8f3b908a1de9a0c6;I52f581b29b5811ea8f3b908a1de9a0c6"></doc>
 <doc oldid="archibald_rc_com_13-html" newids="I52f5a8c09b5811ea8f3b908a1de9a0c6;I52f5a8c19b5811ea8f3b908a1de9a0c6;I52f5a8c29b5811ea8f3b908a1de9a0c6;I52f5cfd09b5811ea8f3b908a1de9a0c6;I52f5cfd19b5811ea8f3b908a1de9a0c6;I52f5f6e09b5811ea8f3b908a1de9a0c6;I52f5f6e19b5811ea8f3b908a1de9a0c6;I52f5f6e29b5811ea8f3b908a1de9a0c6;I52f61df09b5811ea8f3b908a1de9a0c6;I52f61df19b5811ea8f3b908a1de9a0c6"></doc>
 <doc oldid="archibald_rc_com_14-1-html" newids="I52f7a4909b5811ea8f3b908a1de9a0c6;I52f7a4919b5811ea8f3b908a1de9a0c6;I52f7cba09b5811ea8f3b908a1de9a0c6;I52f7cba19b5811ea8f3b908a1de9a0c6;I52f7cba29b5811ea8f3b908a1de9a0c6;I52f7f2b09b5811ea8f3b908a1de9a0c6;I52f7f2b19b5811ea8f3b908a1de9a0c6;I52f819c09b5811ea8f3b908a1de9a0c6;I52f819c29b5811ea8f3b908a1de9a0c6;I52f840d09b5811ea8f3b908a1de9a0c6;I52f840d19b5811ea8f3b908a1de9a0c6;I52f840d29b5811ea8f3b908a1de9a0c6;I52f840d39b5811ea8f3b908a1de9a0c6;I52f867e09b5811ea8f3b908a1de9a0c6;I52f867e19b5811ea8f3b908a1de9a0c6;I52f867e29b5811ea8f3b908a1de9a0c6;I52f88ef09b5811ea8f3b908a1de9a0c6;I52f88ef19b5811ea8f3b908a1de9a0c6;I52f88ef29b5811ea8f3b908a1de9a0c6;I52f8b6009b5811ea8f3b908a1de9a0c6;I52f8b6019b5811ea8f3b908a1de9a0c6;I52f8b6029b5811ea8f3b908a1de9a0c6;I52f8dd109b5811ea8f3b908a1de9a0c6;I52f8dd119b5811ea8f3b908a1de9a0c6;I52f8dd129b5811ea8f3b908a1de9a0c6;I52f8dd139b5811ea8f3b908a1de9a0c6;I52f904209b5811ea8f3b908a1de9a0c6;I52f904219b5811ea8f3b908a1de9a0c6;I52f904229b5811ea8f3b908a1de9a0c6;I52f92b309b5811ea8f3b908a1de9a0c6;I52f92b319b5811ea8f3b908a1de9a0c6;I52f92b329b5811ea8f3b908a1de9a0c6;I52f952419b5811ea8f3b908a1de9a0c6;I52f952429b5811ea8f3b908a1de9a0c6;I52f979509b5811ea8f3b908a1de9a0c6;I52f979519b5811ea8f3b908a1de9a0c6;I52f979529b5811ea8f3b908a1de9a0c6;I52f9a0609b5811ea8f3b908a1de9a0c6;I52f9a0619b5811ea8f3b908a1de9a0c6;I52f9a0629b5811ea8f3b908a1de9a0c6;I52f9c7709b5811ea8f3b908a1de9a0c6;I52f9c7719b5811ea8f3b908a1de9a0c6"></doc>
 <doc oldid="archibald_rc_com_14-2-html" newids="I52f9c7729b5811ea8f3b908a1de9a0c6;I52f9c7739b5811ea8f3b908a1de9a0c6;I52f9ee809b5811ea8f3b908a1de9a0c6;I52f9ee819b5811ea8f3b908a1de9a0c6;I52f9ee829b5811ea8f3b908a1de9a0c6;I52fa15909b5811ea8f3b908a1de9a0c6;I52fa15919b5811ea8f3b908a1de9a0c6;I52fa15929b5811ea8f3b908a1de9a0c6;I52fa3ca09b5811ea8f3b908a1de9a0c6;I52fa3ca19b5811ea8f3b908a1de9a0c6;I52fa3ca29b5811ea8f3b908a1de9a0c6;I52fa63b09b5811ea8f3b908a1de9a0c6;I52fa63b19b5811ea8f3b908a1de9a0c6;I52fa63b29b5811ea8f3b908a1de9a0c6;I52fa8ac09b5811ea8f3b908a1de9a0c6;I52fa8ac19b5811ea8f3b908a1de9a0c6;I52fa8ac29b5811ea8f3b908a1de9a0c6;I52fab1d09b5811ea8f3b908a1de9a0c6;I52fab1d19b5811ea8f3b908a1de9a0c6;I52fab1d29b5811ea8f3b908a1de9a0c6;I52fab1d39b5811ea8f3b908a1de9a0c6;I52fad8e09b5811ea8f3b908a1de9a0c6;I52fad8e19b5811ea8f3b908a1de9a0c6;I52fad8e29b5811ea8f3b908a1de9a0c6;I52fafff09b5811ea8f3b908a1de9a0c6;I52fafff19b5811ea8f3b908a1de9a0c6;I52fafff29b5811ea8f3b908a1de9a0c6;I52fb27009b5811ea8f3b908a1de9a0c6;I52fb27019b5811ea8f3b908a1de9a0c6;I52fb27029b5811ea8f3b908a1de9a0c6;I52fb4e109b5811ea8f3b908a1de9a0c6;Id2332731cb6311ea9efac3e3a7bb4e8a"></doc>
 <doc oldid="archibald_rc_com_14-html" newids="I52f61df29b5811ea8f3b908a1de9a0c6;I52f645009b5811ea8f3b908a1de9a0c6;I52f645019b5811ea8f3b908a1de9a0c6;I52f645029b5811ea8f3b908a1de9a0c6;I52f66c109b5811ea8f3b908a1de9a0c6;I52f66c119b5811ea8f3b908a1de9a0c6;I52f693209b5811ea8f3b908a1de9a0c6;I52f693219b5811ea8f3b908a1de9a0c6;I52f693229b5811ea8f3b908a1de9a0c6;I52f6ba309b5811ea8f3b908a1de9a0c6;I52f6ba319b5811ea8f3b908a1de9a0c6;I52f6ba329b5811ea8f3b908a1de9a0c6;I52f6e1419b5811ea8f3b908a1de9a0c6;I52f6e1429b5811ea8f3b908a1de9a0c6;I52f708529b5811ea8f3b908a1de9a0c6;I52f72f619b5811ea8f3b908a1de9a0c6;I52f72f629b5811ea8f3b908a1de9a0c6;I52f756709b5811ea8f3b908a1de9a0c6;I52f756719b5811ea8f3b908a1de9a0c6;I52f756729b5811ea8f3b908a1de9a0c6;I52f77d809b5811ea8f3b908a1de9a0c6;I52f77d819b5811ea8f3b908a1de9a0c6;I52f77d829b5811ea8f3b908a1de9a0c6"></doc>
 <doc oldid="archibald_rc_com_15-html" newids="I52fb4e119b5811ea8f3b908a1de9a0c6;I52fb4e129b5811ea8f3b908a1de9a0c6;I52fb75209b5811ea8f3b908a1de9a0c6;I52fb75229b5811ea8f3b908a1de9a0c6;I52fb9c309b5811ea8f3b908a1de9a0c6;I52fb9c319b5811ea8f3b908a1de9a0c6;I52fbc3409b5811ea8f3b908a1de9a0c6;I52fbc3419b5811ea8f3b908a1de9a0c6;I52fbc3429b5811ea8f3b908a1de9a0c6;I52fbea509b5811ea8f3b908a1de9a0c6;I52fbea519b5811ea8f3b908a1de9a0c6;I52fbea529b5811ea8f3b908a1de9a0c6;Id233c370cb6311ea9efac3e3a7bb4e8a"></doc>
 <doc oldid="archibald_rc_com_16-html" newids="I52fc11609b5811ea8f3b908a1de9a0c6;I52fc11619b5811ea8f3b908a1de9a0c6;I52fc11629b5811ea8f3b908a1de9a0c6;I52fc11639b5811ea8f3b908a1de9a0c6;I52fc38709b5811ea8f3b908a1de9a0c6;I52fc38719b5811ea8f3b908a1de9a0c6;I52fc86909b5811ea8f3b908a1de9a0c6;I52fcd4b09b5811ea8f3b908a1de9a0c6;I52fcd4b29b5811ea8f3b908a1de9a0c6;Id23486c0cb6311ea9efac3e3a7bb4e8a"></doc>
 <doc oldid="archibald_rc_com_17-html" newids="I52fcfbc19b5811ea8f3b908a1de9a0c6;I52fd22d29b5811ea8f3b908a1de9a0c6;I52fd49e09b5811ea8f3b908a1de9a0c6;Id234d4e0cb6311ea9efac3e3a7bb4e8a;Id234d4e1cb6311ea9efac3e3a7bb4e8a;Id234fbf1cb6311ea9efac3e3a7bb4e8a"></doc>
 <doc oldid="archibald_rc_com_18-html" newids="I52fd49e19b5811ea8f3b908a1de9a0c6;I52fd49e29b5811ea8f3b908a1de9a0c6;I52fd70f09b5811ea8f3b908a1de9a0c6;I52fd70f19b5811ea8f3b908a1de9a0c6;I52fd70f29b5811ea8f3b908a1de9a0c6;I52fd98009b5811ea8f3b908a1de9a0c6;Id2352300cb6311ea9efac3e3a7bb4e8a"></doc>
 <doc oldid="archibald_rc_com_19-html" newids="I52fd98019b5811ea8f3b908a1de9a0c6;I52fdbf109b5811ea8f3b908a1de9a0c6;I52fdbf119b5811ea8f3b908a1de9a0c6;I52fdbf129b5811ea8f3b908a1de9a0c6;I52fde6209b5811ea8f3b908a1de9a0c6;I52fde6219b5811ea8f3b908a1de9a0c6;I52fde6229b5811ea8f3b908a1de9a0c6;I52fe0d309b5811ea8f3b908a1de9a0c6;I52fe0d319b5811ea8f3b908a1de9a0c6"></doc>
 <doc oldid="archibald_rc_com_2-html" newids="I52e68d909b5811ea8f3b908a1de9a0c6;I52e68d919b5811ea8f3b908a1de9a0c6;I52e6b4a09b5811ea8f3b908a1de9a0c6;I52e6b4a19b5811ea8f3b908a1de9a0c6;I52e6b4a29b5811ea8f3b908a1de9a0c6;I52e6dbb09b5811ea8f3b908a1de9a0c6;I52e6dbb19b5811ea8f3b908a1de9a0c6;I52e702c09b5811ea8f3b908a1de9a0c6;I52e702c19b5811ea8f3b908a1de9a0c6;I52e729d09b5811ea8f3b908a1de9a0c6;I52e729d19b5811ea8f3b908a1de9a0c6;I52e729d29b5811ea8f3b908a1de9a0c6;I52e750e09b5811ea8f3b908a1de9a0c6;I52e750e19b5811ea8f3b908a1de9a0c6"></doc>
 <doc oldid="archibald_rc_com_20-html" newids="I52fe0d329b5811ea8f3b908a1de9a0c6;I52fe34409b5811ea8f3b908a1de9a0c6;I52fe34419b5811ea8f3b908a1de9a0c6;I52fe34429b5811ea8f3b908a1de9a0c6;I52fe34439b5811ea8f3b908a1de9a0c6;I52fe5b509b5811ea8f3b908a1de9a0c6;I52fe5b519b5811ea8f3b908a1de9a0c6;I52fe5b529b5811ea8f3b908a1de9a0c6;I52fe82609b5811ea8f3b908a1de9a0c6;I52fe82619b5811ea8f3b908a1de9a0c6;I52fe82629b5811ea8f3b908a1de9a0c6;I52fea9709b5811ea8f3b908a1de9a0c6;I52fea9719b5811ea8f3b908a1de9a0c6;I52fea9729b5811ea8f3b908a1de9a0c6;I52fed0809b5811ea8f3b908a1de9a0c6;I52fed0819b5811ea8f3b908a1de9a0c6;I52fed0829b5811ea8f3b908a1de9a0c6;I52fef7909b5811ea8f3b908a1de9a0c6;I52fef7919b5811ea8f3b908a1de9a0c6;I52fef7929b5811ea8f3b908a1de9a0c6;I52ff1ea09b5811ea8f3b908a1de9a0c6;I52ff1ea19b5811ea8f3b908a1de9a0c6;I52ff1ea29b5811ea8f3b908a1de9a0c6;I52ff45b09b5811ea8f3b908a1de9a0c6"></doc>
 <doc oldid="archibald_rc_com_21-html" newids="I52dec5609b5811ea8f3b908a1de9a0c6;I52ff45b19b5811ea8f3b908a1de9a0c6;I52ff45b29b5811ea8f3b908a1de9a0c6;I52ff6cc09b5811ea8f3b908a1de9a0c6;I52ff6cc29b5811ea8f3b908a1de9a0c6;I52ff6cc39b5811ea8f3b908a1de9a0c6;I52ff93d09b5811ea8f3b908a1de9a0c6;I52ff93d19b5811ea8f3b908a1de9a0c6;I52ff93d29b5811ea8f3b908a1de9a0c6;I52ffbae09b5811ea8f3b908a1de9a0c6;I52ffbae19b5811ea8f3b908a1de9a0c6;I52ffbae29b5811ea8f3b908a1de9a0c6;I52ffe1f09b5811ea8f3b908a1de9a0c6;I52ffe1f19b5811ea8f3b908a1de9a0c6;I52ffe1f29b5811ea8f3b908a1de9a0c6;I52ffe1f39b5811ea8f3b908a1de9a0c6;I530009009b5811ea8f3b908a1de9a0c6;I530009019b5811ea8f3b908a1de9a0c6;I530009029b5811ea8f3b908a1de9a0c6;I530030109b5811ea8f3b908a1de9a0c6;I530030119b5811ea8f3b908a1de9a0c6;I530030129b5811ea8f3b908a1de9a0c6;I530057209b5811ea8f3b908a1de9a0c6;I530057219b5811ea8f3b908a1de9a0c6;I530057229b5811ea8f3b908a1de9a0c6;I530057239b5811ea8f3b908a1de9a0c6;I53007e309b5811ea8f3b908a1de9a0c6"></doc>
 <doc oldid="archibald_rc_com_22-html" newids="I53007e319b5811ea8f3b908a1de9a0c6;I53007e329b5811ea8f3b908a1de9a0c6;I5300a5409b5811ea8f3b908a1de9a0c6;I5300a5419b5811ea8f3b908a1de9a0c6;I5300a5429b5811ea8f3b908a1de9a0c6;I5300cc509b5811ea8f3b908a1de9a0c6;I5300cc519b5811ea8f3b908a1de9a0c6;I5300cc529b5811ea8f3b908a1de9a0c6;I5300cc539b5811ea8f3b908a1de9a0c6;I5300f3619b5811ea8f3b908a1de9a0c6;I5300f3629b5811ea8f3b908a1de9a0c6;I53011a719b5811ea8f3b908a1de9a0c6;I53011a729b5811ea8f3b908a1de9a0c6;I530141809b5811ea8f3b908a1de9a0c6;I530141819b5811ea8f3b908a1de9a0c6;I530141829b5811ea8f3b908a1de9a0c6;I530168919b5811ea8f3b908a1de9a0c6;I530168929b5811ea8f3b908a1de9a0c6;I530168939b5811ea8f3b908a1de9a0c6;I53018fa09b5811ea8f3b908a1de9a0c6;I53018fa19b5811ea8f3b908a1de9a0c6;I53018fa29b5811ea8f3b908a1de9a0c6;I5301b6b09b5811ea8f3b908a1de9a0c6;I5301b6b19b5811ea8f3b908a1de9a0c6;I5301b6b29b5811ea8f3b908a1de9a0c6;I5301ddc09b5811ea8f3b908a1de9a0c6;I5301ddc19b5811ea8f3b908a1de9a0c6;I5301ddc29b5811ea8f3b908a1de9a0c6;I530204d09b5811ea8f3b908a1de9a0c6;I530204d19b5811ea8f3b908a1de9a0c6;I530204d29b5811ea8f3b908a1de9a0c6;I53022be09b5811ea8f3b908a1de9a0c6;I53022be19b5811ea8f3b908a1de9a0c6;I53022be29b5811ea8f3b908a1de9a0c6;I53022be39b5811ea8f3b908a1de9a0c6;I530252f09b5811ea8f3b908a1de9a0c6;I530252f19b5811ea8f3b908a1de9a0c6;I530252f29b5811ea8f3b908a1de9a0c6;I53027a009b5811ea8f3b908a1de9a0c6;Id2354a10cb6311ea9efac3e3a7bb4e8a;Id2354a11cb6311ea9efac3e3a7bb4e8a"></doc>
 <doc oldid="archibald_rc_com_23-1-html" newids="I530316429b5811ea8f3b908a1de9a0c6;I53033d509b5811ea8f3b908a1de9a0c6;I53033d529b5811ea8f3b908a1de9a0c6;I530364609b5811ea8f3b908a1de9a0c6;I53038b709b5811ea8f3b908a1de9a0c6;I53038b719b5811ea8f3b908a1de9a0c6;I53038b729b5811ea8f3b908a1de9a0c6;I53038b739b5811ea8f3b908a1de9a0c6;I5303b2809b5811ea8f3b908a1de9a0c6;I5303b2819b5811ea8f3b908a1de9a0c6;Id2357120cb6311ea9efac3e3a7bb4e8a;Id2357121cb6311ea9efac3e3a7bb4e8a;Id2363470cb6311ea9efac3e3a7bb4e8a"></doc>
 <doc oldid="archibald_rc_com_23-html" newids="I53027a039b5811ea8f3b908a1de9a0c6;I5302a1109b5811ea8f3b908a1de9a0c6;I5302a1119b5811ea8f3b908a1de9a0c6;I5302a1129b5811ea8f3b908a1de9a0c6;I5302c8209b5811ea8f3b908a1de9a0c6;I5302c8219b5811ea8f3b908a1de9a0c6;I5302c8229b5811ea8f3b908a1de9a0c6;I5302ef309b5811ea8f3b908a1de9a0c6;I5302ef319b5811ea8f3b908a1de9a0c6;I5302ef329b5811ea8f3b908a1de9a0c6;I5302ef339b5811ea8f3b908a1de9a0c6"></doc>
 <doc oldid="archibald_rc_com_24-1-html" newids="I5305ae519b5811ea8f3b908a1de9a0c6;I5305d5609b5811ea8f3b908a1de9a0c6;I5305d5619b5811ea8f3b908a1de9a0c6;I5305d5629b5811ea8f3b908a1de9a0c6;I5305fc709b5811ea8f3b908a1de9a0c6;I5305fc719b5811ea8f3b908a1de9a0c6;I5305fc729b5811ea8f3b908a1de9a0c6;I530623809b5811ea8f3b908a1de9a0c6;I530623819b5811ea8f3b908a1de9a0c6;I530623829b5811ea8f3b908a1de9a0c6;I530623839b5811ea8f3b908a1de9a0c6;I53064a909b5811ea8f3b908a1de9a0c6;I53064a919b5811ea8f3b908a1de9a0c6;I53064a929b5811ea8f3b908a1de9a0c6;I530671a09b5811ea8f3b908a1de9a0c6"></doc>
 <doc oldid="archibald_rc_com_24-2-html" newids="I530671a19b5811ea8f3b908a1de9a0c6;I530671a29b5811ea8f3b908a1de9a0c6;I530698b09b5811ea8f3b908a1de9a0c6;I530698b19b5811ea8f3b908a1de9a0c6;I530698b29b5811ea8f3b908a1de9a0c6;I530698b39b5811ea8f3b908a1de9a0c6;I5306bfc09b5811ea8f3b908a1de9a0c6;I5306bfc19b5811ea8f3b908a1de9a0c6;I5306bfc29b5811ea8f3b908a1de9a0c6;I5306e6d09b5811ea8f3b908a1de9a0c6;I5306e6d19b5811ea8f3b908a1de9a0c6;I5306e6d29b5811ea8f3b908a1de9a0c6;I53070de09b5811ea8f3b908a1de9a0c6;I53070de19b5811ea8f3b908a1de9a0c6;I53070de29b5811ea8f3b908a1de9a0c6;I530734f09b5811ea8f3b908a1de9a0c6;Id2365b80cb6311ea9efac3e3a7bb4e8a"></doc>
 <doc oldid="archibald_rc_com_24-html" newids="I5303b2829b5811ea8f3b908a1de9a0c6;I5303d9909b5811ea8f3b908a1de9a0c6;I5303d9919b5811ea8f3b908a1de9a0c6;I5303d9929b5811ea8f3b908a1de9a0c6;I530400a09b5811ea8f3b908a1de9a0c6;I530400a19b5811ea8f3b908a1de9a0c6;I530400a39b5811ea8f3b908a1de9a0c6;I530427b09b5811ea8f3b908a1de9a0c6;I530427b19b5811ea8f3b908a1de9a0c6;I530427b29b5811ea8f3b908a1de9a0c6;I53044ec09b5811ea8f3b908a1de9a0c6;I53044ec19b5811ea8f3b908a1de9a0c6;I53044ec29b5811ea8f3b908a1de9a0c6;I530475d09b5811ea8f3b908a1de9a0c6;I530475d19b5811ea8f3b908a1de9a0c6;I530475d29b5811ea8f3b908a1de9a0c6;I530475d39b5811ea8f3b908a1de9a0c6;I53049ce09b5811ea8f3b908a1de9a0c6;I53049ce19b5811ea8f3b908a1de9a0c6;I53049ce29b5811ea8f3b908a1de9a0c6;I5304c3f09b5811ea8f3b908a1de9a0c6;I5304c3f19b5811ea8f3b908a1de9a0c6;I5304c3f29b5811ea8f3b908a1de9a0c6;I5304eb009b5811ea8f3b908a1de9a0c6;I5304eb019b5811ea8f3b908a1de9a0c6;I5304eb029b5811ea8f3b908a1de9a0c6;I530512109b5811ea8f3b908a1de9a0c6;I530512119b5811ea8f3b908a1de9a0c6;I530512129b5811ea8f3b908a1de9a0c6;I530512139b5811ea8f3b908a1de9a0c6;I530539209b5811ea8f3b908a1de9a0c6;I530539219b5811ea8f3b908a1de9a0c6;I530539229b5811ea8f3b908a1de9a0c6;I530560309b5811ea8f3b908a1de9a0c6;I530560319b5811ea8f3b908a1de9a0c6;I530587409b5811ea8f3b908a1de9a0c6;I530587419b5811ea8f3b908a1de9a0c6;I530587429b5811ea8f3b908a1de9a0c6;I530587439b5811ea8f3b908a1de9a0c6;I5305ae509b5811ea8f3b908a1de9a0c6;I5305ae519b5811ea8f3b908a1de9a0c6"></doc>
 <doc oldid="archibald_rc_com_25-html" newids="I530734f19b5811ea8f3b908a1de9a0c6;I530734f29b5811ea8f3b908a1de9a0c6;I530783109b5811ea8f3b908a1de9a0c6;I530783119b5811ea8f3b908a1de9a0c6;I530783129b5811ea8f3b908a1de9a0c6;I530783139b5811ea8f3b908a1de9a0c6;I5307aa209b5811ea8f3b908a1de9a0c6;I5e3d3800ba0311eabc05b0620b8f3d72;I5e3d5f10ba0311eabc05b0620b8f3d72;I5e3d5f11ba0311eabc05b0620b8f3d72;I5e3d8620ba0311eabc05b0620b8f3d72;I5e3d8621ba0311eabc05b0620b8f3d72;I5e3dd440ba0311eabc05b0620b8f3d72;I5e3dd441ba0311eabc05b0620b8f3d72;I5e3dfb50ba0311eabc05b0620b8f3d72;I5e3dfb51ba0311eabc05b0620b8f3d72;I5e3e2260ba0311eabc05b0620b8f3d72;Id2368290cb6311ea9efac3e3a7bb4e8a;Id2368291cb6311ea9efac3e3a7bb4e8a;Id236a9a0cb6311ea9efac3e3a7bb4e8a"></doc>
 <doc oldid="archibald_rc_com_3-html" newids="I52e777f09b5811ea8f3b908a1de9a0c6;I52e777f19b5811ea8f3b908a1de9a0c6;I52e777f29b5811ea8f3b908a1de9a0c6;I52e79f009b5811ea8f3b908a1de9a0c6;I52e79f019b5811ea8f3b908a1de9a0c6;I52e7c6119b5811ea8f3b908a1de9a0c6;I52e7c6129b5811ea8f3b908a1de9a0c6;I52e7ed209b5811ea8f3b908a1de9a0c6;I52e7ed219b5811ea8f3b908a1de9a0c6"></doc>
 <doc oldid="archibald_rc_com_4-html" newids="I52e814309b5811ea8f3b908a1de9a0c6;I52e814319b5811ea8f3b908a1de9a0c6;I52e83b409b5811ea8f3b908a1de9a0c6;I52e83b419b5811ea8f3b908a1de9a0c6;I52e83b429b5811ea8f3b908a1de9a0c6;I52e862509b5811ea8f3b908a1de9a0c6;I52e862519b5811ea8f3b908a1de9a0c6;I52e889609b5811ea8f3b908a1de9a0c6;I52e889619b5811ea8f3b908a1de9a0c6"></doc>
 <doc oldid="archibald_rc_com_5-1-html" newids="I52ea10019b5811ea8f3b908a1de9a0c6;I52ea10029b5811ea8f3b908a1de9a0c6;I52ea37109b5811ea8f3b908a1de9a0c6;I52ea37119b5811ea8f3b908a1de9a0c6;I52ea5e209b5811ea8f3b908a1de9a0c6;I52ea5e219b5811ea8f3b908a1de9a0c6;I52ea85309b5811ea8f3b908a1de9a0c6;I52ea85319b5811ea8f3b908a1de9a0c6;I52ea85329b5811ea8f3b908a1de9a0c6;I52eaac409b5811ea8f3b908a1de9a0c6;I52eaac419b5811ea8f3b908a1de9a0c6;I52ead3509b5811ea8f3b908a1de9a0c6;I52ead3519b5811ea8f3b908a1de9a0c6;I52ead3529b5811ea8f3b908a1de9a0c6;I52eafa609b5811ea8f3b908a1de9a0c6;I52eafa619b5811ea8f3b908a1de9a0c6;I52eafa629b5811ea8f3b908a1de9a0c6;I52eb21709b5811ea8f3b908a1de9a0c6;I52eb21719b5811ea8f3b908a1de9a0c6"></doc>
 <doc oldid="archibald_rc_com_5-2-html" newids="I52eb48809b5811ea8f3b908a1de9a0c6;I52eb48819b5811ea8f3b908a1de9a0c6;I52eb6f909b5811ea8f3b908a1de9a0c6;I52eb6f919b5811ea8f3b908a1de9a0c6;I52eb96a09b5811ea8f3b908a1de9a0c6;I52eb96a19b5811ea8f3b908a1de9a0c6;I52ebbdb09b5811ea8f3b908a1de9a0c6;I52ebbdb19b5811ea8f3b908a1de9a0c6;I52ebbdb29b5811ea8f3b908a1de9a0c6;I52ebe4c09b5811ea8f3b908a1de9a0c6;I52ebe4c19b5811ea8f3b908a1de9a0c6;I52ec0bd09b5811ea8f3b908a1de9a0c6;I52ec0bd19b5811ea8f3b908a1de9a0c6;I52ec0bd29b5811ea8f3b908a1de9a0c6;I52ec32e09b5811ea8f3b908a1de9a0c6;I52ec32e19b5811ea8f3b908a1de9a0c6;I52ec32e29b5811ea8f3b908a1de9a0c6;I52ec59f09b5811ea8f3b908a1de9a0c6;I52ec59f19b5811ea8f3b908a1de9a0c6;I52ec81009b5811ea8f3b908a1de9a0c6;I52ec81019b5811ea8f3b908a1de9a0c6;I52eca8109b5811ea8f3b908a1de9a0c6;I52eca8119b5811ea8f3b908a1de9a0c6;I52eccf209b5811ea8f3b908a1de9a0c6;I52eccf219b5811ea8f3b908a1de9a0c6;I52eccf229b5811ea8f3b908a1de9a0c6;I52ecf6309b5811ea8f3b908a1de9a0c6;I52ecf6319b5811ea8f3b908a1de9a0c6;I52ed1d409b5811ea8f3b908a1de9a0c6;I52ed44509b5811ea8f3b908a1de9a0c6;I52ed44519b5811ea8f3b908a1de9a0c6;I52ed6b609b5811ea8f3b908a1de9a0c6"></doc>
 <doc oldid="archibald_rc_com_5-3-html" newids="I52ed6b619b5811ea8f3b908a1de9a0c6"></doc>
 <doc oldid="archibald_rc_com_5-html" newids="I52e889629b5811ea8f3b908a1de9a0c6;I52e8b0709b5811ea8f3b908a1de9a0c6;I52e8b0719b5811ea8f3b908a1de9a0c6;I52e8d7809b5811ea8f3b908a1de9a0c6;I52e8d7819b5811ea8f3b908a1de9a0c6;I52e8fe909b5811ea8f3b908a1de9a0c6;I52e8fe919b5811ea8f3b908a1de9a0c6;I52e8fe929b5811ea8f3b908a1de9a0c6;I52e925a09b5811ea8f3b908a1de9a0c6;I52e925a19b5811ea8f3b908a1de9a0c6;I52e94cb09b5811ea8f3b908a1de9a0c6;I52e94cb19b5811ea8f3b908a1de9a0c6;I52e973c09b5811ea8f3b908a1de9a0c6;I52e973c19b5811ea8f3b908a1de9a0c6;I52e973c29b5811ea8f3b908a1de9a0c6;I52e99ad09b5811ea8f3b908a1de9a0c6;I52e99ad19b5811ea8f3b908a1de9a0c6;I52e9c1e09b5811ea8f3b908a1de9a0c6;I52e9c1e19b5811ea8f3b908a1de9a0c6;I52e9e8f09b5811ea8f3b908a1de9a0c6;I52e9e8f19b5811ea8f3b908a1de9a0c6;I52ea10009b5811ea8f3b908a1de9a0c6;I52ea10019b5811ea8f3b908a1de9a0c6"></doc>
 <doc oldid="archibald_rc_com_6-1-html" newids="I52eea3e19b5811ea8f3b908a1de9a0c6;I52eea3e29b5811ea8f3b908a1de9a0c6;I52eecaf09b5811ea8f3b908a1de9a0c6;I52eecaf19b5811ea8f3b908a1de9a0c6;I52eecaf29b5811ea8f3b908a1de9a0c6;I52eef2009b5811ea8f3b908a1de9a0c6;I52eef2019b5811ea8f3b908a1de9a0c6;I52ef19109b5811ea8f3b908a1de9a0c6;I52ef19119b5811ea8f3b908a1de9a0c6"></doc>
 <doc oldid="archibald_rc_com_6-2-html" newids="I52ef19129b5811ea8f3b908a1de9a0c6;I52ef40209b5811ea8f3b908a1de9a0c6;I52ef40219b5811ea8f3b908a1de9a0c6;I52ef40229b5811ea8f3b908a1de9a0c6;I52ef67309b5811ea8f3b908a1de9a0c6"></doc>
 <doc oldid="archibald_rc_com_6-html" newids="I52ed6b629b5811ea8f3b908a1de9a0c6;I52ed92709b5811ea8f3b908a1de9a0c6;I52ed92719b5811ea8f3b908a1de9a0c6;I52ed92729b5811ea8f3b908a1de9a0c6;I52edb9809b5811ea8f3b908a1de9a0c6;I52edb9819b5811ea8f3b908a1de9a0c6;I52ede0909b5811ea8f3b908a1de9a0c6;I52ede0919b5811ea8f3b908a1de9a0c6;I52ede0929b5811ea8f3b908a1de9a0c6;I52ee07a09b5811ea8f3b908a1de9a0c6;I52ee07a19b5811ea8f3b908a1de9a0c6;I52ee07a29b5811ea8f3b908a1de9a0c6;I52ee2eb09b5811ea8f3b908a1de9a0c6;I52ee2eb19b5811ea8f3b908a1de9a0c6;I52ee2eb29b5811ea8f3b908a1de9a0c6;I52ee55c09b5811ea8f3b908a1de9a0c6;I52ee55c19b5811ea8f3b908a1de9a0c6;I52ee55c29b5811ea8f3b908a1de9a0c6;I52ee7cd09b5811ea8f3b908a1de9a0c6;I52ee7cd19b5811ea8f3b908a1de9a0c6;I52eea3e09b5811ea8f3b908a1de9a0c6"></doc>
 <doc oldid="archibald_rc_com_7-html" newids="I52ef67319b5811ea8f3b908a1de9a0c6;I52ef67329b5811ea8f3b908a1de9a0c6;I52ef8e409b5811ea8f3b908a1de9a0c6;I52ef8e419b5811ea8f3b908a1de9a0c6;I52efb5509b5811ea8f3b908a1de9a0c6;I52efb5519b5811ea8f3b908a1de9a0c6;I52efb5529b5811ea8f3b908a1de9a0c6;I52efdc609b5811ea8f3b908a1de9a0c6;I52efdc619b5811ea8f3b908a1de9a0c6;I52efdc629b5811ea8f3b908a1de9a0c6;I52f003709b5811ea8f3b908a1de9a0c6;I52f003719b5811ea8f3b908a1de9a0c6;I52f003729b5811ea8f3b908a1de9a0c6;I52f02a809b5811ea8f3b908a1de9a0c6;I52f02a819b5811ea8f3b908a1de9a0c6"></doc>
 <doc oldid="archibald_rc_com_8-1-html" newids="I52f09fb19b5811ea8f3b908a1de9a0c6;I52f09fb29b5811ea8f3b908a1de9a0c6;I52f0c6c09b5811ea8f3b908a1de9a0c6;I52f0c6c19b5811ea8f3b908a1de9a0c6;I52f0edd09b5811ea8f3b908a1de9a0c6;I52f0edd19b5811ea8f3b908a1de9a0c6;I52f0edd29b5811ea8f3b908a1de9a0c6;I52f114e09b5811ea8f3b908a1de9a0c6;I52f114e19b5811ea8f3b908a1de9a0c6;I52f114e29b5811ea8f3b908a1de9a0c6"></doc>
 <doc oldid="archibald_rc_com_8-2-html" newids="I52f13bf09b5811ea8f3b908a1de9a0c6;I52f13bf19b5811ea8f3b908a1de9a0c6;I52f163009b5811ea8f3b908a1de9a0c6;I52f163019b5811ea8f3b908a1de9a0c6;I52f163029b5811ea8f3b908a1de9a0c6;I52f18a109b5811ea8f3b908a1de9a0c6;I52f18a119b5811ea8f3b908a1de9a0c6;I52f18a129b5811ea8f3b908a1de9a0c6;I52f1b1209b5811ea8f3b908a1de9a0c6;I52f1b1219b5811ea8f3b908a1de9a0c6;I52f1d8309b5811ea8f3b908a1de9a0c6;I52f1d8319b5811ea8f3b908a1de9a0c6;I52f1d8329b5811ea8f3b908a1de9a0c6;I52f1ff409b5811ea8f3b908a1de9a0c6;I52f1ff419b5811ea8f3b908a1de9a0c6;I52f1ff429b5811ea8f3b908a1de9a0c6;I52f226509b5811ea8f3b908a1de9a0c6;I52f226519b5811ea8f3b908a1de9a0c6"></doc>
 <doc oldid="archibald_rc_com_8-3-html" newids="I52f226529b5811ea8f3b908a1de9a0c6;I52f24d609b5811ea8f3b908a1de9a0c6"></doc>
 <doc oldid="archibald_rc_com_8-html" newids="I52f051909b5811ea8f3b908a1de9a0c6;I52f051919b5811ea8f3b908a1de9a0c6;I52f051929b5811ea8f3b908a1de9a0c6;I52f078a09b5811ea8f3b908a1de9a0c6;I52f078a19b5811ea8f3b908a1de9a0c6;I52f078a29b5811ea8f3b908a1de9a0c6;I52f09fb09b5811ea8f3b908a1de9a0c6"></doc>
 <doc oldid="archibald_rc_com_9-1-html" newids="I52f385e09b5811ea8f3b908a1de9a0c6;I52f3acf09b5811ea8f3b908a1de9a0c6;I52f3acf19b5811ea8f3b908a1de9a0c6;I52f3acf29b5811ea8f3b908a1de9a0c6;I52f3d4009b5811ea8f3b908a1de9a0c6;I52f3d4019b5811ea8f3b908a1de9a0c6;I52f3d4029b5811ea8f3b908a1de9a0c6;I52f3fb109b5811ea8f3b908a1de9a0c6;I52f3fb119b5811ea8f3b908a1de9a0c6;I52f422209b5811ea8f3b908a1de9a0c6;I52f422219b5811ea8f3b908a1de9a0c6;I52f449309b5811ea8f3b908a1de9a0c6;I52f449319b5811ea8f3b908a1de9a0c6;I52f449329b5811ea8f3b908a1de9a0c6"></doc>
 <doc oldid="archibald_rc_com_9-2-html" newids=""></doc>
 <doc oldid="archibald_rc_com_9-html" newids="I52f24d619b5811ea8f3b908a1de9a0c6;I52f24d629b5811ea8f3b908a1de9a0c6;I52f274709b5811ea8f3b908a1de9a0c6;I52f274719b5811ea8f3b908a1de9a0c6;I52f29b809b5811ea8f3b908a1de9a0c6;I52f29b819b5811ea8f3b908a1de9a0c6;I52f29b829b5811ea8f3b908a1de9a0c6;I52f2c2909b5811ea8f3b908a1de9a0c6;I52f2c2919b5811ea8f3b908a1de9a0c6;I52f2c2929b5811ea8f3b908a1de9a0c6;I52f2e9a09b5811ea8f3b908a1de9a0c6;I52f310b09b5811ea8f3b908a1de9a0c6;I52f310b19b5811ea8f3b908a1de9a0c6;I52f310b29b5811ea8f3b908a1de9a0c6;I52f337c09b5811ea8f3b908a1de9a0c6;I52f337c19b5811ea8f3b908a1de9a0c6;I52f337c29b5811ea8f3b908a1de9a0c6;I52f35ed09b5811ea8f3b908a1de9a0c6"></doc>
 <doc oldid="archibald_rc_cpr-html" newids="Copyright"></doc>
 <doc oldid="archibald_rc_fwd-html" newids=""></doc>
 <doc oldid="archibald_rc_ind-html" newids=""></doc>
 <doc oldid="archibald_rc_int-1-html" newids=""></doc>
 <doc oldid="archibald_rc_int-2-html" newids=""></doc>
 <doc oldid="archibald_rc_int-3-html" newids="I52dc2d509b5811ea8f3b908a1de9a0c6;I52dc54609b5811ea8f3b908a1de9a0c6;I52dc7b709b5811ea8f3b908a1de9a0c6;I52dc7b719b5811ea8f3b908a1de9a0c6;I52dca2809b5811ea8f3b908a1de9a0c6;I52dcc9909b5811ea8f3b908a1de9a0c6;I52dcc9919b5811ea8f3b908a1de9a0c6"></doc>
 <doc oldid="archibald_rc_int-4-html" newids="I52df88b09b5811ea8f3b908a1de9a0c6;I52dfafc09b5811ea8f3b908a1de9a0c6;I52dfafc19b5811ea8f3b908a1de9a0c6;I52dfd6d09b5811ea8f3b908a1de9a0c6;I52e15d719b5811ea8f3b908a1de9a0c6;I52e184809b5811ea8f3b908a1de9a0c6;I52e184819b5811ea8f3b908a1de9a0c6;I52e1ab909b5811ea8f3b908a1de9a0c6;I52e1ab919b5811ea8f3b908a1de9a0c6;I52e1d2a09b5811ea8f3b908a1de9a0c6;I52e1d2a19b5811ea8f3b908a1de9a0c6"></doc>
 <doc oldid="archibald_rc_int-5-html" newids="I52e30b219b5811ea8f3b908a1de9a0c6;I52e332309b5811ea8f3b908a1de9a0c6"></doc>
 <doc oldid="archibald_rc_int-html" newids=""></doc>
 <doc oldid="archibald_rc_pbn-html" newids="Ie4863440a11f11ea8e628ba7e1435699"></doc>
 <doc oldid="archibald_rc_prf-html" newids=""></doc>
 <doc oldid="archibald_rc_tca-html" newids=""></doc>
 <doc oldid="archibald_rc_toc-html" newids="inlineToc"></doc>
 <doc oldid="archibald_rc_ttl-html" newids="FrontMatterTitle"></doc>
</mapping>