<!DOCTYPE html PUBLIC "-//W3C//DTD XHTML 1.1//EN" "http://www.w3.org/TR/xhtml11/DTD/xhtml11.dtd"> 
<html xmlns="http://www.w3.org/1999/xhtml"> 
 <head> 
  <meta http-equiv="content-type" content="text/html; charset=utf-8" /> 
  <meta http-equiv="X-UA-Compatible" content="IE=edge,chrome=1" /> 
  <title>Thomson Reuters eBook</title> 
  <link rel="stylesheet" type="text/css" href="er:#document" /> 
 </head> 
 <body class="co_t2Left"> 
  <section class="co_docDisplay"><?pb label="p1"?> 
   <a name="I403894d0558a11dca5f9d46486b8920f"></a> 
   <div id="coid_website_documentWidgetDiv"> 
    <div id="co_document" class="co_document co_commentary co_commentaryEnhancement"> 
     <div></div> 
     <div class="co_contentBlock co_briefItState co_section">
       Main p0 main p1
      <sup id="co_fnRef_I01a2f010680911e88f4a9c1f64101002_N10019"> <a name="co_fnRef_I01a2f010680911e88f4a9c1f64101002_N10019" class="tr_ftn" ftnname="co_footnote_I01a2f010680911e88f4a9c1f64101002" href="#co_footnote_I01a2f010680911e88f4a9c1f64101002" page="p1">  2</a> </sup> main p2 main after.
     </div>   
    </div> 
   </div> 
  </section>
  <section class="tr_footnotes"><?pb label="p1"?>  
   <div class="tr_footnote">
    <div class="footnote">
     <sup class="co_footnoteNumber"> <span id="co_footnote_I01a2f010680911e88f4a9c1f64101002"> <a name="co_footnote_I01a2f010680911e88f4a9c1f64101002" class="tr_ftn" ftnname="co_fnRef_I01a2f010680911e88f4a9c1f64101002_N10019" href="" page="p1"> 2</a> </span> </sup> 
     <div class="co_footnoteBody er_rp_search_volume_content_data"> 
      <div class="footnote_body"> Another ftn p2. Ftn after. 
      </div> 
     </div>
    </div>
   </div> 
   <div class="co_page_number">
    p1
   </div>
  </section> 
 </body> 
</html>