<mapping>
 <doc oldid="ellis_fdc_com_1-1-html" newids="Ibbec35b0f8ff11ea8387df4d20bc393b;Ibbed9541f8ff11ea8387df4d20bc393b"></doc>
 <doc oldid="ellis_fdc_com_1-html" newids="I18302280a11e11eabda1f9e2f892817e;I18302281a11e11eabda1f9e2f892817e;I18304990a11e11eabda1f9e2f892817e;I183070a0a11e11eabda1f9e2f892817e;I183097b0a11e11eabda1f9e2f892817e;I183097b1a11e11eabda1f9e2f892817e;I1830bec1a11e11eabda1f9e2f892817e;I1830e5d0a11e11eabda1f9e2f892817e;I18310ce0a11e11eabda1f9e2f892817e;I18310ce1a11e11eabda1f9e2f892817e;I183133f0a11e11eabda1f9e2f892817e;I18315b00a11e11eabda1f9e2f892817e;I18329381a11e11eabda1f9e2f892817e;I1832ba90a11e11eabda1f9e2f892817e;I1832ba91a11e11eabda1f9e2f892817e;I1833a4f0a11e11eabda1f9e2f892817e;I1833a4f1a11e11eabda1f9e2f892817e"></doc>
 <doc oldid="ellis_fdc_com_10-html" newids="I185b5130a11e11eabda1f9e2f892817e;I185b5131a11e11eabda1f9e2f892817e;I185b5132a11e11eabda1f9e2f892817e;I185cb0c1a11e11eabda1f9e2f892817e;I185cb0c2a11e11eabda1f9e2f892817e;I185cd7d1a11e11eabda1f9e2f892817e;I185cfee0a11e11eabda1f9e2f892817e;I185cfee1a11e11eabda1f9e2f892817e;I185cfee2a11e11eabda1f9e2f892817e;I185d25f0a11e11eabda1f9e2f892817e;I185d25f1a11e11eabda1f9e2f892817e;I185d25f2a11e11eabda1f9e2f892817e;I185d4d00a11e11eabda1f9e2f892817e;I185d4d01a11e11eabda1f9e2f892817e;I185d4d02a11e11eabda1f9e2f892817e;I185d4d03a11e11eabda1f9e2f892817e;I185d7410a11e11eabda1f9e2f892817e;I185d7411a11e11eabda1f9e2f892817e;I185d7412a11e11eabda1f9e2f892817e;I185d9b20a11e11eabda1f9e2f892817e;I185d9b21a11e11eabda1f9e2f892817e;I185d9b22a11e11eabda1f9e2f892817e;I185dc230a11e11eabda1f9e2f892817e;I185dc231a11e11eabda1f9e2f892817e;I185dc232a11e11eabda1f9e2f892817e"></doc>
 <doc oldid="ellis_fdc_com_11-html" newids="I185f21c0a11e11eabda1f9e2f892817e;I185f21c1a11e11eabda1f9e2f892817e;I185f21c2a11e11eabda1f9e2f892817e;I185f48d0a11e11eabda1f9e2f892817e;I185f48d1a11e11eabda1f9e2f892817e;I185f48d2a11e11eabda1f9e2f892817e;I185f6fe0a11e11eabda1f9e2f892817e;I185f6fe1a11e11eabda1f9e2f892817e;I185f6fe2a11e11eabda1f9e2f892817e;I185f96f0a11e11eabda1f9e2f892817e;I185f96f1a11e11eabda1f9e2f892817e;I185f96f2a11e11eabda1f9e2f892817e;I185f96f3a11e11eabda1f9e2f892817e;I185fbe00a11e11eabda1f9e2f892817e;I185fbe01a11e11eabda1f9e2f892817e;I185fbe02a11e11eabda1f9e2f892817e;I185fe510a11e11eabda1f9e2f892817e;I185fe511a11e11eabda1f9e2f892817e;I185fe512a11e11eabda1f9e2f892817e;I18600c20a11e11eabda1f9e2f892817e;I18600c21a11e11eabda1f9e2f892817e;I18600c22a11e11eabda1f9e2f892817e;I18603330a11e11eabda1f9e2f892817e;I18603331a11e11eabda1f9e2f892817e"></doc>
 <doc oldid="ellis_fdc_com_11a-html" newids="I186144a0a11e11eabda1f9e2f892817e;I186144a1a11e11eabda1f9e2f892817e;I186192c0a11e11eabda1f9e2f892817e;I186192c1a11e11eabda1f9e2f892817e;I1861b9d0a11e11eabda1f9e2f892817e;I1861b9d1a11e11eabda1f9e2f892817e;I1861e0e0a11e11eabda1f9e2f892817e;I1861e0e1a11e11eabda1f9e2f892817e;I1861e0e2a11e11eabda1f9e2f892817e;I1861e0e3a11e11eabda1f9e2f892817e"></doc>
 <doc oldid="ellis_fdc_com_12-1-html" newids="I1863dcb0a11e11eabda1f9e2f892817e;I1863dcb1a11e11eabda1f9e2f892817e;I1863dcb2a11e11eabda1f9e2f892817e;I186403c0a11e11eabda1f9e2f892817e;I186403c1a11e11eabda1f9e2f892817e;I186403c2a11e11eabda1f9e2f892817e;I186403c3a11e11eabda1f9e2f892817e;I18642ad0a11e11eabda1f9e2f892817e;I18642ad1a11e11eabda1f9e2f892817e;I18642ad2a11e11eabda1f9e2f892817e"></doc>
 <doc oldid="ellis_fdc_com_12-2-html" newids="I186451e0a11e11eabda1f9e2f892817e;I186451e1a11e11eabda1f9e2f892817e;I186451e2a11e11eabda1f9e2f892817e;I186478f0a11e11eabda1f9e2f892817e"></doc>
 <doc oldid="ellis_fdc_com_12-html" newids="I186207f0a11e11eabda1f9e2f892817e;I186207f1a11e11eabda1f9e2f892817e;I18622f00a11e11eabda1f9e2f892817e;I18622f01a11e11eabda1f9e2f892817e;I18638e90a11e11eabda1f9e2f892817e;I18638e92a11e11eabda1f9e2f892817e;I1863b5a0a11e11eabda1f9e2f892817e;I1863b5a2a11e11eabda1f9e2f892817e"></doc>
 <doc oldid="ellis_fdc_com_13-html" newids="I186478f1a11e11eabda1f9e2f892817e;I186478f2a11e11eabda1f9e2f892817e;I1864a000a11e11eabda1f9e2f892817e;I1864a001a11e11eabda1f9e2f892817e;I1864a002a11e11eabda1f9e2f892817e;I186626a0a11e11eabda1f9e2f892817e;I186626a1a11e11eabda1f9e2f892817e;I186626a2a11e11eabda1f9e2f892817e;I18664db0a11e11eabda1f9e2f892817e;I18664db1a11e11eabda1f9e2f892817e;I18664db2a11e11eabda1f9e2f892817e;I186674c0a11e11eabda1f9e2f892817e;I186674c1a11e11eabda1f9e2f892817e;I186674c2a11e11eabda1f9e2f892817e;I18669bd0a11e11eabda1f9e2f892817e"></doc>
 <doc oldid="ellis_fdc_com_14-html" newids="I18669bd1a11e11eabda1f9e2f892817e;I18669bd2a11e11eabda1f9e2f892817e;I18669bd3a11e11eabda1f9e2f892817e;I1866c2e0a11e11eabda1f9e2f892817e;I1866c2e1a11e11eabda1f9e2f892817e;I1866c2e2a11e11eabda1f9e2f892817e"></doc>
 <doc oldid="ellis_fdc_com_14a-1-html" newids="I18671102a11e11eabda1f9e2f892817e;I18673810a11e11eabda1f9e2f892817e;I18673811a11e11eabda1f9e2f892817e;I18673812a11e11eabda1f9e2f892817e;I18675f20a11e11eabda1f9e2f892817e;I18675f21a11e11eabda1f9e2f892817e;I1868beb0a11e11eabda1f9e2f892817e;I1868beb1a11e11eabda1f9e2f892817e;I1868beb2a11e11eabda1f9e2f892817e;I1868e5c0a11e11eabda1f9e2f892817e;I1868e5c1a11e11eabda1f9e2f892817e;I1868e5c2a11e11eabda1f9e2f892817e;I1868e5c3a11e11eabda1f9e2f892817e"></doc>
 <doc oldid="ellis_fdc_com_14a-2-html" newids="I186933e1a11e11eabda1f9e2f892817e"></doc>
 <doc oldid="ellis_fdc_com_14a-html" newids="I1866e9f0a11e11eabda1f9e2f892817e;I1866e9f1a11e11eabda1f9e2f892817e;I1866e9f2a11e11eabda1f9e2f892817e;I18671100a11e11eabda1f9e2f892817e;I18671101a11e11eabda1f9e2f892817e"></doc>
 <doc oldid="ellis_fdc_com_15-1-html" newids="I1869f731a11e11eabda1f9e2f892817e;I1869f732a11e11eabda1f9e2f892817e;I186b56c0a11e11eabda1f9e2f892817e;I186b56c1a11e11eabda1f9e2f892817e;I186b56c2a11e11eabda1f9e2f892817e;I186b7dd0a11e11eabda1f9e2f892817e"></doc>
 <doc oldid="ellis_fdc_com_15-2-html" newids="I186b7dd1a11e11eabda1f9e2f892817e;I186b7dd2a11e11eabda1f9e2f892817e;I186b7dd3a11e11eabda1f9e2f892817e;I186ba4e0a11e11eabda1f9e2f892817e;I186ba4e1a11e11eabda1f9e2f892817e;I186ba4e2a11e11eabda1f9e2f892817e;I186bcbf0a11e11eabda1f9e2f892817e;I186bcbf1a11e11eabda1f9e2f892817e;I186bcbf2a11e11eabda1f9e2f892817e;I186bf300a11e11eabda1f9e2f892817e;I186bf301a11e11eabda1f9e2f892817e"></doc>
 <doc oldid="ellis_fdc_com_15-3-html" newids="I186bf302a11e11eabda1f9e2f892817e;I186c1a10a11e11eabda1f9e2f892817e;I186c1a11a11e11eabda1f9e2f892817e;I186c1a12a11e11eabda1f9e2f892817e;I186c4120a11e11eabda1f9e2f892817e;I186c4121a11e11eabda1f9e2f892817e;I186c4122a11e11eabda1f9e2f892817e;I186c6830a11e11eabda1f9e2f892817e;I186c6831a11e11eabda1f9e2f892817e;I186c6832a11e11eabda1f9e2f892817e"></doc>
 <doc oldid="ellis_fdc_com_15-4-html" newids="I186c8f40a11e11eabda1f9e2f892817e;I186cdd60a11e11eabda1f9e2f892817e;I186cdd61a11e11eabda1f9e2f892817e;I186cdd62a11e11eabda1f9e2f892817e;I186d0470a11e11eabda1f9e2f892817e;I186d0471a11e11eabda1f9e2f892817e;I186d0472a11e11eabda1f9e2f892817e;I186d0473a11e11eabda1f9e2f892817e;I186d2b80a11e11eabda1f9e2f892817e;I186d2b81a11e11eabda1f9e2f892817e"></doc>
 <doc oldid="ellis_fdc_com_15-5-html" newids="I186933e3a11e11eabda1f9e2f892817e;I186d2b82a11e11eabda1f9e2f892817e;I186d5290a11e11eabda1f9e2f892817e;I186d5291a11e11eabda1f9e2f892817e;I186d5292a11e11eabda1f9e2f892817e;I186d79a0a11e11eabda1f9e2f892817e;I186d79a1a11e11eabda1f9e2f892817e;I186d79a2a11e11eabda1f9e2f892817e"></doc>
 <doc oldid="ellis_fdc_com_15-6-html" newids="I186da0b0a11e11eabda1f9e2f892817e;I186da0b1a11e11eabda1f9e2f892817e"></doc>
 <doc oldid="ellis_fdc_com_15-html" newids="I186933e3a11e11eabda1f9e2f892817e;I18695af0a11e11eabda1f9e2f892817e;I18695af1a11e11eabda1f9e2f892817e;I18695af2a11e11eabda1f9e2f892817e;I18698200a11e11eabda1f9e2f892817e;I18698201a11e11eabda1f9e2f892817e;I18698202a11e11eabda1f9e2f892817e;I1869a910a11e11eabda1f9e2f892817e;I1869a911a11e11eabda1f9e2f892817e;I1869a912a11e11eabda1f9e2f892817e;I1869d020a11e11eabda1f9e2f892817e;I1869d021a11e11eabda1f9e2f892817e;I1869f730a11e11eabda1f9e2f892817e"></doc>
 <doc oldid="ellis_fdc_com_16-1-html" newids="I186f2752a11e11eabda1f9e2f892817e;I186f4e60a11e11eabda1f9e2f892817e;I186f4e61a11e11eabda1f9e2f892817e;I186f4e62a11e11eabda1f9e2f892817e;I186f4e63a11e11eabda1f9e2f892817e;I186f7570a11e11eabda1f9e2f892817e;I186f7571a11e11eabda1f9e2f892817e;I187086e0a11e11eabda1f9e2f892817e;I187086e1a11e11eabda1f9e2f892817e;I1870adf0a11e11eabda1f9e2f892817e"></doc>
 <doc oldid="ellis_fdc_com_16-2-html" newids="I1870adf1a11e11eabda1f9e2f892817e;I1870adf2a11e11eabda1f9e2f892817e;I1870d500a11e11eabda1f9e2f892817e;I1870d502a11e11eabda1f9e2f892817e;I1870fc10a11e11eabda1f9e2f892817e;I1870fc11a11e11eabda1f9e2f892817e;I1870fc12a11e11eabda1f9e2f892817e;I18712320a11e11eabda1f9e2f892817e"></doc>
 <doc oldid="ellis_fdc_com_16-3-html" newids="I18712321a11e11eabda1f9e2f892817e;I18714a30a11e11eabda1f9e2f892817e;I18714a31a11e11eabda1f9e2f892817e;I18714a32a11e11eabda1f9e2f892817e"></doc>
 <doc oldid="ellis_fdc_com_16-4-html" newids="I18717141a11e11eabda1f9e2f892817e;I18717142a11e11eabda1f9e2f892817e;I18717143a11e11eabda1f9e2f892817e;I18719850a11e11eabda1f9e2f892817e;I1872f7e0a11e11eabda1f9e2f892817e;I1872f7e1a11e11eabda1f9e2f892817e;I1872f7e2a11e11eabda1f9e2f892817e;I18731ef0a11e11eabda1f9e2f892817e;I18731ef1a11e11eabda1f9e2f892817e;I18731ef2a11e11eabda1f9e2f892817e;I18731ef3a11e11eabda1f9e2f892817e"></doc>
 <doc oldid="ellis_fdc_com_16-5-html" newids="I186da0b2a11e11eabda1f9e2f892817e;I18734600a11e11eabda1f9e2f892817e;I18734601a11e11eabda1f9e2f892817e;I18734602a11e11eabda1f9e2f892817e"></doc>
 <doc oldid="ellis_fdc_com_16-6-html" newids="I18736d10a11e11eabda1f9e2f892817e;I18736d11a11e11eabda1f9e2f892817e;I18736d12a11e11eabda1f9e2f892817e;I18739420a11e11eabda1f9e2f892817e"></doc>
 <doc oldid="ellis_fdc_com_16-html" newids="I186da0b2a11e11eabda1f9e2f892817e;I186f0040a11e11eabda1f9e2f892817e;I186f0041a11e11eabda1f9e2f892817e;I186f0042a11e11eabda1f9e2f892817e;I186f2750a11e11eabda1f9e2f892817e"></doc>
 <doc oldid="ellis_fdc_com_16a-1-html" newids="I1873e242a11e11eabda1f9e2f892817e;I18740950a11e11eabda1f9e2f892817e;I18740951a11e11eabda1f9e2f892817e;I18740952a11e11eabda1f9e2f892817e;I18743060a11e11eabda1f9e2f892817e;I18743061a11e11eabda1f9e2f892817e;I18758ff0a11e11eabda1f9e2f892817e;I18758ff2a11e11eabda1f9e2f892817e;I18758ff3a11e11eabda1f9e2f892817e;I1875b700a11e11eabda1f9e2f892817e;I1875b701a11e11eabda1f9e2f892817e"></doc>
 <doc oldid="ellis_fdc_com_16a-2-html" newids=""></doc>
 <doc oldid="ellis_fdc_com_16a-html" newids="I18739421a11e11eabda1f9e2f892817e;I18739422a11e11eabda1f9e2f892817e;I18739423a11e11eabda1f9e2f892817e;I1873bb30a11e11eabda1f9e2f892817e;I1873bb31a11e11eabda1f9e2f892817e;I1873bb32a11e11eabda1f9e2f892817e;I1873e240a11e11eabda1f9e2f892817e;I1873e241a11e11eabda1f9e2f892817e"></doc>
 <doc oldid="ellis_fdc_com_17-html" newids="I1875de11a11e11eabda1f9e2f892817e;I1875de12a11e11eabda1f9e2f892817e;I18760520a11e11eabda1f9e2f892817e;I18760522a11e11eabda1f9e2f892817e;I18762c30a11e11eabda1f9e2f892817e;I18762c31a11e11eabda1f9e2f892817e;I18762c32a11e11eabda1f9e2f892817e;I18762c33a11e11eabda1f9e2f892817e;I18765340a11e11eabda1f9e2f892817e;I18765341a11e11eabda1f9e2f892817e;I18765342a11e11eabda1f9e2f892817e;I18767a50a11e11eabda1f9e2f892817e;I18767a51a11e11eabda1f9e2f892817e;I18767a52a11e11eabda1f9e2f892817e;I18767a53a11e11eabda1f9e2f892817e"></doc>
 <doc oldid="ellis_fdc_com_18-html" newids="I1876a160a11e11eabda1f9e2f892817e;I1876a161a11e11eabda1f9e2f892817e;I1876a162a11e11eabda1f9e2f892817e;I1876c870a11e11eabda1f9e2f892817e;I187800f0a11e11eabda1f9e2f892817e;I187800f1a11e11eabda1f9e2f892817e;I187800f2a11e11eabda1f9e2f892817e;I18782800a11e11eabda1f9e2f892817e;I18782801a11e11eabda1f9e2f892817e;I18782802a11e11eabda1f9e2f892817e;I18782803a11e11eabda1f9e2f892817e;If3545850a59611eab8e7ae5423a7afb1"></doc>
 <doc oldid="ellis_fdc_com_19-1-html" newids="I18789d32a11e11eabda1f9e2f892817e;I18789d33a11e11eabda1f9e2f892817e;I1878c440a11e11eabda1f9e2f892817e;I1878c441a11e11eabda1f9e2f892817e;I1878c442a11e11eabda1f9e2f892817e;I1878eb50a11e11eabda1f9e2f892817e"></doc>
 <doc oldid="ellis_fdc_com_19-10-html" newids="I187ff032a11e11eabda1f9e2f892817e;I18801740a11e11eabda1f9e2f892817e;I18801741a11e11eabda1f9e2f892817e;I18801742a11e11eabda1f9e2f892817e"></doc>
 <doc oldid="ellis_fdc_com_19-11-html" newids="I18801743a11e11eabda1f9e2f892817e;If3547f60a59611eab8e7ae5423a7afb1"></doc>
 <doc oldid="ellis_fdc_com_19-2-html" newids="I1878eb51a11e11eabda1f9e2f892817e;I1878eb52a11e11eabda1f9e2f892817e;I18791260a11e11eabda1f9e2f892817e;I18791261a11e11eabda1f9e2f892817e;I18791262a11e11eabda1f9e2f892817e;I187a71f0a11e11eabda1f9e2f892817e;I187a71f1a11e11eabda1f9e2f892817e;I187a71f2a11e11eabda1f9e2f892817e"></doc>
 <doc oldid="ellis_fdc_com_19-3-html" newids="I187a9900a11e11eabda1f9e2f892817e;I187a9901a11e11eabda1f9e2f892817e;I187a9902a11e11eabda1f9e2f892817e;I187ac010a11e11eabda1f9e2f892817e;I187ac011a11e11eabda1f9e2f892817e;I187ac012a11e11eabda1f9e2f892817e;I187ae720a11e11eabda1f9e2f892817e;I187ae721a11e11eabda1f9e2f892817e"></doc>
 <doc oldid="ellis_fdc_com_19-4-html" newids="I187ae722a11e11eabda1f9e2f892817e;I187ae723a11e11eabda1f9e2f892817e;I187b0e30a11e11eabda1f9e2f892817e;I187b0e31a11e11eabda1f9e2f892817e;I187b0e32a11e11eabda1f9e2f892817e;I187b3540a11e11eabda1f9e2f892817e;I187b3541a11e11eabda1f9e2f892817e;I187b3542a11e11eabda1f9e2f892817e;I187b5c51a11e11eabda1f9e2f892817e"></doc>
 <doc oldid="ellis_fdc_com_19-5-html" newids="I187b5c52a11e11eabda1f9e2f892817e;I187b8360a11e11eabda1f9e2f892817e;I187b8361a11e11eabda1f9e2f892817e;I187b8362a11e11eabda1f9e2f892817e;I187baa70a11e11eabda1f9e2f892817e;I187ce2f0a11e11eabda1f9e2f892817e"></doc>
 <doc oldid="ellis_fdc_com_19-6-html" newids="I187ce2f2a11e11eabda1f9e2f892817e;I187ce2f3a11e11eabda1f9e2f892817e;I187d0a00a11e11eabda1f9e2f892817e;I187d0a01a11e11eabda1f9e2f892817e;I187d0a02a11e11eabda1f9e2f892817e;I187d3110a11e11eabda1f9e2f892817e;I187d3111a11e11eabda1f9e2f892817e;I187d3112a11e11eabda1f9e2f892817e"></doc>
 <doc oldid="ellis_fdc_com_19-7-html" newids="I187d5820a11e11eabda1f9e2f892817e;I187d5821a11e11eabda1f9e2f892817e;I187d5822a11e11eabda1f9e2f892817e;I187d5823a11e11eabda1f9e2f892817e;I187d7f30a11e11eabda1f9e2f892817e;I187d7f31a11e11eabda1f9e2f892817e;I187d7f32a11e11eabda1f9e2f892817e"></doc>
 <doc oldid="ellis_fdc_com_19-8-html" newids="I187da640a11e11eabda1f9e2f892817e;I187da641a11e11eabda1f9e2f892817e;I187da642a11e11eabda1f9e2f892817e;I187dcd50a11e11eabda1f9e2f892817e;I187dcd51a11e11eabda1f9e2f892817e;I187dcd52a11e11eabda1f9e2f892817e;I187df460a11e11eabda1f9e2f892817e;I187df461a11e11eabda1f9e2f892817e"></doc>
 <doc oldid="ellis_fdc_com_19-9-html" newids="I187df462a11e11eabda1f9e2f892817e;I187df463a11e11eabda1f9e2f892817e;I187e6990a11e11eabda1f9e2f892817e;I187e90a0a11e11eabda1f9e2f892817e;I187e90a1a11e11eabda1f9e2f892817e;I187e90a2a11e11eabda1f9e2f892817e;I187eb7b0a11e11eabda1f9e2f892817e;I187eb7b1a11e11eabda1f9e2f892817e;I187eb7b2a11e11eabda1f9e2f892817e;I187edec0a11e11eabda1f9e2f892817e;I187edec1a11e11eabda1f9e2f892817e;I187fc920a11e11eabda1f9e2f892817e;I187ff030a11e11eabda1f9e2f892817e;I187ff031a11e11eabda1f9e2f892817e"></doc>
 <doc oldid="ellis_fdc_com_19-html" newids="I18784f10a11e11eabda1f9e2f892817e;I18784f11a11e11eabda1f9e2f892817e;I18784f12a11e11eabda1f9e2f892817e;I18787620a11e11eabda1f9e2f892817e;I18787621a11e11eabda1f9e2f892817e;I18787622a11e11eabda1f9e2f892817e;I18789d30a11e11eabda1f9e2f892817e;I18789d31a11e11eabda1f9e2f892817e"></doc>
 <doc oldid="ellis_fdc_com_2-1-html" newids="I183615f0a11e11eabda1f9e2f892817e;I183615f1a11e11eabda1f9e2f892817e;I18363d00a11e11eabda1f9e2f892817e;I18363d01a11e11eabda1f9e2f892817e;I18366410a11e11eabda1f9e2f892817e;I18366411a11e11eabda1f9e2f892817e;I18368b20a11e11eabda1f9e2f892817e;I18368b21a11e11eabda1f9e2f892817e;I18368b22a11e11eabda1f9e2f892817e;I18374e70a11e11eabda1f9e2f892817e;I18374e71a11e11eabda1f9e2f892817e;I18377580a11e11eabda1f9e2f892817e;I18377581a11e11eabda1f9e2f892817e;I18379c90a11e11eabda1f9e2f892817e;I18379c91a11e11eabda1f9e2f892817e"></doc>
 <doc oldid="ellis_fdc_com_2-2-html" newids="I1837c3a0a11e11eabda1f9e2f892817e;I1837c3a1a11e11eabda1f9e2f892817e;I1837eab0a11e11eabda1f9e2f892817e;I1837eab1a11e11eabda1f9e2f892817e;I183811c0a11e11eabda1f9e2f892817e;I183811c1a11e11eabda1f9e2f892817e;I183838d0a11e11eabda1f9e2f892817e;I18385fe0a11e11eabda1f9e2f892817e;I18385fe1a11e11eabda1f9e2f892817e;I183886f0a11e11eabda1f9e2f892817e;I183886f1a11e11eabda1f9e2f892817e;I1838ae00a11e11eabda1f9e2f892817e;I1838ae01a11e11eabda1f9e2f892817e;I1838d510a11e11eabda1f9e2f892817e;I1838d511a11e11eabda1f9e2f892817e"></doc>
 <doc oldid="ellis_fdc_com_2-3-html" newids="I1838fc20a11e11eabda1f9e2f892817e;I1838fc21a11e11eabda1f9e2f892817e;Ib9bbf3f0cab711ea9b90f3162f42ff85"></doc>
 <doc oldid="ellis_fdc_com_2-html" newids="I18341a21a11e11eabda1f9e2f892817e;I18344130a11e11eabda1f9e2f892817e;I18344131a11e11eabda1f9e2f892817e;I18346840a11e11eabda1f9e2f892817e;I18350480a11e11eabda1f9e2f892817e;I18352b90a11e11eabda1f9e2f892817e;I18352b91a11e11eabda1f9e2f892817e;I183552a0a11e11eabda1f9e2f892817e;I183579b0a11e11eabda1f9e2f892817e;I183579b1a11e11eabda1f9e2f892817e;I183579b2a11e11eabda1f9e2f892817e;I1835a0c0a11e11eabda1f9e2f892817e;I1835c7d0a11e11eabda1f9e2f892817e;I1835c7d1a11e11eabda1f9e2f892817e;I1835eee1a11e11eabda1f9e2f892817e"></doc>
 <doc oldid="ellis_fdc_com_20-1-html" newids="I18806562a11e11eabda1f9e2f892817e;I1880b380a11e11eabda1f9e2f892817e;I1880b381a11e11eabda1f9e2f892817e;I1881ec00a11e11eabda1f9e2f892817e;I1881ec01a11e11eabda1f9e2f892817e"></doc>
 <doc oldid="ellis_fdc_com_20-2-html" newids="I1881ec02a11e11eabda1f9e2f892817e;I18821310a11e11eabda1f9e2f892817e;I18821311a11e11eabda1f9e2f892817e;I18821312a11e11eabda1f9e2f892817e;I18823a20a11e11eabda1f9e2f892817e"></doc>
 <doc oldid="ellis_fdc_com_20-3-html" newids="I18823a21a11e11eabda1f9e2f892817e;I18823a22a11e11eabda1f9e2f892817e;I18826130a11e11eabda1f9e2f892817e;I18826131a11e11eabda1f9e2f892817e"></doc>
 <doc oldid="ellis_fdc_com_20-4-html" newids="I18826132a11e11eabda1f9e2f892817e;I18828840a11e11eabda1f9e2f892817e;I18828841a11e11eabda1f9e2f892817e;I18828842a11e11eabda1f9e2f892817e;I18828843a11e11eabda1f9e2f892817e;I1882af50a11e11eabda1f9e2f892817e;I1882af51a11e11eabda1f9e2f892817e;I1882af52a11e11eabda1f9e2f892817e;I1882d660a11e11eabda1f9e2f892817e;I1882d661a11e11eabda1f9e2f892817e;I1882d662a11e11eabda1f9e2f892817e;I1882d663a11e11eabda1f9e2f892817e"></doc>
 <doc oldid="ellis_fdc_com_20-5-html" newids="I1882fd70a11e11eabda1f9e2f892817e;I188372a0a11e11eabda1f9e2f892817e;I188399b0a11e11eabda1f9e2f892817e;I188399b1a11e11eabda1f9e2f892817e"></doc>
 <doc oldid="ellis_fdc_com_20-html" newids="I18803e50a11e11eabda1f9e2f892817e;I18803e51a11e11eabda1f9e2f892817e;I18803e52a11e11eabda1f9e2f892817e;I18806560a11e11eabda1f9e2f892817e;I18806561a11e11eabda1f9e2f892817e;I18806562a11e11eabda1f9e2f892817e;I18808c70a11e11eabda1f9e2f892817e;I18808c71a11e11eabda1f9e2f892817e;I18808c73a11e11eabda1f9e2f892817e"></doc>
 <doc oldid="ellis_fdc_com_20a-html" newids="I1889b432a11e11eabda1f9e2f892817e;I1889b433a11e11eabda1f9e2f892817e;I1889db40a11e11eabda1f9e2f892817e;I1889db41a11e11eabda1f9e2f892817e;I1889db42a11e11eabda1f9e2f892817e;I188a0250a11e11eabda1f9e2f892817e;I188a0251a11e11eabda1f9e2f892817e;I188a0252a11e11eabda1f9e2f892817e;I188a2960a11e11eabda1f9e2f892817e;I188a2961a11e11eabda1f9e2f892817e;I188a2962a11e11eabda1f9e2f892817e;I188a2963a11e11eabda1f9e2f892817e;I188a5070a11e11eabda1f9e2f892817e;I188a5071a11e11eabda1f9e2f892817e"></doc>
 <doc oldid="ellis_fdc_com_21-1-html" newids="I188ac5a0a11e11eabda1f9e2f892817e;I188ac5a1a11e11eabda1f9e2f892817e;I188ac5a2a11e11eabda1f9e2f892817e;I188aecb0a11e11eabda1f9e2f892817e;I188aecb1a11e11eabda1f9e2f892817e;I188aecb2a11e11eabda1f9e2f892817e;I188c4c40a11e11eabda1f9e2f892817e;I188c4c41a11e11eabda1f9e2f892817e;I188c4c42a11e11eabda1f9e2f892817e"></doc>
 <doc oldid="ellis_fdc_com_21-2-html" newids="I188c4c43a11e11eabda1f9e2f892817e;I188c7350a11e11eabda1f9e2f892817e;I188c7351a11e11eabda1f9e2f892817e;I188c7352a11e11eabda1f9e2f892817e;I188c9a60a11e11eabda1f9e2f892817e;I188c9a61a11e11eabda1f9e2f892817e"></doc>
 <doc oldid="ellis_fdc_com_21-3-html" newids="I188cc170a11e11eabda1f9e2f892817e;I188cc171a11e11eabda1f9e2f892817e;I188cc172a11e11eabda1f9e2f892817e;I188cc173a11e11eabda1f9e2f892817e;I188ce880a11e11eabda1f9e2f892817e;I188ce881a11e11eabda1f9e2f892817e;I188ce882a11e11eabda1f9e2f892817e"></doc>
 <doc oldid="ellis_fdc_com_21-4-html" newids="I188d0f90a11e11eabda1f9e2f892817e;I188d0f91a11e11eabda1f9e2f892817e;I188d0f92a11e11eabda1f9e2f892817e"></doc>
 <doc oldid="ellis_fdc_com_21-5-html" newids=""></doc>
 <doc oldid="ellis_fdc_com_21-html" newids="I188a5072a11e11eabda1f9e2f892817e;I188a7780a11e11eabda1f9e2f892817e;I188a7781a11e11eabda1f9e2f892817e;I188a9e90a11e11eabda1f9e2f892817e;I188a9e91a11e11eabda1f9e2f892817e;I188a9e92a11e11eabda1f9e2f892817e;I188a9e93a11e11eabda1f9e2f892817e"></doc>
 <doc oldid="ellis_fdc_com_3-1-html" newids="I183a5bb0a11e11eabda1f9e2f892817e;I183a5bb1a11e11eabda1f9e2f892817e;I183a82c0a11e11eabda1f9e2f892817e;I183a82c1a11e11eabda1f9e2f892817e;I183d9000a11e11eabda1f9e2f892817e"></doc>
 <doc oldid="ellis_fdc_com_3-html" newids="I18392330a11e11eabda1f9e2f892817e;I18392331a11e11eabda1f9e2f892817e;I18394a40a11e11eabda1f9e2f892817e;I18394a41a11e11eabda1f9e2f892817e;I18394a42a11e11eabda1f9e2f892817e;I18397150a11e11eabda1f9e2f892817e;I18397151a11e11eabda1f9e2f892817e;I18399860a11e11eabda1f9e2f892817e;I18399861a11e11eabda1f9e2f892817e;I1839bf70a11e11eabda1f9e2f892817e;I183a0d90a11e11eabda1f9e2f892817e;I183a0d91a11e11eabda1f9e2f892817e;I183a34a0a11e11eabda1f9e2f892817e;I183a34a1a11e11eabda1f9e2f892817e"></doc>
 <doc oldid="ellis_fdc_com_3a-html" newids="I18435c60a11e11eabda1f9e2f892817e;I18435c61a11e11eabda1f9e2f892817e;I18438370a11e11eabda1f9e2f892817e;I18438371a11e11eabda1f9e2f892817e;I1843aa80a11e11eabda1f9e2f892817e;I1843aa81a11e11eabda1f9e2f892817e;I1843aa82a11e11eabda1f9e2f892817e;I1843d190a11e11eabda1f9e2f892817e"></doc>
 <doc oldid="ellis_fdc_com_4-1-html" newids="I1846b7c0a11e11eabda1f9e2f892817e;I1846b7c1a11e11eabda1f9e2f892817e;I1846ded0a11e11eabda1f9e2f892817e;I1846ded1a11e11eabda1f9e2f892817e;I1846ded2a11e11eabda1f9e2f892817e;I184705e0a11e11eabda1f9e2f892817e;I184705e1a11e11eabda1f9e2f892817e;I18472cf0a11e11eabda1f9e2f892817e;I18472cf1a11e11eabda1f9e2f892817e;I18472cf2a11e11eabda1f9e2f892817e;I18475401a11e11eabda1f9e2f892817e;I18477b10a11e11eabda1f9e2f892817e;I18477b11a11e11eabda1f9e2f892817e;I18477b12a11e11eabda1f9e2f892817e;I1847a220a11e11eabda1f9e2f892817e;I1847a221a11e11eabda1f9e2f892817e;I1847c930a11e11eabda1f9e2f892817e;I1847c931a11e11eabda1f9e2f892817e;I1847c932a11e11eabda1f9e2f892817e;I1847f041a11e11eabda1f9e2f892817e;I18481750a11e11eabda1f9e2f892817e;I18481751a11e11eabda1f9e2f892817e;I18481752a11e11eabda1f9e2f892817e"></doc>
 <doc oldid="ellis_fdc_com_4-2-html" newids="I18483e60a11e11eabda1f9e2f892817e;I18483e61a11e11eabda1f9e2f892817e;I18483e62a11e11eabda1f9e2f892817e;I184901b0a11e11eabda1f9e2f892817e;I184901b1a11e11eabda1f9e2f892817e"></doc>
 <doc oldid="ellis_fdc_com_4-3-html" newids="I184901b2a11e11eabda1f9e2f892817e;I184928c0a11e11eabda1f9e2f892817e;I184928c1a11e11eabda1f9e2f892817e;I18494fd0a11e11eabda1f9e2f892817e"></doc>
 <doc oldid="ellis_fdc_com_4-html" newids="I18441fb0a11e11eabda1f9e2f892817e;I184446c0a11e11eabda1f9e2f892817e;I184446c1a11e11eabda1f9e2f892817e;I184446c2a11e11eabda1f9e2f892817e;I18446dd0a11e11eabda1f9e2f892817e;I18446dd1a11e11eabda1f9e2f892817e;I184494e0a11e11eabda1f9e2f892817e;I184494e1a11e11eabda1f9e2f892817e;I184494e2a11e11eabda1f9e2f892817e;I1844bbf0a11e11eabda1f9e2f892817e;I1844bbf1a11e11eabda1f9e2f892817e;I1844e300a11e11eabda1f9e2f892817e;I1844e301a11e11eabda1f9e2f892817e;I1844e302a11e11eabda1f9e2f892817e;I18450a10a11e11eabda1f9e2f892817e;I18453121a11e11eabda1f9e2f892817e;I18455830a11e11eabda1f9e2f892817e;I18455831a11e11eabda1f9e2f892817e;I18455832a11e11eabda1f9e2f892817e;I18457f40a11e11eabda1f9e2f892817e;I18457f41a11e11eabda1f9e2f892817e;I1845a650a11e11eabda1f9e2f892817e"></doc>
 <doc oldid="ellis_fdc_com_4a-1-html" newids="I184a3a32a11e11eabda1f9e2f892817e;I184a6140a11e11eabda1f9e2f892817e;I184a6141a11e11eabda1f9e2f892817e;I184a8850a11e11eabda1f9e2f892817e;I184a8851a11e11eabda1f9e2f892817e;I184a8852a11e11eabda1f9e2f892817e;I184aaf60a11e11eabda1f9e2f892817e;I184aaf61a11e11eabda1f9e2f892817e;I184ad670a11e11eabda1f9e2f892817e;I184ad671a11e11eabda1f9e2f892817e;I184ad672a11e11eabda1f9e2f892817e;I184afd80a11e11eabda1f9e2f892817e;I184afd81a11e11eabda1f9e2f892817e;I184afd82a11e11eabda1f9e2f892817e;I184b2490a11e11eabda1f9e2f892817e;I184b2491a11e11eabda1f9e2f892817e"></doc>
 <doc oldid="ellis_fdc_com_4a-html" newids="I18494fd2a11e11eabda1f9e2f892817e;I184976e0a11e11eabda1f9e2f892817e;I184976e1a11e11eabda1f9e2f892817e;I18499df0a11e11eabda1f9e2f892817e;I18499df1a11e11eabda1f9e2f892817e;I18499df2a11e11eabda1f9e2f892817e;I1849c501a11e11eabda1f9e2f892817e;I1849c502a11e11eabda1f9e2f892817e;I1849ec10a11e11eabda1f9e2f892817e;I1849ec11a11e11eabda1f9e2f892817e;I184a1320a11e11eabda1f9e2f892817e;I184a1321a11e11eabda1f9e2f892817e;I184a1322a11e11eabda1f9e2f892817e;I184a3a30a11e11eabda1f9e2f892817e;I184a3a31a11e11eabda1f9e2f892817e"></doc>
 <doc oldid="ellis_fdc_com_4b-html" newids="I184b72b1a11e11eabda1f9e2f892817e;I184b99c0a11e11eabda1f9e2f892817e;I184b99c1a11e11eabda1f9e2f892817e;I184b99c2a11e11eabda1f9e2f892817e;I184bc0d0a11e11eabda1f9e2f892817e;I184bc0d1a11e11eabda1f9e2f892817e;I184bc0d2a11e11eabda1f9e2f892817e;I184be7e0a11e11eabda1f9e2f892817e;I184cd240a11e11eabda1f9e2f892817e;I184cf950a11e11eabda1f9e2f892817e;I184cf951a11e11eabda1f9e2f892817e;I184d2060a11e11eabda1f9e2f892817e;I184d2061a11e11eabda1f9e2f892817e;I184d2062a11e11eabda1f9e2f892817e;I184d4770a11e11eabda1f9e2f892817e;I184d4771a11e11eabda1f9e2f892817e;I184d6e80a11e11eabda1f9e2f892817e;I184d9591a11e11eabda1f9e2f892817e"></doc>
 <doc oldid="ellis_fdc_com_5-1-html" newids="I184e7ff0a11e11eabda1f9e2f892817e;I184e7ff1a11e11eabda1f9e2f892817e;I184e7ff2a11e11eabda1f9e2f892817e;I184ea700a11e11eabda1f9e2f892817e;I184ea701a11e11eabda1f9e2f892817e;I184ece10a11e11eabda1f9e2f892817e;I184ece11a11e11eabda1f9e2f892817e;I184ece12a11e11eabda1f9e2f892817e;I184ef520a11e11eabda1f9e2f892817e;I184ef521a11e11eabda1f9e2f892817e;I184ef522a11e11eabda1f9e2f892817e;I184f1c30a11e11eabda1f9e2f892817e;I184f1c31a11e11eabda1f9e2f892817e;I184f4340a11e11eabda1f9e2f892817e"></doc>
 <doc oldid="ellis_fdc_com_5-2-html" newids="I184f4341a11e11eabda1f9e2f892817e;I184f4342a11e11eabda1f9e2f892817e;I184f6a50a11e11eabda1f9e2f892817e;I184f6a51a11e11eabda1f9e2f892817e;I184f6a52a11e11eabda1f9e2f892817e"></doc>
 <doc oldid="ellis_fdc_com_5-html" newids="I184dbca0a11e11eabda1f9e2f892817e;I184dbca1a11e11eabda1f9e2f892817e;I184de3b0a11e11eabda1f9e2f892817e;I184de3b1a11e11eabda1f9e2f892817e;I184de3b2a11e11eabda1f9e2f892817e;I184e0ac0a11e11eabda1f9e2f892817e;I184e0ac1a11e11eabda1f9e2f892817e;I184e31d1a11e11eabda1f9e2f892817e;I184e58e0a11e11eabda1f9e2f892817e;I184e58e1a11e11eabda1f9e2f892817e;I184e58e2a11e11eabda1f9e2f892817e"></doc>
 <doc oldid="ellis_fdc_com_6-html" newids="I184f9160a11e11eabda1f9e2f892817e;I184f9161a11e11eabda1f9e2f892817e;I184fb870a11e11eabda1f9e2f892817e;I184fb871a11e11eabda1f9e2f892817e;I184fb872a11e11eabda1f9e2f892817e;I184fdf80a11e11eabda1f9e2f892817e;I184fdf81a11e11eabda1f9e2f892817e;I18500690a11e11eabda1f9e2f892817e;I18500691a11e11eabda1f9e2f892817e;I18500692a11e11eabda1f9e2f892817e;I18502da0a11e11eabda1f9e2f892817e;I18502da1a11e11eabda1f9e2f892817e;I185054b0a11e11eabda1f9e2f892817e;I1850a2d0a11e11eabda1f9e2f892817e;I1850c9e0a11e11eabda1f9e2f892817e;I1850c9e1a11e11eabda1f9e2f892817e;I1850c9e2a11e11eabda1f9e2f892817e;I1850f0f0a11e11eabda1f9e2f892817e;I1850f0f1a11e11eabda1f9e2f892817e;I18511800a11e11eabda1f9e2f892817e;I18511801a11e11eabda1f9e2f892817e;I18511802a11e11eabda1f9e2f892817e"></doc>
 <doc oldid="ellis_fdc_com_7-1-html" newids="I18522970a11e11eabda1f9e2f892817e;I18522971a11e11eabda1f9e2f892817e;I18522972a11e11eabda1f9e2f892817e;I18525080a11e11eabda1f9e2f892817e;I18525081a11e11eabda1f9e2f892817e;I18527790a11e11eabda1f9e2f892817e;I18527791a11e11eabda1f9e2f892817e;I18527792a11e11eabda1f9e2f892817e;I18529ea0a11e11eabda1f9e2f892817e;I18529ea1a11e11eabda1f9e2f892817e;I1852c5b0a11e11eabda1f9e2f892817e;I1852c5b1a11e11eabda1f9e2f892817e;I1852c5b2a11e11eabda1f9e2f892817e"></doc>
 <doc oldid="ellis_fdc_com_7-2-html" newids="I1852ecc0a11e11eabda1f9e2f892817e;I1852ecc1a11e11eabda1f9e2f892817e"></doc>
 <doc oldid="ellis_fdc_com_7-html" newids="I18513f10a11e11eabda1f9e2f892817e;I18513f11a11e11eabda1f9e2f892817e;I1851b440a11e11eabda1f9e2f892817e;I1851db50a11e11eabda1f9e2f892817e;I1851db51a11e11eabda1f9e2f892817e;I18520260a11e11eabda1f9e2f892817e;I18520261a11e11eabda1f9e2f892817e;I18520262a11e11eabda1f9e2f892817e"></doc>
 <doc oldid="ellis_fdc_com_8-1-html" newids="I185361f0a11e11eabda1f9e2f892817e;I185361f1a11e11eabda1f9e2f892817e;I185361f2a11e11eabda1f9e2f892817e;I18538900a11e11eabda1f9e2f892817e;I18538901a11e11eabda1f9e2f892817e;I18538902a11e11eabda1f9e2f892817e;I1853b010a11e11eabda1f9e2f892817e;I1853b011a11e11eabda1f9e2f892817e;I1853d720a11e11eabda1f9e2f892817e;I1853d721a11e11eabda1f9e2f892817e;I18542540a11e11eabda1f9e2f892817e;I18542541a11e11eabda1f9e2f892817e"></doc>
 <doc oldid="ellis_fdc_com_8-2-html" newids="I1853d721a11e11eabda1f9e2f892817e;I18544c50a11e11eabda1f9e2f892817e;I18547360a11e11eabda1f9e2f892817e;I18547361a11e11eabda1f9e2f892817e;I18547362a11e11eabda1f9e2f892817e;I18549a70a11e11eabda1f9e2f892817e;I18549a71a11e11eabda1f9e2f892817e;I18549a72a11e11eabda1f9e2f892817e;I1854c180a11e11eabda1f9e2f892817e"></doc>
 <doc oldid="ellis_fdc_com_8-html" newids="I1852ecc2a11e11eabda1f9e2f892817e;I185313d0a11e11eabda1f9e2f892817e;I185313d1a11e11eabda1f9e2f892817e;I185313d2a11e11eabda1f9e2f892817e;I18533ae1a11e11eabda1f9e2f892817e"></doc>
 <doc oldid="ellis_fdc_com_9-1-html" newids="I185536b0a11e11eabda1f9e2f892817e;I18555dc0a11e11eabda1f9e2f892817e;I18555dc1a11e11eabda1f9e2f892817e;I18555dc2a11e11eabda1f9e2f892817e;I185584d0a11e11eabda1f9e2f892817e;I185584d1a11e11eabda1f9e2f892817e"></doc>
 <doc oldid="ellis_fdc_com_9-2-html" newids="I1854c181a11e11eabda1f9e2f892817e;I185584d2a11e11eabda1f9e2f892817e;I1855abe0a11e11eabda1f9e2f892817e;I1855abe1a11e11eabda1f9e2f892817e;I1855abe2a11e11eabda1f9e2f892817e;I1855d2f0a11e11eabda1f9e2f892817e;I1855fa00a11e11eabda1f9e2f892817e;I1855fa01a11e11eabda1f9e2f892817e;I1855fa02a11e11eabda1f9e2f892817e;I18562110a11e11eabda1f9e2f892817e"></doc>
 <doc oldid="ellis_fdc_com_9-3-html" newids="I18562111a11e11eabda1f9e2f892817e;I18562112a11e11eabda1f9e2f892817e;I18564820a11e11eabda1f9e2f892817e;I18564821a11e11eabda1f9e2f892817e;I18564822a11e11eabda1f9e2f892817e;I18566f30a11e11eabda1f9e2f892817e;I18566f31a11e11eabda1f9e2f892817e;I18569640a11e11eabda1f9e2f892817e;I18569641a11e11eabda1f9e2f892817e;I18569642a11e11eabda1f9e2f892817e;I1856bd50a11e11eabda1f9e2f892817e;I1856bd51a11e11eabda1f9e2f892817e;I1856bd52a11e11eabda1f9e2f892817e;I1856e460a11e11eabda1f9e2f892817e;I18573280a11e11eabda1f9e2f892817e"></doc>
 <doc oldid="ellis_fdc_com_9-4-html" newids="I18573281a11e11eabda1f9e2f892817e;I18573282a11e11eabda1f9e2f892817e;I185780a0a11e11eabda1f9e2f892817e;I1857a7b0a11e11eabda1f9e2f892817e;I1857a7b1a11e11eabda1f9e2f892817e;I1857a7b2a11e11eabda1f9e2f892817e;I1857cec0a11e11eabda1f9e2f892817e;I1857cec1a11e11eabda1f9e2f892817e;I1857cec2a11e11eabda1f9e2f892817e"></doc>
 <doc oldid="ellis_fdc_com_9-5-html" newids="I1857f5d0a11e11eabda1f9e2f892817e;I1857f5d1a11e11eabda1f9e2f892817e;I1857f5d2a11e11eabda1f9e2f892817e;I18581ce0a11e11eabda1f9e2f892817e;I18581ce1a11e11eabda1f9e2f892817e;I1858e030a11e11eabda1f9e2f892817e;I18592e50a11e11eabda1f9e2f892817e;I18592e51a11e11eabda1f9e2f892817e;I18592e52a11e11eabda1f9e2f892817e;I18595560a11e11eabda1f9e2f892817e;I18595561a11e11eabda1f9e2f892817e;I18595562a11e11eabda1f9e2f892817e;I185adc00a11e11eabda1f9e2f892817e;I185adc01a11e11eabda1f9e2f892817e;I185b0310a11e11eabda1f9e2f892817e"></doc>
 <doc oldid="ellis_fdc_com_9-6-html" newids="I185b0311a11e11eabda1f9e2f892817e;I185b0312a11e11eabda1f9e2f892817e;I185b2a20a11e11eabda1f9e2f892817e;I185b2a21a11e11eabda1f9e2f892817e;I185b2a22a11e11eabda1f9e2f892817e"></doc>
 <doc oldid="ellis_fdc_com_9-html" newids="I1854c181a11e11eabda1f9e2f892817e;I1854e890a11e11eabda1f9e2f892817e;I1854e891a11e11eabda1f9e2f892817e;I1854e892a11e11eabda1f9e2f892817e;I18550fa0a11e11eabda1f9e2f892817e;I18550fa1a11e11eabda1f9e2f892817e;I18550fa2a11e11eabda1f9e2f892817e"></doc>
 <doc oldid="ellis_fdc_cpr-html" newids="Copyright"></doc>
 <doc oldid="ellis_fdc_ded-html" newids=""></doc>
 <doc oldid="ellis_fdc_iif-1-html" newids="I90b18aa1cdc411ea8b0dd913c2dc3ce0;I90b1b1b0cdc411ea8b0dd913c2dc3ce0;I90b1ffd0cdc411ea8b0dd913c2dc3ce0"></doc>
 <doc oldid="ellis_fdc_iif-2-html" newids="I90b1ffd1cdc411ea8b0dd913c2dc3ce0;I90b226e0cdc411ea8b0dd913c2dc3ce0"></doc>
 <doc oldid="ellis_fdc_iif-html" newids="I90b07930cdc411ea8b0dd913c2dc3ce0;I90b13c80cdc411ea8b0dd913c2dc3ce0;I90b16390cdc411ea8b0dd913c2dc3ce0;I90b16391cdc411ea8b0dd913c2dc3ce0;I90b18aa0cdc411ea8b0dd913c2dc3ce0"></doc>
 <doc oldid="ellis_fdc_ind-html" newids="AdditionalFrontMatter105"></doc>
 <doc oldid="ellis_fdc_leg_legislation-html" newids="I90af40b0cdc411ea8b0dd913c2dc3ce0;I90af67c0cdc411ea8b0dd913c2dc3ce0;I90af67c1cdc411ea8b0dd913c2dc3ce0;I90af8ed0cdc411ea8b0dd913c2dc3ce0;I90af8ed1cdc411ea8b0dd913c2dc3ce0;I90afb5e0cdc411ea8b0dd913c2dc3ce0;I90afb5e1cdc411ea8b0dd913c2dc3ce0;I90b00400cdc411ea8b0dd913c2dc3ce0;I90b02b10cdc411ea8b0dd913c2dc3ce0;I90b02b11cdc411ea8b0dd913c2dc3ce0;I90b05220cdc411ea8b0dd913c2dc3ce0"></doc>
 <doc oldid="ellis_fdc_pbn-html" newids="Ib9bba5d0cab711ea9b90f3162f42ff85"></doc>
 <doc oldid="ellis_fdc_pof-html" newids=""></doc>
 <doc oldid="ellis_fdc_prf-html" newids=""></doc>
 <doc oldid="ellis_fdc_tca-html" newids="AdditionalFrontMatter104"></doc>
 <doc oldid="ellis_fdc_toc-html" newids="inlineToc"></doc>
 <doc oldid="ellis_fdc_ttl-html" newids="FrontMatterTitle"></doc>
</mapping>