<!DOCTYPE html PUBLIC "-//W3C//DTD XHTML 1.1//EN" "http://www.w3.org/TR/xhtml11/DTD/xhtml11.dtd"> 
<html xmlns="http://www.w3.org/1999/xhtml"> 
 <head> 
  <meta http-equiv="content-type" content="text/html; charset=utf-8" /> 
  <meta http-equiv="X-UA-Compatible" content="IE=edge,chrome=1" /> 
  <title>Thomson Reuters eBook</title> 
  <link rel="stylesheet" type="text/css" href="er:#document" /> 
 </head> 
 <body class="co_t2Left"> 
  <section class="co_docDisplay"><?pb label="p01"?> 
   <a name="I403894d0558a11dca5f9d46486b8920f"></a> 
   <div id="coid_website_documentWidgetDiv"> 
    <div id="co_document" class="co_document co_commentary co_commentaryEnhancement"> 
     <div></div> 
     <div class="co_contentBlock co_briefItState co_section">
       Main p0 
      <sup id="co_fnRef_I01a2f010680911e88f4a9c1f64101001_N10019"> <a name="co_fnRef_I01a2f010680911e88f4a9c1f64101001_N10019" class="tr_ftn" ftnname="co_footnote_I01a2f010680911e88f4a9c1f64101001" href="#co_footnote_I01a2f010680911e88f4a9c1f64101001" page="p01">  1</a> </sup> <?pb label="p02"?> <?pb label="p11"?> main p1 
      <sup id="co_fnRef_I01a2f010680911e88f4a9c1f64101002_N10019"> <a name="co_fnRef_I01a2f010680911e88f4a9c1f64101002_N10019" class="tr_ftn" ftnname="co_footnote_I01a2f010680911e88f4a9c1f64101002" href="#co_footnote_I01a2f010680911e88f4a9c1f64101002" page="p11">  2</a> </sup> <?pb label="p12"?> <?pb label="p20"?> main p2 
      <sup id="co_fnRef_I01a2f010680911e88f4a9c1f64101003_N10019"> <a name="co_fnRef_I01a2f010680911e88f4a9c1f64101003_N10019" class="tr_ftn" ftnname="co_footnote_I01a2f010680911e88f4a9c1f64101003" href="#co_footnote_I01a2f010680911e88f4a9c1f64101003" page="p20">  3</a> </sup> <?pb label="p21"?> <?pb label="p22"?> <?pb label="p3"?> main after.  
      <sup id="co_fnRef_I01a2f010680911e88f4a9c1f64101004_N10019"> <a name="co_fnRef_I01a2f010680911e88f4a9c1f64101004_N10019" class="tr_ftn" ftnname="co_footnote_I01a2f010680911e88f4a9c1f64101004" href="#co_footnote_I01a2f010680911e88f4a9c1f64101004" page="p3">  4</a> </sup> 
     </div>   
    </div> 
   </div> 
  </section>
  <section class="tr_footnotes"><?pb label="p01"?> 
   <div class="tr_footnote">
    <div class="footnote">
     <sup class="co_footnoteNumber"> <span id="co_footnote_I01a2f010680911e88f4a9c1f64101001"> <a name="co_footnote_I01a2f010680911e88f4a9c1f64101001" class="tr_ftn" ftnname="co_fnRef_I01a2f010680911e88f4a9c1f64101001_N10019" href="" page="p01"> 2</a> </span> </sup> 
     <div class="co_footnoteBody er_rp_search_volume_content_data"> 
      <div class="footnote_body footnote_body_box">
        Ftn p01ftn p11 
      </div>
      <div class="footnote_body footnote_body_bottom">
        Ftn p01
      </div>
     </div>
    </div>
   </div>
   <div class="co_page_number">
    p01
   </div><?pb label="p02"?>
   <div>
    <div>
     <div>
      <div>
       <div class="co_page_number">
        p02
       </div><?pb label="p11"?>ftn p11 
      </div> 
     </div>
    </div>
   </div> 
   <div class="co_page_number">
    p11
   </div><?pb label="p12"?>
   <div class="tr_footnote">
    <div class="footnote">
     <sup class="co_footnoteNumber"> <span id="co_footnote_I01a2f010680911e88f4a9c1f64101002"> <a name="co_footnote_I01a2f010680911e88f4a9c1f64101002" class="tr_ftn" ftnname="co_fnRef_I01a2f010680911e88f4a9c1f64101002_N10019" href="" page="p12"> 2</a> </span> </sup> 
     <div class="co_footnoteBody er_rp_search_volume_content_data"> 
      <div class="footnote_body footnote_body_box">
        Another ftn p12Ftn p20. 
      </div>
      <div class="footnote_body footnote_body_bottom">
        Another ftn p12
      </div>
     </div>
    </div>
   </div>
   <div class="co_page_number">
    p12
   </div><?pb label="p20"?>
   <div>
    <div>
     <div>
      <div>
       Ftn p20. 
      </div> 
     </div>
    </div>
   </div> 
   <div class="co_page_number">
    p20
   </div><?pb label="p21"?> 
   <div class="co_page_number">
    p21
   </div><?pb label="p22"?>
   <div class="co_page_number">
    p22
   </div><?pb label="p3"?>
   <div class="tr_footnote">
    <div class="footnote">
     <sup class="co_footnoteNumber"> <span id="co_footnote_I01a2f010680911e88f4a9c1f64101003"> <a name="co_footnote_I01a2f010680911e88f4a9c1f64101003" class="tr_ftn" ftnname="co_fnRef_I01a2f010680911e88f4a9c1f64101003_N10019" href="" page="p3"> 3</a> </span> </sup> 
     <div class="co_footnoteBody er_rp_search_volume_content_data"> 
      <div class="footnote_body">
        Ftn p3 
      </div> 
     </div>
    </div>
   </div> 
   <div class="tr_footnote">
    <div class="footnote">
     <sup class="co_footnoteNumber"> <span id="co_footnote_I01a2f010680911e88f4a9c1f64101004"> <a name="co_footnote_I01a2f010680911e88f4a9c1f64101004" class="tr_ftn" ftnname="co_fnRef_I01a2f010680911e88f4a9c1f64101004_N10019" href="" page="p3"> 4</a> </span> </sup> 
     <div class="co_footnoteBody er_rp_search_volume_content_data"> 
      <div class="footnote_body">
        Ftn after. 
      </div> 
     </div>
    </div>
   </div> 
   <div class="co_page_number">
    p3
   </div>
  </section> 
 </body> 
</html>