<!DOCTYPE html PUBLIC "-//W3C//DTD XHTML 1.1//EN" "http://www.w3.org/TR/xhtml11/DTD/xhtml11.dtd"> 
<html xmlns="http://www.w3.org/1999/xhtml"> 
 <head> 
  <meta http-equiv="content-type" content="text/html; charset=utf-8" /> 
  <meta http-equiv="X-UA-Compatible" content="IE=edge,chrome=1" /> 
  <title>Thomson Reuters eBook</title> 
  <link rel="stylesheet" type="text/css" href="er:#document" /> 
 </head> 
 <body class="co_t2Left"> 
  <section class="co_docDisplay"><?pb label="1074"?> 
   <a name="Ibb8eeee1112e11e182380000837bc6dd"></a> 
   <div id="coid_website_documentWidgetDiv"> 
    <div id="co_document" class="co_document co_commentary co_commentaryEnhancement"> 
     <div> 
      <div class="co_contentBlock co_briefItState co_propBlock"> 
       <div class="co_contentBlock co_briefItState co_authorLine"> 
        <span>Steven N. Tomanelli<sup id="co_fnRef_Iba68f761da6711eb8f37d75522c06a48_N1002F"> <a name="co_fnRef_Iba68f761da6711eb8f37d75522c06a48_N1002F" class="tr_ftn" ftnname="co_footnote_Iba68f761da6711eb8f37d75522c06a48" href="#co_footnote_Iba68f761da6711eb8f37d75522c06a48" page="1074">  a0</a> </sup> </span> 
       </div> 
      </div> 
     </div> 
     <div class="co_contentBlock co_briefItState co_section"> 
      <div class="co_contentBlock x_codesBody"> 
       <div class="co_contentBlock co_briefItState co_codesPara"> 
        <div class="co_form"> 
         <div class="co_paragraph"> 
          <div class="co_paragraphText">
           This increase or decrease shall apply to 
           <span class="co_baselineTextRule" style="border-bottom-width:1pt;width:5em;"> </span>.
           <sup id="co_fnRef_N1029CI822e00a06e9a11e5a81fb5a653c90199_N100E9"> <a name="co_fnRef_N1029CI822e00a06e9a11e5a81fb5a653c90199_N100E9" class="tr_ftn" ftnname="co_footnote_N1029CI822e00a06e9a11e5a81fb5a653c90199" href="#co_footnote_N1029CI822e00a06e9a11e5a81fb5a653c90199" page="1074">  *</a> </sup> 
          </div> 
         </div> 
        </div> 
       </div> 
      </div> 
     </div>   
    </div> 
   </div> 
  </section>
  <section class="tr_footnotes"><?pb label="1074"?>
   <div class="tr_footnote">
    <div class="footnote">
     <sup class="co_footnoteNumber"> <span id="co_footnote_N1029CI822e00a06e9a11e5a81fb5a653c90199"> <a name="co_footnote_N1029CI822e00a06e9a11e5a81fb5a653c90199" class="tr_ftn" ftnname="co_fnRef_N1029CI822e00a06e9a11e5a81fb5a653c90199_N100E9" href="" page="1074"> *</a> </span> </sup> 
     <div class="co_footnoteBody er_rp_search_volume_content_data"> 
      <div class="footnote_body"> 
       <div class="co_paragraph"> 
        <ul> 
         <li> 
          <div class="co_paragraph"> 
           <head parent="para"> 
            <span class="co_label">(1)</span> 
           </head> 
           <div class="co_paragraphText">
            The total contract quantity;
           </div> 
          </div> </li> 
        </ul> 
       </div> 
      </div> 
     </div>
    </div>
   </div>
   <div class="tr_footnote">
    <div class="footnote">
     <sup class="co_footnoteNumber"> <span id="co_footnote_Iba68f761da6711eb8f37d75522c06a48"> <a name="co_footnote_Iba68f761da6711eb8f37d75522c06a48" class="tr_ftn" ftnname="co_fnRef_Iba68f761da6711eb8f37d75522c06a48_N1002F" href="" page="1074"> a0</a> </span> </sup> 
     <div class="co_footnoteBody er_rp_search_volume_content_data"> 
      <div class="footnote_body"> 
       <div class="co_paragraph"> 
        <div class="co_paragraphText">
         Associates.
        </div> 
       </div> 
      </div> 
     </div>
    </div>
   </div>
   <div class="co_page_number">
    1074
   </div>
  </section> 
 </body> 
</html>