<!DOCTYPE html PUBLIC "-//W3C//DTD XHTML 1.1//EN" "http://www.w3.org/TR/xhtml11/DTD/xhtml11.dtd"> 
<html xmlns="http://www.w3.org/1999/xhtml"> 
 <head> 
  <meta http-equiv="content-type" content="text/html; charset=utf-8" /> 
  <meta http-equiv="X-UA-Compatible" content="IE=edge,chrome=1" /> 
  <title>Thomson Reuters eBook</title> 
  <link rel="stylesheet" type="text/css" href="er:#document" /> 
 </head> 
 <body class="co_t2Left"> 
  <section class="co_docDisplay"><?pb label="971"?> 
   <a name="I03014f37829b11e9b500ff79cbddef67"></a> 
   <div id="coid_website_documentWidgetDiv"> 
    <div id="co_document" class="co_document co_commentary co_commentaryEnhancement"> 
     <div> 
      <div class="co_cites">
       1 Bankruptcy Law Fundamentals § 15:92
      </div> 
      <div class="co_contentBlock co_briefItState co_propBlock"> 
       <div class="co_publicationLine"> 
        <div class="co_headtext">
         Bankruptcy Law Fundamentals
        </div> 
        <span class="co_verticalDivider"> | </span> 
        <div class="co_date">
         June 2021 Update
        </div> 
       </div> 
       <div class="co_contentBlock co_briefItState co_authorLine"> 
        <span>Richard I. Aaron</span> 
       </div> 
       <div class="co_headtext">
        Chapter 15. The Work of the Supreme Court
       </div> 
      </div>  
      <div class="co_title"> 
       <div class="co_headtext">
        § 15:92. Plans for individuals with regular income—Conversion from Chapter 7 to Chapter 13 is tempered by good faith: 
        <em>Marrama v. Citizens Bank of Massachusetts</em> 
        <sup id="co_fnRef_Idf1aec30c34711eb9819b48b4c940e6a_N10053"> <a name="co_fnRef_Idf1aec30c34711eb9819b48b4c940e6a_N10053" class="tr_ftn" ftnname="co_footnote_Idf1aec30c34711eb9819b48b4c940e6a" href="#co_footnote_Idf1aec30c34711eb9819b48b4c940e6a" page="971">  1</a> </sup>
        <em>U.S. v. Reorganized CF &amp; I Fabricators of Utah, Inc.</em> 
        <sup id="co_fnRef_Idf1aec30c34711eb9819b48b4c940e6b_N10053"> <a name="co_fnRef_Idf1aec30c34711eb9819b48b4c940e6b_N10053" class="tr_ftn" ftnname="co_footnote_Idf1aec30c34711eb9819b48b4c940e6b" href="#co_footnote_Idf1aec30c34711eb9819b48b4c940e6b" page="971">  2</a> </sup> 
       </div> 
      </div> 
     </div> 
     <div class="co_contentBlock co_briefItState co_section"> 
      <div class="co_paragraph"> 
       <div class="co_paragraphText">
         Any given.
        <sup id="co_fnRef_Idf1aec33c34711eb9819b48b4c940e6a_N10087"> <a name="co_fnRef_Idf1aec33c34711eb9819b48b4c940e6a_N10087" class="tr_ftn" ftnname="co_footnote_Idf1aec33c34711eb9819b48b4c940e6a" href="#co_footnote_Idf1aec33c34711eb9819b48b4c940e6a" page="971">  4</a> </sup> In this case <?pb label="972"?>and prebankruptcy transfers. 
       </div> 
      </div> 
      <div class="co_paragraph"> 
       <div class="co_paragraphText">
        The majority held that a patina of good faith overlayed the debtor's choice of Chapter.
        <sup id="co_fnRef_Idf1aec34c34711eb9819b48b4c940e6a_N1009D"> <a name="co_fnRef_Idf1aec34c34711eb9819b48b4c940e6a_N1009D" class="tr_ftn" ftnname="co_footnote_Idf1aec34c34711eb9819b48b4c940e6a" href="#co_footnote_Idf1aec34c34711eb9819b48b4c940e6a" page="972">  5</a> </sup> Bankruptcy Code § 706(d) 
       </div> 
      </div> 
      <div class="co_paragraph"> 
       <div class="co_paragraphText">
        Justice process.
       </div> 
      </div> 
     </div>    
    </div> 
   </div> 
  </section>
  <section class="tr_footnotes"><?pb label="971"?>
   <div class="section-label">
    [Section 15:92]
   </div>
   <div class="tr_footnote">
    <div class="footnote">
     <sup class="co_footnoteNumber"> <span id="co_footnote_Idf1aec30c34711eb9819b48b4c940e6a"> <a name="co_footnote_Idf1aec30c34711eb9819b48b4c940e6a" class="tr_ftn" ftnname="co_fnRef_Idf1aec30c34711eb9819b48b4c940e6a_N10053" href="" page="971"> 1</a> </span> </sup> 
     <div class="co_footnoteBody er_rp_search_volume_content_data"> 
      <div class="footnote_body"> 
       <div class="co_paragraph"> 
        <div class="co_paragraphText">
          Marrama v. Citizens Bank of Massachusetts 
        </div> 
       </div> 
      </div> 
     </div>
    </div>
   </div>
   <div class="tr_footnote">
    <div class="footnote">
     <sup class="co_footnoteNumber"> <span id="co_footnote_Idf1aec30c34711eb9819b48b4c940e6b"> <a name="co_footnote_Idf1aec30c34711eb9819b48b4c940e6b" class="tr_ftn" ftnname="co_fnRef_Idf1aec30c34711eb9819b48b4c940e6b_N10053" href="" page="971"> 2</a> </span> </sup> 
     <div class="co_footnoteBody er_rp_search_volume_content_data"> 
      <div class="footnote_body"> 
       <div class="co_paragraph"> 
        <div class="co_paragraphText">
          Utah 
        </div> 
       </div> 
      </div> 
     </div>
    </div>
   </div> 
   <div class="tr_footnote">
    <div class="footnote">
     <sup class="co_footnoteNumber"> <span id="co_footnote_Idf1aec33c34711eb9819b48b4c940e6a"> <a name="co_footnote_Idf1aec33c34711eb9819b48b4c940e6a" class="tr_ftn" ftnname="co_fnRef_Idf1aec33c34711eb9819b48b4c940e6a_N10087" href="" page="971"> 4</a> </span> </sup> 
     <div class="co_footnoteBody er_rp_search_volume_content_data"> 
      <div class="footnote_body footnote_body_box"> 
       <div class="co_paragraph"> 
        <div class="co_paragraphText">
          (1978).Some courts have found 
        </div> 
       </div> 
      </div>
      <div class="footnote_body footnote_body_bottom"> 
       <div class="co_paragraph"> 
        <div class="co_paragraphText">
          (1978).
        </div>
       </div>
      </div>
     </div>
    </div>
   </div>
   <div class="co_page_number">
    971
   </div><?pb label="972"?>
   <div>
    <div>
     <div>
      <div>
       <div class="co_paragraph">
        <div class="co_paragraphText">
         Some courts have found 
        </div> 
       </div> 
      </div> 
     </div>
    </div>
   </div> 
   <div class="tr_footnote">
    <div class="footnote">
     <sup class="co_footnoteNumber"> <span id="co_footnote_Idf1aec34c34711eb9819b48b4c940e6a"> <a name="co_footnote_Idf1aec34c34711eb9819b48b4c940e6a" class="tr_ftn" ftnname="co_fnRef_Idf1aec34c34711eb9819b48b4c940e6a_N1009D" href="" page="972"> 5</a> </span> </sup> 
     <div class="co_footnoteBody er_rp_search_volume_content_data"> 
      <div class="footnote_body"> 
       <div class="co_paragraph"> 
        <div class="co_paragraphText">
          Although chapter  
        </div> 
       </div> 
      </div> 
     </div>
    </div>
   </div> 
   <div class="co_page_number">
    972
   </div>
  </section> 
 </body> 
</html>