{
  "N00000000000000000000000000000001" : {
    "main-section" : [ "v1-1", "v1-2" ],
    "footnote-section" : [ "v1-3", "v1-4" ]
  },
  "N00000000000000000000000000000002" : {
    "main-section" : [ "v1-1", "v1-2" ]
  },
  "N00000000000000000000000000000003" : {
    "footnote-section" : [ "v1-3", "v1-4" ]
  }
}