{
  "v1-1" : {
    "main-section" : [ "N00000000000000000000000000000001", "N00000000000000000000000000000002" ]
  },
  "v1-2" : {
    "main-section" : [ "N00000000000000000000000000000001", "N00000000000000000000000000000002" ]
  },
  "v1-3" : {
    "footnote-section" : [ "N00000000000000000000000000000001", "N00000000000000000000000000000003" ]
  },
  "v1-4" : {
    "footnote-section" : [ "N00000000000000000000000000000001", "N00000000000000000000000000000003" ]
  }
}