<!DOCTYPE html PUBLIC "-//W3C//DTD XHTML 1.1//EN" "http://www.w3.org/TR/xhtml11/DTD/xhtml11.dtd"> 
<html xmlns="http://www.w3.org/1999/xhtml"> 
 <head> 
  <meta http-equiv="content-type" content="text/html; charset=utf-8" /> 
  <meta http-equiv="X-UA-Compatible" content="IE=edge,chrome=1" /> 
  <title>Thomson Reuters eBook</title> 
  <link rel="stylesheet" type="text/css" href="er:#document" /> 
 </head> 
 <body class="co_t2Left"> 
  <section class="co_docDisplay"><?pb label="971"?> 
   <a name="I03014f37829b11e9b500ff79cbddef67"></a> 
   <div id="coid_website_documentWidgetDiv"> 
    <div id="co_document" class="co_document co_commentary co_commentaryEnhancement"> 
     <div> 
      <div class="co_cites">
       1 Bankruptcy Law Fundamentals § 15:92
      </div> 
      <div class="co_contentBlock co_briefItState co_propBlock"> 
       <div class="co_publicationLine"> 
        <div class="co_headtext">
         Bankruptcy Law Fundamentals
        </div> 
        <span class="co_verticalDivider"> | </span> 
        <div class="co_date">
         June 2021 Update
        </div> 
       </div> 
       <div class="co_contentBlock co_briefItState co_authorLine"> 
        <span>Ronald W. Eades<sup id="co_fnRef_I1a1095e0768311eb991ebe5242b9d9de_N1002F"> <a name="co_fnRef_I1a1095e0768311eb991ebe5242b9d9de_N1002F" class="tr_ftn" ftnname="co_footnote_I1a1095e0768311eb991ebe5242b9d9de" href="#co_footnote_I1a1095e0768311eb991ebe5242b9d9de" page="971">  a</a> </sup> </span> 
       </div> 
       <div class="co_headtext">
        Chapter 15. The Work of the Supreme Court
       </div> 
       <div class="co_headtext">
        C. Statements against Interests
        <sup id="co_fnRef_Ib53fa440f53911ebbacede1916a3b784_N1004F"> <a name="co_fnRef_Ib53fa440f53911ebbacede1916a3b784_N1004F" class="tr_ftn" ftnname="co_footnote_Ib53fa440f53911ebbacede1916a3b784" href="#co_footnote_Ib53fa440f53911ebbacede1916a3b784" page="971">  8</a> </sup> 
       </div> 
      </div>  
      <div class="co_title"> 
       <div class="co_headtext">
        § 15:92. Plans for individuals with regular income—Conversion from Chapter 7 to Chapter 13 is tempered by good faith: 
        <em>Marrama v. Citizens Bank of Massachusetts</em> 
        <sup id="co_fnRef_Idf1aec30c34711eb9819b48b4c940e6a_N10053"> <a name="co_fnRef_Idf1aec30c34711eb9819b48b4c940e6a_N10053" class="tr_ftn" ftnname="co_footnote_Idf1aec30c34711eb9819b48b4c940e6a" href="#co_footnote_Idf1aec30c34711eb9819b48b4c940e6a" page="971">  1</a> </sup> 
       </div> 
      </div> 
      <div class="co_form"> 
       <div> 
        <span> <em>(Caption as in Author's Form C.1)</em> </span> 
       </div> 
       <div class="co_headtext"> 
        <em>Objection to Plan</em> 
       </div> 
       <div class="co_paragraph"> 
        <div class="co_paragraphText">
         This objection is based upon the following ground(s):
        </div> 
        <div class="co_headtext co_hAlign2">
         2. 
         <sup id="co_fnRef_Idf623b00dad811eb971de3f642f55eef_N1009D"> <a name="co_fnRef_Idf623b00dad811eb971de3f642f55eef_N1009D" class="tr_ftn" ftnname="co_footnote_Idf623b00dad811eb971de3f642f55eef" href="#co_footnote_Idf623b00dad811eb971de3f642f55eef" page="971">  *</a> </sup> 
        </div> 
        <div class="co_paragraph"> 
         <div class="co_paragraphText">
          The plan does not propose to distribute on account.
         </div> 
        </div> 
       </div> 
      </div> 
     </div> 
     <div class="co_contentBlock co_briefItState co_section"> 
      <div class="co_paragraph"> 
       <div class="co_paragraphText">
         Subsection
        <sup id="co_fnRef_Idf1aec31c34711eb9819b48b4c940e6a_N10073"> <a name="co_fnRef_Idf1aec31c34711eb9819b48b4c940e6a_N10073" class="tr_ftn" ftnname="co_footnote_Idf1aec31c34711eb9819b48b4c940e6a" href="#co_footnote_Idf1aec31c34711eb9819b48b4c940e6a" page="971">  2</a> </sup> Any other interested party who asks for conversion of the case is hedged with limitations which “the court may” examine.
        <sup id="co_fnRef_Idf1aec32c34711eb9819b48b4c940e6a_N10079"> <a name="co_fnRef_Idf1aec32c34711eb9819b48b4c940e6a_N10079" class="tr_ftn" ftnname="co_footnote_Idf1aec32c34711eb9819b48b4c940e6a" href="#co_footnote_Idf1aec32c34711eb9819b48b4c940e6a" page="971">  3</a> </sup> The House<?pb label="972"?> and Senate Committee Reports describe the “… one-time absolute right of conversion. …” which the debtor is given. 
       </div> 
      </div> 
     </div>    
    </div> 
   </div> 
  </section>
  <section class="tr_footnotes"><?pb label="971"?>
   <div class="section-label">
    [Section 15:92]
   </div>
   <div class="tr_footnote">
    <div class="footnote">
     <sup class="co_footnoteNumber"> <span id="co_footnote_I1a1095e0768311eb991ebe5242b9d9de"> <a name="co_footnote_I1a1095e0768311eb991ebe5242b9d9de" class="tr_ftn" ftnname="co_fnRef_I1a1095e0768311eb991ebe5242b9d9de_N1002F" href="" page="971"> a</a> </span> </sup> 
     <div class="co_footnoteBody er_rp_search_volume_content_data"> 
      <div class="footnote_body"> 
       <div class="co_paragraph"> 
        <div class="co_paragraphText">
         Professor of Law, University of Louisville. 
        </div> 
       </div> 
      </div> 
     </div>
    </div>
   </div>
   <div class="tr_footnote">
    <div class="footnote">
     <sup class="co_footnoteNumber"> <span id="co_footnote_Ib53fa440f53911ebbacede1916a3b784"> <a name="co_footnote_Ib53fa440f53911ebbacede1916a3b784" class="tr_ftn" ftnname="co_fnRef_Ib53fa440f53911ebbacede1916a3b784_N1004F" href="" page="971"> 8</a> </span> </sup> 
     <div class="co_footnoteBody er_rp_search_volume_content_data"> 
      <div class="footnote_body"> 
       <div class="co_paragraph"> 
        <div class="co_paragraphText">
          Many Alabama cases 
        </div> 
       </div> 
      </div> 
     </div>
    </div>
   </div>
   <div class="tr_footnote">
    <div class="footnote">
     <sup class="co_footnoteNumber"> <span id="co_footnote_Idf1aec30c34711eb9819b48b4c940e6a"> <a name="co_footnote_Idf1aec30c34711eb9819b48b4c940e6a" class="tr_ftn" ftnname="co_fnRef_Idf1aec30c34711eb9819b48b4c940e6a_N10053" href="" page="971"> 1</a> </span> </sup> 
     <div class="co_footnoteBody er_rp_search_volume_content_data"> 
      <div class="footnote_body"> 
       <div class="co_paragraph"> 
        <div class="co_paragraphText">
          Marrama v. Citizens 
        </div> 
       </div> 
      </div> 
     </div>
    </div>
   </div> 
   <div class="tr_footnote">
    <div class="footnote">
     <sup class="co_footnoteNumber"> <span id="co_footnote_Idf623b00dad811eb971de3f642f55eef"> <a name="co_footnote_Idf623b00dad811eb971de3f642f55eef" class="tr_ftn" ftnname="co_fnRef_Idf623b00dad811eb971de3f642f55eef_N1009D" href="" page="971"> *</a> </span> </sup> 
     <div class="co_footnoteBody er_rp_search_volume_content_data"> 
      <div class="footnote_body"> 
       <div class="co_paragraph"> 
        <div class="co_paragraphText"> 
         <strong>Paragraph 2 is appropriate for unsecured claims. </strong> 
        </div> 
       </div> 
      </div> 
     </div>
    </div>
   </div> 
   <div class="tr_footnote">
    <div class="footnote">
     <sup class="co_footnoteNumber"> <span id="co_footnote_Idf1aec31c34711eb9819b48b4c940e6a"> <a name="co_footnote_Idf1aec31c34711eb9819b48b4c940e6a" class="tr_ftn" ftnname="co_fnRef_Idf1aec31c34711eb9819b48b4c940e6a_N10073" href="" page="971"> 2</a> </span> </sup> 
     <div class="co_footnoteBody er_rp_search_volume_content_data"> 
      <div class="footnote_body"> 
       <div class="co_paragraph"> 
        <div class="co_paragraphText">
          Similar language enables the debtor to convert to Chapter 7 from Chapters 11, Chapter 12, or Chapter 13. 11 U.S.C.A. 
        </div> 
       </div> 
      </div> 
     </div>
    </div>
   </div> 
   <div class="tr_footnote">
    <div class="footnote">
     <sup class="co_footnoteNumber"> <span id="co_footnote_Idf1aec32c34711eb9819b48b4c940e6a"> <a name="co_footnote_Idf1aec32c34711eb9819b48b4c940e6a" class="tr_ftn" ftnname="co_fnRef_Idf1aec32c34711eb9819b48b4c940e6a_N10079" href="" page="971"> 3</a> </span> </sup> 
     <div class="co_footnoteBody er_rp_search_volume_content_data"> 
      <div class="footnote_body footnote_body_box"> 
       <div class="co_paragraph"> 
        <div class="co_paragraphText">
          11 U.S.C.A. and 1307(c).  
        </div> 
       </div> 
      </div>
      <div class="footnote_body footnote_body_bottom"> 
       <div class="co_paragraph"> 
        <div class="co_paragraphText">
          11 U.S.C.A.
        </div>
       </div>
      </div>
     </div>
    </div>
   </div>
   <div class="co_page_number">
    971
   </div><?pb label="972"?>
   <div>
    <div>
     <div>
      <div>
       <div class="co_paragraph">
        <div class="co_paragraphText">
          and 1307(c).  
        </div> 
       </div> 
      </div> 
     </div>
    </div>
   </div> 
   <div class="co_page_number">
    972
   </div>
  </section> 
 </body> 
</html>