<thesaurus>
 <entry>
  <lead>
   IPY
  </lead>
  <count>
   2
  </count>
 </entry>
 <entry>
  <lead>
   IPY.V
  </lead>
  <count>
   2
  </count>
 </entry>
 <entry>
  <lead>
   IPY.V.1
  </lead>
  <count>
   1
  </count>
 </entry>
 <entry>
  <lead>
   IPY.V.2
  </lead>
  <count>
   1
  </count>
 </entry>
</thesaurus>