<title apiversion="v1" titleversion="v1.0" id="uscl/an/test" lastupdated="20200710" language="eng" status="Review" onlineexpiration="29991231"><features><feature name="Print"/><feature name="OnePassSSO" value="www.westlaw.com"/><feature name="OnePassSSO" value="next.westlaw.com"/></features><material/><artwork src="coverArt.png" type="cover"/><assets><asset id="document" src="document.css"/><asset id="ebook_generator" src="ebook_generator.css"/><asset id="gatherImageStatic" src="gatherImageStatic.png"/></assets><name>Book Name (eBook 1 of 2)</name><authors><author>.</author></authors><keywords/><toc><titlebreak>eBook 1 of 2</titlebreak><entry s="cw/eg/nvtest_016_en#Ibbbc8690dd3411e4a292ee0259bc6aa4/If7826b21dd2711e4ab648632124ba530"><text>Pub notes</text></entry><titlebreak>eBook 2 of 2</titlebreak><entry s="cw/eg/nvtest_016_en_pt2#Ibbbc8690dd3411e4a292ee0259bc6aa5/If7826b21dd2711e4ab648632124ba531"><text>&#167;  3:3. Existing Definitions</text></entry></toc><docs><doc id="Ibbbc8690dd3411e4a292ee0259bc6aa4" src="If7826b22dd2711e4ab648632124ba530.html"/></docs><isbn>045927693X</isbn></title>