<mapping>
 <doc oldid="old_document_id" newids="docId"></doc>
</mapping>